<html>
<body>
<pre>
<h1>µVision Build Log</h1>
<h2>Tool Versions:</h2>
IDE-Version: ¦ÌVision V5.14.0.0
Copyright (C) 2015 ARM Ltd and ARM Germany GmbH. All rights reserved.
License Information: 555 lenovo, 555, LIC=50D12-9W66F-HQS0I-TZJ6Y-QD6A8-2RKFQ
 
Tool Versions:
Toolchain:       MDK-ARM Professional  Version: 5.14.0.0
Toolchain Path:  E:\Keil ARM\ARM\ARMCC\Bin
C Compiler:      Armcc.exe V5.05 update 1 (build 106)
Assembler:       Armasm.exe V5.05 update 1 (build 106)
Linker/Locator:  ArmLink.exe V5.05 update 1 (build 106)
Library Manager: ArmAr.exe V5.05 update 1 (build 106)
Hex Converter:   FromElf.exe V5.05 update 1 (build 106)
CPU DLL:         SARMCM3.DLL V5.14.0.0
Dialog DLL:      DCM.DLL V1.13.1.0
Target DLL:      STLink\ST-LINKIII-KEIL_SWO.dll V2.0.14.0_KEIL
Dialog DLL:      TCM.DLL V1.14.4.0
 
<h2>Project:</h2>
F:\Github base\Sentry\YX_down\MDK-ARM\YX_down.uvprojx
Project File Date:  11/01/2023

<h2>Output:</h2>
Build target 'YX_down'
compiling drv_can.c...
../User/DriverLayer/drv_can.h(13): warning:  #1-D: last line of file ends without a newline
  #endif
../Drivers/CMSIS/Device/ST/STM32F4xx/Include/stm32f407xx.h(51): warning:  #47-D: incompatible redefinition of macro "__FPU_PRESENT"
  #define __FPU_PRESENT             1U       /*!< FPU present                                   */
../Drivers/CMSIS/Include/core_cm4.h(79): warning:  #47-D: incompatible redefinition of macro "__FPU_USED"
        #define __FPU_USED       1U
../User/DriverLayer/drv_usart.h(17): warning:  #1-D: last line of file ends without a newline
  #endif
../User/PotocaLayer/judge.h(280): warning:  #1-D: last line of file ends without a newline
  #endif
..\User\DriverLayer\drv_can.h(13): warning:  #1-D: last line of file ends without a newline
  #endif
../User/PotocaLayer/rc_potocal.h(55): warning:  #1-D: last line of file ends without a newline
  #endif
..\User\DriverLayer\drv_can.c(119): warning:  #1-D: last line of file ends without a newline
  }
..\User\DriverLayer\drv_can.c: 8 warnings, 0 errors
linking...
Program Size: Code=35680 RO-data=1720 RW-data=512 ZI-data=20648  
FromELF: creating hex file...
"YX_down\YX_down.axf" - 0 Error(s), 8 Warning(s).

<h2>Software Packages used:</h2>

Package Vendor: ARM
                http://www.keil.com/pack/ARM.CMSIS.4.2.0.pack
                ARM::CMSIS:CORE:3.40.0
                CMSIS (Cortex Microcontroller Software Interface Standard)
   * Component: CORE Version: 3.40.0

<h2>Collection of Component include folders:</h2>
  F:\Github base\Sentry\YX_down\MDK-ARM\RTE
  E:\Keil ARM\ARM\PACK\ARM\CMSIS\4.2.0\CMSIS\Include
  E:\Keil ARM\ARM\PACK\Keil\STM32F4xx_DFP\2.14.0

<h2>Collection of Component Files used:</h2>

   * Component: ARM::CMSIS:CORE:3.40.0
      Source file:   CMSIS\UserCodeTemplates\ARM\ITM_Retarget.c
</pre>
</body>
</html>
