<html>
<body>
<pre>
<h1>µVision Build Log</h1>
<h2>Tool Versions:</h2>
IDE-Version: ¦ÌVision V5.38.0.0
Copyright (C) 2022 ARM Ltd and ARM Germany GmbH. All rights reserved.
License Information: 1 LuoYaqi, 1, LIC=TIVNB-2SM7B-PC4J8-3PHQG-ZAPNR-JLDXV
 
Tool Versions:
Toolchain:       MDK-ARM Plus  Version: 5.38.0.0
Toolchain Path:  D:\Software\KeilMDK538\KeilMDK538\ARM\AC5\Bin
C Compiler:      Armcc.exe V5.06 update 7 (build 960)
Assembler:       Armasm.exe V5.06 update 7 (build 960)
Linker/Locator:  ArmLink.exe V5.06 update 7 (build 960)
Library Manager: ArmAr.exe V5.06 update 7 (build 960)
Hex Converter:   FromElf.exe V5.06 update 7 (build 960)
CPU DLL:         SARMCM3.DLL V5.38.0.0
Dialog DLL:      DCM.DLL V1.17.5.0
Target DLL:      CMSIS_AGDI.dll V1.33.15.0
Dialog DLL:      TCM.DLL V1.56.4.0
 
<h2>Project:</h2>
D:\Project\RM\Sentry\YX_down\MDK-ARM\YX_down.uvprojx
Project File Date:  01/13/2024

<h2>Output:</h2>
*** Using Compiler 'V5.06 update 7 (build 960)', folder: 'D:\Software\KeilMDK538\KeilMDK538\ARM\AC5\Bin'
Rebuild target 'YX_down'
assembling startup_stm32f407xx.s...
compiling stm32f4xx_hal_flash.c...
compiling stm32f4xx_hal_rcc_ex.c...
compiling spi.c...
compiling stm32f4xx_hal_flash_ramfunc.c...
compiling i2c.c...
compiling stm32f4xx_hal_flash_ex.c...
compiling can.c...
compiling stm32f4xx_hal_timebase_tim.c...
compiling stm32f4xx_hal_pwr_ex.c...
compiling dma.c...
compiling usart.c...
compiling stm32f4xx_hal_dma.c...
compiling croutine.c...
compiling stm32f4xx_hal_pwr.c...
compiling gpio.c...
compiling stm32f4xx_hal_gpio.c...
compiling stm32f4xx_hal_rcc.c...
compiling event_groups.c...
compiling stm32f4xx_hal_dma_ex.c...
compiling stm32f4xx_hal_msp.c...
compiling list.c...
compiling timers.c...
compiling tim.c...
compiling heap_4.c...
compiling stream_buffer.c...
compiling queue.c...
compiling stm32f4xx_hal_can.c...
compiling stm32f4xx_it.c...
compiling port.c...
compiling tasks.c...
compiling cmsis_os.c...
compiling freertos.c...
compiling main.c...
compiling stm32f4xx_hal_cortex.c...
compiling system_stm32f4xx.c...
compiling stm32f4xx_hal_exti.c...
compiling stm32f4xx_hal.c...
compiling bsp_rc.c...
compiling bsp_imu_pwm.c...
compiling stm32f4xx_hal_i2c_ex.c...
compiling bsp_delay.c...
compiling pid.c...
compiling motor.c...
compiling bsp_spi.c...
compiling BMI088driver.c...
compiling stm32f4xx_hal_uart.c...
compiling stm32f4xx_hal_spi.c...
compiling stm32f4xx_hal_tim_ex.c...
compiling drv_can.c...
compiling rc_potocal.c...
compiling Chassis_task.c...
compiling judge.c...
compiling INS_task.c...
compiling drv_usart.c...
compiling stm32f4xx_hal_i2c.c...
compiling stm32f4xx_hal_tim.c...
compiling BMI088Middleware.c...
compiling pid_imu.c...
compiling CRC.c...
linking...
Program Size: Code=35256 RO-data=1664 RW-data=524 ZI-data=20772  
FromELF: creating hex file...
"YX_down\YX_down.axf" - 0 Error(s), 0 Warning(s).

<h2>Software Packages used:</h2>

Package Vendor: Keil
                https://www.keil.com/pack/Keil.STM32F4xx_DFP.2.17.1.pack
                Keil.STM32F4xx_DFP.2.17.1
                STMicroelectronics STM32F4 Series Device Support, Drivers and Examples

<h2>Collection of Component include folders:</h2>
  D:/Software/KeilMDK538/KeilMDK538/ARM/Pack/Keil/STM32F4xx_DFP/2.17.1/Drivers/CMSIS/Device/ST/STM32F4xx/Include

<h2>Collection of Component Files used:</h2>
Build Time Elapsed:  00:00:06
</pre>
</body>
</html>
