Component: ARM Compiler 5.06 update 7 (build 960) Tool: armlink [4d3601]

==============================================================================

Section Cross References

    startup_stm32f407xx.o(STACK) refers (Special) to heapauxi.o(.text) for __use_two_region_memory
    startup_stm32f407xx.o(HEAP) refers (Special) to heapauxi.o(.text) for __use_two_region_memory
    startup_stm32f407xx.o(RESET) refers (Special) to heapauxi.o(.text) for __use_two_region_memory
    startup_stm32f407xx.o(RESET) refers to startup_stm32f407xx.o(STACK) for __initial_sp
    startup_stm32f407xx.o(RESET) refers to startup_stm32f407xx.o(.text) for Reset_Handler
    startup_stm32f407xx.o(RESET) refers to stm32f4xx_it.o(i.NMI_Handler) for NMI_Handler
    startup_stm32f407xx.o(RESET) refers to stm32f4xx_it.o(i.HardFault_Handler) for HardFault_Handler
    startup_stm32f407xx.o(RESET) refers to stm32f4xx_it.o(i.MemManage_Handler) for MemManage_Handler
    startup_stm32f407xx.o(RESET) refers to stm32f4xx_it.o(i.BusFault_Handler) for BusFault_Handler
    startup_stm32f407xx.o(RESET) refers to stm32f4xx_it.o(i.UsageFault_Handler) for UsageFault_Handler
    startup_stm32f407xx.o(RESET) refers to port.o(.emb_text) for SVC_Handler
    startup_stm32f407xx.o(RESET) refers to stm32f4xx_it.o(i.DebugMon_Handler) for DebugMon_Handler
    startup_stm32f407xx.o(RESET) refers to port.o(i.SysTick_Handler) for SysTick_Handler
    startup_stm32f407xx.o(RESET) refers to stm32f4xx_it.o(i.EXTI0_IRQHandler) for EXTI0_IRQHandler
    startup_stm32f407xx.o(RESET) refers to stm32f4xx_it.o(i.EXTI4_IRQHandler) for EXTI4_IRQHandler
    startup_stm32f407xx.o(RESET) refers to stm32f4xx_it.o(i.DMA1_Stream1_IRQHandler) for DMA1_Stream1_IRQHandler
    startup_stm32f407xx.o(RESET) refers to stm32f4xx_it.o(i.DMA1_Stream3_IRQHandler) for DMA1_Stream3_IRQHandler
    startup_stm32f407xx.o(RESET) refers to stm32f4xx_it.o(i.CAN1_TX_IRQHandler) for CAN1_TX_IRQHandler
    startup_stm32f407xx.o(RESET) refers to stm32f4xx_it.o(i.CAN1_RX0_IRQHandler) for CAN1_RX0_IRQHandler
    startup_stm32f407xx.o(RESET) refers to stm32f4xx_it.o(i.CAN1_RX1_IRQHandler) for CAN1_RX1_IRQHandler
    startup_stm32f407xx.o(RESET) refers to stm32f4xx_it.o(i.EXTI9_5_IRQHandler) for EXTI9_5_IRQHandler
    startup_stm32f407xx.o(RESET) refers to stm32f4xx_it.o(i.TIM3_IRQHandler) for TIM3_IRQHandler
    startup_stm32f407xx.o(RESET) refers to stm32f4xx_it.o(i.SPI1_IRQHandler) for SPI1_IRQHandler
    startup_stm32f407xx.o(RESET) refers to stm32f4xx_it.o(i.USART1_IRQHandler) for USART1_IRQHandler
    startup_stm32f407xx.o(RESET) refers to stm32f4xx_it.o(i.USART3_IRQHandler) for USART3_IRQHandler
    startup_stm32f407xx.o(RESET) refers to stm32f4xx_it.o(i.DMA2_Stream1_IRQHandler) for DMA2_Stream1_IRQHandler
    startup_stm32f407xx.o(RESET) refers to stm32f4xx_it.o(i.DMA2_Stream2_IRQHandler) for DMA2_Stream2_IRQHandler
    startup_stm32f407xx.o(RESET) refers to stm32f4xx_it.o(i.DMA2_Stream3_IRQHandler) for DMA2_Stream3_IRQHandler
    startup_stm32f407xx.o(RESET) refers to stm32f4xx_it.o(i.CAN2_TX_IRQHandler) for CAN2_TX_IRQHandler
    startup_stm32f407xx.o(RESET) refers to stm32f4xx_it.o(i.CAN2_RX0_IRQHandler) for CAN2_RX0_IRQHandler
    startup_stm32f407xx.o(RESET) refers to stm32f4xx_it.o(i.DMA2_Stream5_IRQHandler) for DMA2_Stream5_IRQHandler
    startup_stm32f407xx.o(RESET) refers to stm32f4xx_it.o(i.DMA2_Stream6_IRQHandler) for DMA2_Stream6_IRQHandler
    startup_stm32f407xx.o(RESET) refers to stm32f4xx_it.o(i.DMA2_Stream7_IRQHandler) for DMA2_Stream7_IRQHandler
    startup_stm32f407xx.o(RESET) refers to stm32f4xx_it.o(i.USART6_IRQHandler) for USART6_IRQHandler
    startup_stm32f407xx.o(.text) refers (Special) to heapauxi.o(.text) for __use_two_region_memory
    startup_stm32f407xx.o(.text) refers to system_stm32f4xx.o(i.SystemInit) for SystemInit
    startup_stm32f407xx.o(.text) refers to __main.o(!!!main) for __main
    startup_stm32f407xx.o(.text) refers to startup_stm32f407xx.o(HEAP) for Heap_Mem
    startup_stm32f407xx.o(.text) refers to startup_stm32f407xx.o(STACK) for Stack_Mem
    main.o(i.HAL_TIM_PeriodElapsedCallback) refers to stm32f4xx_hal.o(i.HAL_IncTick) for HAL_IncTick
    main.o(i.SystemClock_Config) refers to rt_memclr_w.o(.text) for __aeabi_memclr4
    main.o(i.SystemClock_Config) refers to stm32f4xx_hal_rcc.o(i.HAL_RCC_OscConfig) for HAL_RCC_OscConfig
    main.o(i.SystemClock_Config) refers to stm32f4xx_hal_rcc.o(i.HAL_RCC_ClockConfig) for HAL_RCC_ClockConfig
    main.o(i.main) refers to stm32f4xx_hal.o(i.HAL_Init) for HAL_Init
    main.o(i.main) refers to main.o(i.SystemClock_Config) for SystemClock_Config
    main.o(i.main) refers to gpio.o(i.MX_GPIO_Init) for MX_GPIO_Init
    main.o(i.main) refers to dma.o(i.MX_DMA_Init) for MX_DMA_Init
    main.o(i.main) refers to can.o(i.MX_CAN2_Init) for MX_CAN2_Init
    main.o(i.main) refers to can.o(i.MX_CAN1_Init) for MX_CAN1_Init
    main.o(i.main) refers to spi.o(i.MX_SPI1_Init) for MX_SPI1_Init
[...]
    HAL_NVIC_SetPriorityGrouping             0x08002315   Thumb Code    26  stm32f4xx_hal_cortex.o(i.HAL_NVIC_SetPriorityGrouping)
    HAL_RCC_ClockConfig                      0x08002339   Thumb Code   288  stm32f4xx_hal_rcc.o(i.HAL_RCC_ClockConfig)
    HAL_RCC_GetClockConfig                   0x0800246d   Thumb Code    54  stm32f4xx_hal_rcc.o(i.HAL_RCC_GetClockConfig)
    HAL_RCC_GetPCLK1Freq                     0x080024ad   Thumb Code    20  stm32f4xx_hal_rcc.o(i.HAL_RCC_GetPCLK1Freq)
    HAL_RCC_GetPCLK2Freq                     0x080024cd   Thumb Code    20  stm32f4xx_hal_rcc.o(i.HAL_RCC_GetPCLK2Freq)
    HAL_RCC_GetSysClockFreq                  0x080024ed   Thumb Code    88  stm32f4xx_hal_rcc.o(i.HAL_RCC_GetSysClockFreq)
    HAL_RCC_OscConfig                        0x08002551   Thumb Code   856  stm32f4xx_hal_rcc.o(i.HAL_RCC_OscConfig)
    HAL_SPI_ErrorCallback                    0x080028bd   Thumb Code     2  stm32f4xx_hal_spi.o(i.HAL_SPI_ErrorCallback)
    HAL_SPI_IRQHandler                       0x080028c1   Thumb Code   246  stm32f4xx_hal_spi.o(i.HAL_SPI_IRQHandler)
    HAL_SPI_Init                             0x080029bd   Thumb Code   188  stm32f4xx_hal_spi.o(i.HAL_SPI_Init)
    HAL_SPI_MspInit                          0x08002a79   Thumb Code   242  spi.o(i.HAL_SPI_MspInit)
    HAL_SPI_TransmitReceive                  0x08002b85   Thumb Code   482  stm32f4xx_hal_spi.o(i.HAL_SPI_TransmitReceive)
    HAL_TIMEx_BreakCallback                  0x08002d67   Thumb Code     2  stm32f4xx_hal_tim_ex.o(i.HAL_TIMEx_BreakCallback)
    HAL_TIMEx_CommutCallback                 0x08002d69   Thumb Code     2  stm32f4xx_hal_tim_ex.o(i.HAL_TIMEx_CommutCallback)
    HAL_TIM_Base_Init                        0x08002d6b   Thumb Code    90  stm32f4xx_hal_tim.o(i.HAL_TIM_Base_Init)
    HAL_TIM_Base_MspInit                     0x08002dc5   Thumb Code    30  tim.o(i.HAL_TIM_Base_MspInit)
    HAL_TIM_Base_Start_IT                    0x08002ded   Thumb Code   100  stm32f4xx_hal_tim.o(i.HAL_TIM_Base_Start_IT)
    HAL_TIM_IC_CaptureCallback               0x08002e6d   Thumb Code     2  stm32f4xx_hal_tim.o(i.HAL_TIM_IC_CaptureCallback)
    HAL_TIM_IRQHandler                       0x08002e6f   Thumb Code   358  stm32f4xx_hal_tim.o(i.HAL_TIM_IRQHandler)
    HAL_TIM_MspPostInit                      0x08002fd5   Thumb Code    70  tim.o(i.HAL_TIM_MspPostInit)
    HAL_TIM_OC_DelayElapsedCallback          0x08003029   Thumb Code     2  stm32f4xx_hal_tim.o(i.HAL_TIM_OC_DelayElapsedCallback)
    HAL_TIM_PWM_ConfigChannel                0x0800302b   Thumb Code   204  stm32f4xx_hal_tim.o(i.HAL_TIM_PWM_ConfigChannel)
    HAL_TIM_PWM_Init                         0x080030f7   Thumb Code    90  stm32f4xx_hal_tim.o(i.HAL_TIM_PWM_Init)
    HAL_TIM_PWM_MspInit                      0x08003151   Thumb Code     2  stm32f4xx_hal_tim.o(i.HAL_TIM_PWM_MspInit)
    HAL_TIM_PWM_PulseFinishedCallback        0x08003153   Thumb Code     2  stm32f4xx_hal_tim.o(i.HAL_TIM_PWM_PulseFinishedCallback)
    HAL_TIM_PWM_Start                        0x08003155   Thumb Code   172  stm32f4xx_hal_tim.o(i.HAL_TIM_PWM_Start)
    HAL_TIM_PeriodElapsedCallback            0x0800321d   Thumb Code    14  main.o(i.HAL_TIM_PeriodElapsedCallback)
    HAL_TIM_TriggerCallback                  0x08003231   Thumb Code     2  stm32f4xx_hal_tim.o(i.HAL_TIM_TriggerCallback)
    HAL_UARTEx_RxEventCallback               0x08003233   Thumb Code     2  stm32f4xx_hal_uart.o(i.HAL_UARTEx_RxEventCallback)
    HAL_UART_DMAStop                         0x08003235   Thumb Code   112  stm32f4xx_hal_uart.o(i.HAL_UART_DMAStop)
    HAL_UART_ErrorCallback                   0x080032a5   Thumb Code     2  stm32f4xx_hal_uart.o(i.HAL_UART_ErrorCallback)
    HAL_UART_IRQHandler                      0x080032a9   Thumb Code   610  stm32f4xx_hal_uart.o(i.HAL_UART_IRQHandler)
    HAL_UART_Init                            0x08003511   Thumb Code    98  stm32f4xx_hal_uart.o(i.HAL_UART_Init)
    HAL_UART_MspInit                         0x08003575   Thumb Code   678  usart.o(i.HAL_UART_MspInit)
    HAL_UART_Receive_DMA                     0x0800384d   Thumb Code    42  stm32f4xx_hal_uart.o(i.HAL_UART_Receive_DMA)
    HAL_UART_RxCpltCallback                  0x08003879   Thumb Code    82  communication.o(i.HAL_UART_RxCpltCallback)
    HAL_UART_RxHalfCpltCallback              0x080038e1   Thumb Code     2  stm32f4xx_hal_uart.o(i.HAL_UART_RxHalfCpltCallback)
    HAL_UART_TxCpltCallback                  0x080038e3   Thumb Code     2  stm32f4xx_hal_uart.o(i.HAL_UART_TxCpltCallback)
    HardFault_Handler                        0x080038e5   Thumb Code     2  stm32f4xx_it.o(i.HardFault_Handler)
    INS_gyrooffset_calculate                 0x080038e9   Thumb Code   168  ins_task.o(i.INS_gyrooffset_calculate)
    INS_task                                 0x0800399d   Thumb Code   476  ins_task.o(i.INS_task)
    JUDGE_Receive                            0x08003b9d   Thumb Code   416  judge.o(i.JUDGE_Receive)
    MX_CAN1_Init                             0x08003d41   Thumb Code    60  can.o(i.MX_CAN1_Init)
    MX_CAN2_Init                             0x08003d85   Thumb Code    60  can.o(i.MX_CAN2_Init)
    MX_DMA_Init                              0x08003dc9   Thumb Code   168  dma.o(i.MX_DMA_Init)
    MX_FREERTOS_Init                         0x08003e75   Thumb Code    96  freertos.o(i.MX_FREERTOS_Init)
    MX_GPIO_Init                             0x08003edd   Thumb Code   370  gpio.o(i.MX_GPIO_Init)
    MX_I2C3_Init                             0x08004069   Thumb Code    50  i2c.o(i.MX_I2C3_Init)
    MX_SPI1_Init                             0x080040a9   Thumb Code    64  spi.o(i.MX_SPI1_Init)
    MX_TIM10_Init                            0x080040f1   Thumb Code    92  tim.o(i.MX_TIM10_Init)
    MX_USART1_UART_Init                      0x08004155   Thumb Code    48  usart.o(i.MX_USART1_UART_Init)
    MX_USART3_UART_Init                      0x0800418d   Thumb Code    46  usart.o(i.MX_USART3_UART_Init)
    MX_USART6_UART_Init                      0x080041c9   Thumb Code    48  usart.o(i.MX_USART6_UART_Init)
    MahonyAHRSupdateIMU                      0x08004201   Thumb Code   466  ins_task.o(i.MahonyAHRSupdateIMU)
    MemManage_Handler                        0x080043e5   Thumb Code     2  stm32f4xx_it.o(i.MemManage_Handler)
    NMI_Handler                              0x080043e7   Thumb Code     2  stm32f4xx_it.o(i.NMI_Handler)
    PID_calc                                 0x080043e9   Thumb Code   292  pid.o(i.PID_calc)
    PID_init                                 0x08004511   Thumb Code    88  pid.o(i.PID_init)
    SPI1_DMA_enable                          0x0800456d   Thumb Code   196  bsp_spi.o(i.SPI1_DMA_enable)
    SPI1_DMA_init                            0x08004641   Thumb Code   216  bsp_spi.o(i.SPI1_DMA_init)
    SPI1_IRQHandler                          0x08004731   Thumb Code     6  stm32f4xx_it.o(i.SPI1_IRQHandler)
    StartDefaultTask                         0x0800485d   Thumb Code     8  freertos.o(i.StartDefaultTask)
    SysTick_Handler                          0x08004865   Thumb Code    38  port.o(i.SysTick_Handler)
    SystemClock_Config                       0x08004891   Thumb Code   140  main.o(i.SystemClock_Config)
    SystemInit                               0x08004925   Thumb Code    12  system_stm32f4xx.o(i.SystemInit)
    TIM3_IRQHandler                          0x08004935   Thumb Code     6  stm32f4xx_it.o(i.TIM3_IRQHandler)
    TIM_Base_SetConfig                       0x08004941   Thumb Code   156  stm32f4xx_hal_tim.o(i.TIM_Base_SetConfig)
    TIM_CCxChannelCmd                        0x08004a09   Thumb Code    26  stm32f4xx_hal_tim.o(i.TIM_CCxChannelCmd)
    TIM_OC2_SetConfig                        0x08004a85   Thumb Code    98  stm32f4xx_hal_tim.o(i.TIM_OC2_SetConfig)
    UART_Start_Receive_DMA                   0x08004ed5   Thumb Code   134  stm32f4xx_hal_uart.o(i.UART_Start_Receive_DMA)
    USART1_IRQHandler                        0x08004f69   Thumb Code    18  stm32f4xx_it.o(i.USART1_IRQHandler)
    USART3_IRQHandler                        0x08004f81   Thumb Code    18  stm32f4xx_it.o(i.USART3_IRQHandler)
    USART3_Init                              0x08004f99   Thumb Code    52  drv_usart.o(i.USART3_Init)
    USART3_rxDataHandler                     0x08004fd5   Thumb Code   392  rc_potocal.o(i.USART3_rxDataHandler)
    USART6_IRQHandler                        0x08005165   Thumb Code    18  stm32f4xx_it.o(i.USART6_IRQHandler)
    USER_DMA2_Stream2_IRQHandler             0x0800517d   Thumb Code   142  ins_task.o(i.USER_DMA2_Stream2_IRQHandler)
    UsageFault_Handler                       0x080052c5   Thumb Code     2  stm32f4xx_it.o(i.UsageFault_Handler)
    Verify_CRC16_Check_Sum                   0x080052c9   Thumb Code    54  crc.o(i.Verify_CRC16_Check_Sum)
    Verify_CRC8_Check_Sum                    0x08005305   Thumb Code    38  crc.o(i.Verify_CRC8_Check_Sum)
    Yaw_Diff                                 0x0800532d   Thumb Code    44  chassis.o(i.Yaw_Diff)
    __ARM_fpclassify                         0x08005371   Thumb Code    48  fpclassify.o(i.__ARM_fpclassify)
    __ARM_fpclassifyf                        0x080053a1   Thumb Code    38  fpclassifyf.o(i.__ARM_fpclassifyf)
    __hardfp_asinf                           0x080053e9   Thumb Code   258  asinf.o(i.__hardfp_asinf)
    __hardfp_atan                            0x08005519   Thumb Code   622  atan.o(i.__hardfp_atan)
    __hardfp_atan2f                          0x080057f1   Thumb Code   594  atan2f.o(i.__hardfp_atan2f)
    __hardfp_cos                             0x08005aa1   Thumb Code   180  cos.o(i.__hardfp_cos)
    __hardfp_pow                             0x08005b69   Thumb Code  3072  pow.o(i.__hardfp_pow)
    __hardfp_sin                             0x080067b9   Thumb Code   180  sin.o(i.__hardfp_sin)
    __hardfp_sqrt                            0x08006881   Thumb Code   122  sqrt.o(i.__hardfp_sqrt)
    __ieee754_rem_pio2                       0x08006901   Thumb Code   938  rred.o(i.__ieee754_rem_pio2)
    __kernel_cos                             0x08006d39   Thumb Code   322  cos_i.o(i.__kernel_cos)
    __kernel_poly                            0x08006ea9   Thumb Code   248  poly.o(i.__kernel_poly)
    __kernel_sin                             0x08006fa1   Thumb Code   280  sin_i.o(i.__kernel_sin)
    __mathlib_dbl_divzero                    0x080070d1   Thumb Code    28  dunder.o(i.__mathlib_dbl_divzero)
    __mathlib_dbl_infnan                     0x08007101   Thumb Code    20  dunder.o(i.__mathlib_dbl_infnan)
    __mathlib_dbl_infnan2                    0x08007115   Thumb Code    20  dunder.o(i.__mathlib_dbl_infnan2)
    __mathlib_dbl_invalid                    0x08007129   Thumb Code    24  dunder.o(i.__mathlib_dbl_invalid)
    __mathlib_dbl_overflow                   0x08007149   Thumb Code    24  dunder.o(i.__mathlib_dbl_overflow)
    __mathlib_dbl_underflow                  0x08007169   Thumb Code    24  dunder.o(i.__mathlib_dbl_underflow)
    __mathlib_flt_infnan                     0x08007189   Thumb Code     6  funder.o(i.__mathlib_flt_infnan)
    __mathlib_flt_infnan2                    0x0800718f   Thumb Code     6  funder.o(i.__mathlib_flt_infnan2)
    __mathlib_flt_invalid                    0x08007195   Thumb Code    10  funder.o(i.__mathlib_flt_invalid)
    __mathlib_flt_underflow                  0x080071a5   Thumb Code    10  funder.o(i.__mathlib_flt_underflow)
    bmi088_accel_init                        0x080071b5   Thumb Code   292  bmi088driver.o(i.bmi088_accel_init)
    bmi088_accel_self_test                   0x080072dd   Thumb Code   714  bmi088driver.o(i.bmi088_accel_self_test)
    bmi088_gyro_init                         0x080075b1   Thumb Code   214  bmi088driver.o(i.bmi088_gyro_init)
    bmi088_gyro_self_test                    0x0800768d   Thumb Code   202  bmi088driver.o(i.bmi088_gyro_self_test)
    can_cmd_send_3508                        0x08007759   Thumb Code    62  user_can.o(i.can_cmd_send_3508)
    can_cmd_send_6020                        0x080077a5   Thumb Code    64  user_can.o(i.can_cmd_send_6020)
    can_remote                               0x080077f1   Thumb Code    36  user_can.o(i.can_remote)
    compound_control                         0x08007819   Thumb Code   278  channel_changes.o(i.compound_control)
    compound_movement_3508                   0x08007965   Thumb Code   694  motion_overlay.o(i.compound_movement_3508)
    compound_movement_6020                   0x08007c3d   Thumb Code   510  motion_overlay.o(i.compound_movement_6020)
    delay_init                               0x08007e59   Thumb Code    26  bsp_delay.o(i.delay_init)
    delay_us                                 0x08007e81   Thumb Code    48  bsp_delay.o(i.delay_us)
    fabs                                     0x08007f49   Thumb Code    24  fabs.o(i.fabs)
    get_angle                                0x08007f61   Thumb Code   234  ins_task.o(i.get_angle)
    imu_pwm_set                              0x080081f5   Thumb Code     8  bsp_imu_pwm.o(i.imu_pwm_set)
    invSqrt                                  0x0800827d   Thumb Code    40  ins_task.o(i.invSqrt)
    limit_max                                0x080082a9   Thumb Code    16  user_pid.o(i.limit_max)
    main                                     0x080082b9   Thumb Code   114  main.o(i.main)
    motor_value                              0x08008349   Thumb Code   124  handle_value.o(i.motor_value)
    osDelay                                  0x080083cd   Thumb Code    14  cmsis_os.o(i.osDelay)
    osKernelStart                            0x080083db   Thumb Code    10  cmsis_os.o(i.osKernelStart)
    osThreadCreate                           0x080083e5   Thumb Code    84  cmsis_os.o(i.osThreadCreate)
    pcTaskGetName                            0x08008439   Thumb Code    28  tasks.o(i.pcTaskGetName)
    pid_cal_a                                0x08008459   Thumb Code   184  user_pid.o(i.pid_cal_a)
    pid_cal_s                                0x08008511   Thumb Code   146  user_pid.o(i.pid_cal_s)
    pid_init                                 0x080085a3   Thumb Code    12  user_pid.o(i.pid_init)
    pvPortMalloc                             0x08008955   Thumb Code   216  heap_4.o(i.pvPortMalloc)
    pxPortInitialiseStack                    0x08008a31   Thumb Code    40  port.o(i.pxPortInitialiseStack)
    remote_value                             0x08008a5d   Thumb Code   334  handle_value.o(i.remote_value)
    rotate_3508                              0x08008bc5   Thumb Code    26  motion_overlay.o(i.rotate_3508)
    rotate_6020                              0x08008be5   Thumb Code    84  motion_overlay.o(i.rotate_6020)
    rotate_control                           0x08008c3d   Thumb Code   258  channel_changes.o(i.rotate_control)
    sqrt                                     0x08008d75   Thumb Code   110  sqrt.o(i.sqrt)
    sqrtf                                    0x08008de3   Thumb Code    62  sqrtf.o(i.sqrtf)
    translate_3508                           0x08008e21   Thumb Code   380  motion_overlay.o(i.translate_3508)
    translate_6020                           0x08008fb9   Thumb Code   246  motion_overlay.o(i.translate_6020)
    translational_control                    0x080090b9   Thumb Code   278  channel_changes.o(i.translational_control)
    ulTaskNotifyTake                         0x080092a1   Thumb Code    96  tasks.o(i.ulTaskNotifyTake)
    uxListRemove                             0x08009309   Thumb Code    38  list.o(i.uxListRemove)
    vApplicationGetIdleTaskMemory            0x08009331   Thumb Code    16  freertos.o(i.vApplicationGetIdleTaskMemory)
    vListInitialise                          0x08009345   Thumb Code    22  list.o(i.vListInitialise)
    vListInitialiseItem                      0x0800935b   Thumb Code     6  list.o(i.vListInitialiseItem)
    vListInsert                              0x08009361   Thumb Code    48  list.o(i.vListInsert)
    vListInsertEnd                           0x08009391   Thumb Code    24  list.o(i.vListInsertEnd)
    vPortEnterCritical                       0x080093a9   Thumb Code    54  port.o(i.vPortEnterCritical)
    vPortExitCritical                        0x080093e9   Thumb Code    34  port.o(i.vPortExitCritical)
    vPortFree                                0x08009411   Thumb Code    94  heap_4.o(i.vPortFree)
    vPortSetupTimerInterrupt                 0x08009475   Thumb Code    32  port.o(i.vPortSetupTimerInterrupt)
    vPortValidateInterruptPriority           0x08009499   Thumb Code    74  port.o(i.vPortValidateInterruptPriority)
    vTaskDelay                               0x080094ed   Thumb Code    66  tasks.o(i.vTaskDelay)
    vTaskNotifyGiveFromISR                   0x08009539   Thumb Code   172  tasks.o(i.vTaskNotifyGiveFromISR)
    vTaskStartScheduler                      0x080095ed   Thumb Code    90  tasks.o(i.vTaskStartScheduler)
    vTaskSuspendAll                          0x08009659   Thumb Code    10  tasks.o(i.vTaskSuspendAll)
    vTaskSwitchContext                       0x08009669   Thumb Code    82  tasks.o(i.vTaskSwitchContext)
    xPortStartScheduler                      0x080096c5   Thumb Code   222  port.o(i.xPortStartScheduler)
    xTaskCreate                              0x080097b9   Thumb Code    90  tasks.o(i.xTaskCreate)
    xTaskCreateStatic                        0x08009813   Thumb Code    86  tasks.o(i.xTaskCreateStatic)
    xTaskGetHandle                           0x08009869   Thumb Code   124  tasks.o(i.xTaskGetHandle)
    xTaskGetSchedulerState                   0x080098ed   Thumb Code    22  tasks.o(i.xTaskGetSchedulerState)
    xTaskIncrementTick                       0x08009909   Thumb Code   194  tasks.o(i.xTaskIncrementTick)
    xTaskResumeAll                           0x080099d5   Thumb Code   182  tasks.o(i.xTaskResumeAll)
    __aeabi_dneg                             0x08009a99   Thumb Code     0  basic.o(x$fpl$basic)
    _dneg                                    0x08009a99   Thumb Code     6  basic.o(x$fpl$basic)
    __aeabi_fneg                             0x08009a9f   Thumb Code     0  basic.o(x$fpl$basic)
    _fneg                                    0x08009a9f   Thumb Code     6  basic.o(x$fpl$basic)
    _dabs                                    0x08009aa5   Thumb Code     6  basic.o(x$fpl$basic)
    _fabs                                    0x08009aab   Thumb Code     6  basic.o(x$fpl$basic)
    __aeabi_d2f                              0x08009ab1   Thumb Code     0  d2f.o(x$fpl$d2f)
    _d2f                                     0x08009ab1   Thumb Code    98  d2f.o(x$fpl$d2f)
    __aeabi_dadd                             0x08009b15   Thumb Code     0  daddsub_clz.o(x$fpl$dadd)
    _dadd                                    0x08009b15   Thumb Code   332  daddsub_clz.o(x$fpl$dadd)
    __fpl_dcheck_NaN1                        0x08009c65   Thumb Code    10  dcheck1.o(x$fpl$dcheck1)
    __fpl_dcmp_Inf                           0x08009c75   Thumb Code    24  dcmpi.o(x$fpl$dcmpinf)
    __aeabi_ddiv                             0x08009c8d   Thumb Code     0  ddiv.o(x$fpl$ddiv)
    _ddiv                                    0x08009c8d   Thumb Code   552  ddiv.o(x$fpl$ddiv)
    __aeabi_d2iz                             0x08009f3d   Thumb Code     0  dfix.o(x$fpl$dfix)
    _dfix                                    0x08009f3d   Thumb Code    94  dfix.o(x$fpl$dfix)
    __aeabi_i2d                              0x08009f9b   Thumb Code     0  dflt_clz.o(x$fpl$dflt)
    _dflt                                    0x08009f9b   Thumb Code    46  dflt_clz.o(x$fpl$dflt)
    __aeabi_ui2d                             0x08009fc9   Thumb Code     0  dflt_clz.o(x$fpl$dfltu)
    _dfltu                                   0x08009fc9   Thumb Code    38  dflt_clz.o(x$fpl$dfltu)
    __aeabi_cdcmple                          0x08009ff1   Thumb Code     0  dleqf.o(x$fpl$dleqf)
    _dcmple                                  0x08009ff1   Thumb Code   120  dleqf.o(x$fpl$dleqf)
    __fpl_dcmple_InfNaN                      0x0800a053   Thumb Code     0  dleqf.o(x$fpl$dleqf)
    __aeabi_dmul                             0x0800a069   Thumb Code     0  dmul.o(x$fpl$dmul)
    _dmul                                    0x0800a069   Thumb Code   332  dmul.o(x$fpl$dmul)
    __fpl_dnaninf                            0x0800a1bd   Thumb Code   156  dnaninf.o(x$fpl$dnaninf)
    __fpl_dretinf                            0x0800a259   Thumb Code    12  dretinf.o(x$fpl$dretinf)
    __aeabi_cdrcmple                         0x0800a265   Thumb Code     0  drleqf.o(x$fpl$drleqf)
    _drcmple                                 0x0800a265   Thumb Code   108  drleqf.o(x$fpl$drleqf)
    __aeabi_drsub                            0x0800a2d1   Thumb Code     0  daddsub_clz.o(x$fpl$drsb)
    _drsb                                    0x0800a2d1   Thumb Code    22  daddsub_clz.o(x$fpl$drsb)
    _dsqrt                                   0x0800a2e9   Thumb Code   404  dsqrt_umaal.o(x$fpl$dsqrt)
    __aeabi_dsub                             0x0800a481   Thumb Code     0  daddsub_clz.o(x$fpl$dsub)
    _dsub                                    0x0800a481   Thumb Code   464  daddsub_clz.o(x$fpl$dsub)
    __aeabi_f2d                              0x0800a655   Thumb Code     0  f2d.o(x$fpl$f2d)
    _f2d                                     0x0800a655   Thumb Code    86  f2d.o(x$fpl$f2d)
    __fpl_fnaninf                            0x0800a6ab   Thumb Code   140  fnaninf.o(x$fpl$fnaninf)
    _fp_init                                 0x0800a737   Thumb Code    10  fpinit.o(x$fpl$fpinit)
    __fplib_config_fpu_vfp                   0x0800a73f   Thumb Code     0  fpinit.o(x$fpl$fpinit)
    __fplib_config_pureend_doubles           0x0800a73f   Thumb Code     0  fpinit.o(x$fpl$fpinit)
    __fpl_fretinf                            0x0800a741   Thumb Code    10  fretinf.o(x$fpl$fretinf)
    __fpl_return_NaN                         0x0800a74b   Thumb Code   100  retnan.o(x$fpl$retnan)
    __ARM_scalbn                             0x0800a7af   Thumb Code    92  scalbn.o(x$fpl$scalbn)
    __fpl_cmpreturn                          0x0800a80b   Thumb Code    48  trapv.o(x$fpl$trapveneer)
    __I$use$fp                               0x0800a83a   Number         0  usenofp.o(x$fpl$usenofp)
    AHBPrescTable                            0x0800a8b4   Data          16  system_stm32f4xx.o(.constdata)
    APBPrescTable                            0x0800a8c4   Data           8  system_stm32f4xx.o(.constdata)
    CRC8_TAB                                 0x0800a8cc   Data         256  crc.o(.constdata)
    wCRC_Table                               0x0800a9cc   Data         512  crc.o(.constdata)
    __mathlib_zero                           0x0800ad60   Data           8  qnan.o(.constdata)
    Region$$Table$$Base                      0x0800ae80   Number         0  anon$$obj.o(Region$$Table)
    Region$$Table$$Limit                     0x0800aea0   Number         0  anon$$obj.o(Region$$Table)
    ChassisHandle                            0x20000000   Data           4  freertos.o(.data)
    InsTaskHandle                            0x20000004   Data           4  freertos.o(.data)
    ExchangeTaskHandle                       0x20000008   Data           4  freertos.o(.data)
    defaultTaskHandle                        0x2000000c   Data           4  freertos.o(.data)
    uwTickFreq                               0x20000014   Data           1  stm32f4xx_hal.o(.data)
    uwTickPrio                               0x20000018   Data           4  stm32f4xx_hal.o(.data)
    uwTick                                   0x2000001c   Data           4  stm32f4xx_hal.o(.data)
    SystemCoreClock                          0x20000020   Data           4  system_stm32f4xx.o(.data)
    pxCurrentTCB                             0x20000024   Data           4  tasks.o(.data)
    press_left                               0x2000008c   Data           1  rc_potocal.o(.data)
    press_right                              0x2000008d   Data           1  rc_potocal.o(.data)
    w_flag                                   0x2000008e   Data           2  rc_potocal.o(.data)
    s_flag                                   0x20000090   Data           2  rc_potocal.o(.data)
    a_flag                                   0x20000092   Data           2  rc_potocal.o(.data)
    d_flag                                   0x20000094   Data           2  rc_potocal.o(.data)
    q_flag                                   0x20000096   Data           2  rc_potocal.o(.data)
    e_flag                                   0x20000098   Data           2  rc_potocal.o(.data)
    shift_flag                               0x2000009a   Data           2  rc_potocal.o(.data)
    ctrl_flag                                0x2000009c   Data           2  rc_potocal.o(.data)
    r_flag                                   0x2000009e   Data           2  rc_potocal.o(.data)
    f_flag                                   0x200000a0   Data           2  rc_potocal.o(.data)
    g_flag                                   0x200000a2   Data           2  rc_potocal.o(.data)
    z_flag                                   0x200000a4   Data           2  rc_potocal.o(.data)
    x_flag                                   0x200000a6   Data           2  rc_potocal.o(.data)
    c_flag                                   0x200000a8   Data           2  rc_potocal.o(.data)
    v_flag                                   0x200000aa   Data           2  rc_potocal.o(.data)
    b_flag                                   0x200000ac   Data           2  rc_potocal.o(.data)
    remote_data_rc1                          0x200000ae   Data           8  rc_potocal.o(.data)
    remote_data_rc2                          0x200000b6   Data           8  rc_potocal.o(.data)
    remote_data_mouse                        0x200000be   Data           8  rc_potocal.o(.data)
    alpha                                    0x200000c8   Data           4  handle_value.o(.data)
    begin                                    0x200000cc   Data           1  communication.o(.data)
    temp                                     0x200000cd   Data           1  communication.o(.data)
    data_length                              0x200000ce   Data           1  communication.o(.data)
    motor_angle                              0x200000d0   Data           8  motion_overlay.o(.data)
    motor_speed                              0x200000d8   Data           8  motion_overlay.o(.data)
    CRC_INIT                                 0x200000e0   Data           2  crc.o(.data)
    can_send_data                            0x200000e2   Data           8  user_can.o(.data)
    judge_receive_length                     0x200000ec   Data           1  drv_usart.o(.data)
    value                                    0x200000f0   Data           4  drv_usart.o(.data)
    get_6020                                 0x200000f4   Data           8  channel_changes.o(.data)
    speed_6020                               0x200000fc   Data           8  channel_changes.o(.data)
    output_6020                              0x20000104   Data           8  channel_changes.o(.data)
    output_3508                              0x2000010c   Data           8  channel_changes.o(.data)
    Max_out_a                                0x20000114   Data           2  chassis.o(.data)
    Max_iout_a                               0x20000116   Data           2  chassis.o(.data)
    Max_out_s                                0x20000118   Data           2  chassis.o(.data)
    Max_iout_s                               0x2000011a   Data           2  chassis.o(.data)
    error_theta                              0x2000011c   Data           4  chassis.o(.data)
    initial_angle                            0x20000120   Data           8  chassis.o(.data)
    Trans                                    0x20000128   Data           8  exchange_task.o(.data)
    cn1                                      0x20000130   Data           1  bmi088driver.o(.data)
    BMI088_ACCEL_SEN                         0x20000134   Data           4  bmi088driver.o(.data)
    BMI088_GYRO_SEN                          0x20000138   Data           4  bmi088driver.o(.data)
    gyro_update_flag                         0x20000168   Data           1  ins_task.o(.data)
    accel_update_flag                        0x20000169   Data           1  ins_task.o(.data)
    accel_temp_update_flag                   0x2000016a   Data           1  ins_task.o(.data)
    imu_start_dma_flag                       0x2000016b   Data           1  ins_task.o(.data)
    accel_temp_dma_tx_buf                    0x2000016e   Data           4  ins_task.o(.data)
    twoKp                                    0x20000174   Data           4  ins_task.o(.data)
    twoKi                                    0x20000178   Data           4  ins_task.o(.data)
    integralFBx                              0x2000017c   Data           4  ins_task.o(.data)
    integralFBy                              0x20000180   Data           4  ins_task.o(.data)
    integralFBz                              0x20000184   Data           4  ins_task.o(.data)
    accel_temp_dma_rx_buf                    0x20000190   Data           4  ins_task.o(.data)
    gyro_dma_tx_buf                          0x20000194   Data           8  ins_task.o(.data)
    gyro_dma_rx_buf                          0x2000019c   Data           8  ins_task.o(.data)
    accel_dma_tx_buf                         0x200001a4   Data           9  ins_task.o(.data)
    gyro_scale_factor                        0x200001b0   Data          36  ins_task.o(.data)
    accel_scale_factor                       0x200001d4   Data          36  ins_task.o(.data)
    Rx                                       0x200001f8   Data         128  main.o(.bss)
    hcan1                                    0x200004cc   Data          40  can.o(.bss)
    hcan2                                    0x200004f4   Data          40  can.o(.bss)
    hi2c3                                    0x2000051c   Data          84  i2c.o(.bss)
    hspi1                                    0x20000570   Data          88  spi.o(.bss)
    hdma_spi1_tx                             0x200005c8   Data          96  spi.o(.bss)
    hdma_spi1_rx                             0x20000628   Data          96  spi.o(.bss)
    htim10                                   0x20000688   Data          72  tim.o(.bss)
    huart1                                   0x200006d0   Data          68  usart.o(.bss)
    huart3                                   0x20000714   Data          68  usart.o(.bss)
    huart6                                   0x20000758   Data          68  usart.o(.bss)
    hdma_usart1_rx                           0x2000079c   Data          96  usart.o(.bss)
    hdma_usart1_tx                           0x200007fc   Data          96  usart.o(.bss)
    hdma_usart3_rx                           0x2000085c   Data          96  usart.o(.bss)
    hdma_usart3_tx                           0x200008bc   Data          96  usart.o(.bss)
    hdma_usart6_rx                           0x2000091c   Data          96  usart.o(.bss)
    hdma_usart6_tx                           0x2000097c   Data          96  usart.o(.bss)
    htim3                                    0x200009dc   Data          72  stm32f4xx_hal_timebase_tim.o(.bss)
    rc_ctrl                                  0x20004714   Data          22  rc_potocal.o(.bss)
    Tx                                       0x2000472c   Data          12  communication.o(.bss)
    Judge_Hero                               0x20004738   Data         158  judge.o(.bss)
    Sentry                                   0x200047d6   Data          43  judge.o(.bss)
    can_tx_message                           0x20004804   Data          24  user_can.o(.bss)
    motor                                    0x2000481c   Data          64  user_can.o(.bss)
    Receive                                  0x2000485c   Data          16  user_can.o(.bss)
    judge_dma_buffer                         0x2000486c   Data         400  drv_usart.o(.bss)
    usart3_dma_rxbuf                         0x200049fc   Data          48  drv_usart.o(.bss)
    PID_angle                                0x20004a2c   Data         160  chassis.o(.bss)
    PID_speed_3508                           0x20004acc   Data         160  chassis.o(.bss)
    PID_speed_6020                           0x20004b6c   Data         160  chassis.o(.bss)
    INS_gyro                                 0x20004c30   Data          12  ins_task.o(.bss)
    INS_accel                                0x20004c3c   Data          12  ins_task.o(.bss)
    INS_mag                                  0x20004c48   Data          12  ins_task.o(.bss)
    INS_quat                                 0x20004c54   Data          16  ins_task.o(.bss)
    INS_angle                                0x20004c64   Data          12  ins_task.o(.bss)
    accel_dma_rx_buf                         0x20004c70   Data           9  ins_task.o(.bss)
    bmi088_real_data                         0x20004c7c   Data          36  ins_task.o(.bss)
    accel_offset                             0x20004ca0   Data          12  ins_task.o(.bss)
    imu_temp_pid                             0x20004cac   Data          72  ins_task.o(.bss)
    gyrooffset                               0x20004cf4   Data          12  ins_task.o(.bss)
    __libspace_start                         0x20004d00   Data          96  libspace.o(.bss)
    __temporary_stack_top$libspace           0x20004d60   Data           0  libspace.o(.bss)



==============================================================================

Memory Map of the image

  Image Entry point : 0x08000189

  Load Region LR_IROM1 (Base: 0x08000000, Size: 0x0000b098, Max: 0x00100000, ABSOLUTE, COMPRESSED[0x0000af0c])

    Execution Region ER_IROM1 (Exec base: 0x08000000, Load base: 0x08000000, Size: 0x0000aea0, Max: 0x00100000, ABSOLUTE)

    Exec Addr    Load Addr    Size         Type   Attr      Idx    E Section Name        Object

    0x08000000   0x08000000   0x00000188   Data   RO            3    RESET               startup_stm32f407xx.o
    0x08000188   0x08000188   0x00000008   Code   RO         6931  * !!!main             c_w.l(__main.o)
    0x08000190   0x08000190   0x00000034   Code   RO         7319    !!!scatter          c_w.l(__scatter.o)
    0x080001c4   0x080001c4   0x0000005a   Code   RO         7317    !!dczerorl2         c_w.l(__dczerorl2.o)
    0x0800021e   0x0800021e   0x00000002   PAD
    0x08000220   0x08000220   0x0000001c   Code   RO         7321    !!handler_zi        c_w.l(__scatter_zi.o)
    0x0800023c   0x0800023c   0x00000002   Code   RO         7184    .ARM.Collect$$libinit$$00000000  c_w.l(libinit.o)
    0x0800023e   0x0800023e   0x00000004   Code   RO         7195    .ARM.Collect$$libinit$$00000001  c_w.l(libinit2.o)
    0x08000242   0x08000242   0x00000000   Code   RO         7198    .ARM.Collect$$libinit$$00000004  c_w.l(libinit2.o)
    0x08000242   0x08000242   0x00000000   Code   RO         7201    .ARM.Collect$$libinit$$0000000A  c_w.l(libinit2.o)
    0x08000242   0x08000242   0x00000000   Code   RO         7203    .ARM.Collect$$libinit$$0000000C  c_w.l(libinit2.o)
    0x08000242   0x08000242   0x00000000   Code   RO         7205    .ARM.Collect$$libinit$$0000000E  c_w.l(libinit2.o)
    0x08000242   0x08000242   0x00000000   Code   RO         7208    .ARM.Collect$$libinit$$00000011  c_w.l(libinit2.o)
    0x08000242   0x08000242   0x00000000   Code   RO         7210    .ARM.Collect$$libinit$$00000013  c_w.l(libinit2.o)
    0x08000242   0x08000242   0x00000000   Code   RO         7212    .ARM.Collect$$libinit$$00000015  c_w.l(libinit2.o)
    0x08000242   0x08000242   0x00000000   Code   RO         7214    .ARM.Collect$$libinit$$00000017  c_w.l(libinit2.o)
    0x08000242   0x08000242   0x00000000   Code   RO         7216    .ARM.Collect$$libinit$$00000019  c_w.l(libinit2.o)
    0x08000242   0x08000242   0x00000000   Code   RO         7218    .ARM.Collect$$libinit$$0000001B  c_w.l(libinit2.o)
    0x08000242   0x08000242   0x00000000   Code   RO         7220    .ARM.Collect$$libinit$$0000001D  c_w.l(libinit2.o)
    0x08000242   0x08000242   0x00000000   Code   RO         7222    .ARM.Collect$$libinit$$0000001F  c_w.l(libinit2.o)
    0x08000242   0x08000242   0x00000000   Code   RO         7224    .ARM.Collect$$libinit$$00000021  c_w.l(libinit2.o)
    0x08000242   0x08000242   0x00000000   Code   RO         7226    .ARM.Collect$$libinit$$00000023  c_w.l(libinit2.o)
    0x08000242   0x08000242   0x00000000   Code   RO         7228    .ARM.Collect$$libinit$$00000025  c_w.l(libinit2.o)
    0x08000242   0x08000242   0x00000000   Code   RO         7232    .ARM.Collect$$libinit$$0000002C  c_w.l(libinit2.o)
    0x08000242   0x08000242   0x00000000   Code   RO         7234    .ARM.Collect$$libinit$$0000002E  c_w.l(libinit2.o)
    0x08000242   0x08000242   0x00000000   Code   RO         7236    .ARM.Collect$$libinit$$00000030  c_w.l(libinit2.o)
    0x08000242   0x08000242   0x00000000   Code   RO         7238    .ARM.Collect$$libinit$$00000032  c_w.l(libinit2.o)
    0x08000242   0x08000242   0x00000002   Code   RO         7239    .ARM.Collect$$libinit$$00000033  c_w.l(libinit2.o)
    0x08000244   0x08000244   0x00000002   Code   RO         7272    .ARM.Collect$$libshutdown$$00000000  c_w.l(libshutdown.o)
    0x08000246   0x08000246   0x00000000   Code   RO         7298    .ARM.Collect$$libshutdown$$00000002  c_w.l(libshutdown2.o)
    0x08000246   0x08000246   0x00000000   Code   RO         7300    .ARM.Collect$$libshutdown$$00000004  c_w.l(libshutdown2.o)
    0x08000246   0x08000246   0x00000000   Code   RO         7302    .ARM.Collect$$libshutdown$$00000006  c_w.l(libshutdown2.o)
    0x08000246   0x08000246   0x00000000   Code   RO         7305    .ARM.Collect$$libshutdown$$00000009  c_w.l(libshutdown2.o)
    0x08000246   0x08000246   0x00000000   Code   RO         7308    .ARM.Collect$$libshutdown$$0000000C  c_w.l(libshutdown2.o)
    0x08000246   0x08000246   0x00000000   Code   RO         7310    .ARM.Collect$$libshutdown$$0000000E  c_w.l(libshutdown2.o)
    0x08000246   0x08000246   0x00000000   Code   RO         7313    .ARM.Collect$$libshutdown$$00000011  c_w.l(libshutdown2.o)
    0x08000246   0x08000246   0x00000002   Code   RO         7314    .ARM.Collect$$libshutdown$$00000012  c_w.l(libshutdown2.o)
    0x08000248   0x08000248   0x00000000   Code   RO         7047    .ARM.Collect$$rtentry$$00000000  c_w.l(__rtentry.o)
    0x08000248   0x08000248   0x00000000   Code   RO         7143    .ARM.Collect$$rtentry$$00000002  c_w.l(__rtentry2.o)
    0x08000248   0x08000248   0x00000006   Code   RO         7155    .ARM.Collect$$rtentry$$00000004  c_w.l(__rtentry4.o)
    0x0800024e   0x0800024e   0x00000000   Code   RO         7145    .ARM.Collect$$rtentry$$00000009  c_w.l(__rtentry2.o)
    0x0800024e   0x0800024e   0x00000004   Code   RO         7146    .ARM.Collect$$rtentry$$0000000A  c_w.l(__rtentry2.o)
    0x08000252   0x08000252   0x00000000   Code   RO         7148    .ARM.Collect$$rtentry$$0000000C  c_w.l(__rtentry2.o)
    0x08000252   0x08000252   0x00000008   Code   RO         7149    .ARM.Collect$$rtentry$$0000000D  c_w.l(__rtentry2.o)
    0x0800025a   0x0800025a   0x00000002   Code   RO         7187    .ARM.Collect$$rtexit$$00000000  c_w.l(rtexit.o)
    0x0800025c   0x0800025c   0x00000000   Code   RO         7245    .ARM.Collect$$rtexit$$00000002  c_w.l(rtexit2.o)
    0x0800025c   0x0800025c   0x00000004   Code   RO         7246    .ARM.Collect$$rtexit$$00000003  c_w.l(rtexit2.o)
    0x08000260   0x08000260   0x00000006   Code   RO         7247    .ARM.Collect$$rtexit$$00000004  c_w.l(rtexit2.o)
    0x08000266   0x08000266   0x00000002   PAD
    0x08000268   0x08000268   0x000000be   Code   RO         5588    .emb_text           port.o
    0x08000326   0x08000326   0x00000002   PAD
    0x08000328   0x08000328   0x00000040   Code   RO            4    .text               startup_stm32f407xx.o
    0x08000368   0x08000368   0x000000ee   Code   RO         6917    .text               c_w.l(lludivv7m.o)
    0x08000456   0x08000456   0x0000003e   Code   RO         6919    .text               c_w.l(strlen.o)
    0x08000494   0x08000494   0x0000008a   Code   RO         6921    .text               c_w.l(rt_memcpy_v6.o)
    0x0800051e   0x0800051e   0x00000064   Code   RO         6923    .text               c_w.l(rt_memcpy_w.o)
    0x08000582   0x08000582   0x0000004e   Code   RO         6927    .text               c_w.l(rt_memclr_w.o)
    0x080005d0   0x080005d0   0x00000006   Code   RO         6929    .text               c_w.l(heapauxi.o)
    0x080005d6   0x080005d6   0x00000016   Code   RO         7052    .text               c_w.l(_rserrno.o)
    0x080005ec   0x080005ec   0x00000008   Code   RO         7162    .text               c_w.l(rt_errno_addr_intlibspace.o)
    0x080005f4   0x080005f4   0x00000008   Code   RO         7168    .text               c_w.l(libspace.o)
    0x080005fc   0x080005fc   0x0000004a   Code   RO         7171    .text               c_w.l(sys_stackheap_outer.o)
    0x08000646   0x08000646   0x00000012   Code   RO         7173    .text               c_w.l(exit.o)
    0x08000658   0x08000658   0x0000000c   Code   RO         7242    .text               c_w.l(sys_exit.o)
    0x08000664   0x08000664   0x00000002   Code   RO         7261    .text               c_w.l(use_no_semi.o)
    0x08000666   0x08000666   0x00000000   Code   RO         7263    .text               c_w.l(indicate_semi.o)
    0x08000666   0x08000666   0x00000002   PAD
    0x08000668   0x08000668   0x00000020   Code   RO         6756    i.AHRS_init         ins_task.o
    0x08000688   0x08000688   0x00000010   Code   RO         6583    i.BMI088_ACCEL_NS_H  bmi088middleware.o
    0x08000698   0x08000698   0x00000010   Code   RO         6584    i.BMI088_ACCEL_NS_L  bmi088middleware.o
    0x080006a8   0x080006a8   0x00000002   Code   RO         6585    i.BMI088_GPIO_init  bmi088middleware.o
    0x080006aa   0x080006aa   0x00000002   PAD
    0x080006ac   0x080006ac   0x00000010   Code   RO         6586    i.BMI088_GYRO_NS_H  bmi088middleware.o
    0x080006bc   0x080006bc   0x00000010   Code   RO         6587    i.BMI088_GYRO_NS_L  bmi088middleware.o
    0x080006cc   0x080006cc   0x00000088   Code   RO         6447    i.BMI088_accel_read_over  bmi088driver.o
    0x08000754   0x08000754   0x00000002   Code   RO         6588    i.BMI088_com_init   bmi088middleware.o
    0x08000756   0x08000756   0x00000004   Code   RO         6589    i.BMI088_delay_ms   bmi088middleware.o
    0x0800075a   0x0800075a   0x00000004   Code   RO         6590    i.BMI088_delay_us   bmi088middleware.o
    0x0800075e   0x0800075e   0x00000002   PAD
    0x08000760   0x08000760   0x00000060   Code   RO         6448    i.BMI088_gyro_read_over  bmi088driver.o
    0x080007c0   0x080007c0   0x0000002e   Code   RO         6449    i.BMI088_init       bmi088driver.o
    0x080007ee   0x080007ee   0x00000002   PAD
    0x080007f0   0x080007f0   0x00000158   Code   RO         6450    i.BMI088_read       bmi088driver.o
    0x08000948   0x08000948   0x00000024   Code   RO         6453    i.BMI088_read_muli_reg  bmi088driver.o
    0x0800096c   0x0800096c   0x00000016   Code   RO         6454    i.BMI088_read_single_reg  bmi088driver.o
    0x08000982   0x08000982   0x00000002   PAD
    0x08000984   0x08000984   0x00000020   Code   RO         6591    i.BMI088_read_write_byte  bmi088middleware.o
    0x080009a4   0x080009a4   0x0000002e   Code   RO         6455    i.BMI088_temperature_read_over  bmi088driver.o
    0x080009d2   0x080009d2   0x00000012   Code   RO         6456    i.BMI088_write_single_reg  bmi088driver.o
    0x080009e4   0x080009e4   0x00000002   Code   RO          602    i.BusFault_Handler  stm32f4xx_it.o
    0x080009e6   0x080009e6   0x00000002   PAD
    0x080009e8   0x080009e8   0x0000003c   Code   RO         6117    i.CAN1_Init         user_can.o
    0x08000a24   0x08000a24   0x0000000c   Code   RO          603    i.CAN1_RX0_IRQHandler  stm32f4xx_it.o
    0x08000a30   0x08000a30   0x0000000c   Code   RO          604    i.CAN1_RX1_IRQHandler  stm32f4xx_it.o
    0x08000a3c   0x08000a3c   0x0000000c   Code   RO          605    i.CAN1_TX_IRQHandler  stm32f4xx_it.o
    0x08000a48   0x08000a48   0x0000003c   Code   RO         6118    i.CAN2_Init         user_can.o
    0x08000a84   0x08000a84   0x0000000c   Code   RO          606    i.CAN2_RX0_IRQHandler  stm32f4xx_it.o
    0x08000a90   0x08000a90   0x0000000c   Code   RO          607    i.CAN2_TX_IRQHandler  stm32f4xx_it.o
    0x08000a9c   0x08000a9c   0x00000060   Code   RO         6361    i.Chassis           chassis.o
    0x08000afc   0x08000afc   0x00000094   Code   RO         6362    i.Chassis_init      chassis.o
    0x08000b90   0x08000b90   0x0000000c   Code   RO          608    i.DMA1_Stream1_IRQHandler  stm32f4xx_it.o
    0x08000b9c   0x08000b9c   0x0000000c   Code   RO          609    i.DMA1_Stream3_IRQHandler  stm32f4xx_it.o
    0x08000ba8   0x08000ba8   0x0000000c   Code   RO          610    i.DMA2_Stream1_IRQHandler  stm32f4xx_it.o
    0x08000bb4   0x08000bb4   0x00000014   Code   RO          611    i.DMA2_Stream2_IRQHandler  stm32f4xx_it.o
    0x08000bc8   0x08000bc8   0x0000000c   Code   RO          612    i.DMA2_Stream3_IRQHandler  stm32f4xx_it.o
    0x08000bd4   0x08000bd4   0x0000000c   Code   RO          613    i.DMA2_Stream5_IRQHandler  stm32f4xx_it.o
    0x08000be0   0x08000be0   0x0000000c   Code   RO          614    i.DMA2_Stream6_IRQHandler  stm32f4xx_it.o
    0x08000bec   0x08000bec   0x0000000c   Code   RO          615    i.DMA2_Stream7_IRQHandler  stm32f4xx_it.o
    0x08000bf8   0x08000bf8   0x00000244   Code   RO         6180    i.DMAEx_MultiBufferStart_NoIT  drv_usart.o
    0x08000e3c   0x08000e3c   0x00000028   Code   RO         1547    i.DMA_CalcBaseAndBitshift  stm32f4xx_hal_dma.o
    0x08000e64   0x08000e64   0x00000054   Code   RO         1548    i.DMA_CheckFifoParam  stm32f4xx_hal_dma.o
    0x08000eb8   0x08000eb8   0x00000028   Code   RO         1549    i.DMA_SetConfig     stm32f4xx_hal_dma.o
    0x08000ee0   0x08000ee0   0x00000030   Code   RO         6181    i.DRV_USART1_IRQHandler  drv_usart.o
    0x08000f10   0x08000f10   0x00000024   Code   RO         6182    i.DRV_USART3_IRQHandler  drv_usart.o
    0x08000f34   0x08000f34   0x00000014   Code   RO         6183    i.DRV_USART6_IRQHandler  drv_usart.o
    0x08000f48   0x08000f48   0x00000002   Code   RO          616    i.DebugMon_Handler  stm32f4xx_it.o
    0x08000f4a   0x08000f4a   0x00000006   Code   RO          617    i.EXTI0_IRQHandler  stm32f4xx_it.o
    0x08000f50   0x08000f50   0x00000006   Code   RO          618    i.EXTI4_IRQHandler  stm32f4xx_it.o
    0x08000f56   0x08000f56   0x00000006   Code   RO          619    i.EXTI9_5_IRQHandler  stm32f4xx_it.o
    0x08000f5c   0x08000f5c   0x00000004   Code   RO           13    i.Error_Handler     main.o
    0x08000f60   0x08000f60   0x00000170   Code   RO         6416    i.Exchange_task     exchange_task.o
    0x080010d0   0x080010d0   0x0000002c   Code   RO         5947    i.Get_CRC16_Check_Sum  crc.o
    0x080010fc   0x080010fc   0x0000001c   Code   RO         5948    i.Get_CRC8_Check_Sum  crc.o
    0x08001118   0x08001118   0x00000024   Code   RO          855    i.HAL_CAN_ActivateNotification  stm32f4xx_hal_can.o
    0x0800113c   0x0800113c   0x000000dc   Code   RO          856    i.HAL_CAN_AddTxMessage  stm32f4xx_hal_can.o
    0x08001218   0x08001218   0x0000010c   Code   RO          857    i.HAL_CAN_ConfigFilter  stm32f4xx_hal_can.o
    0x08001324   0x08001324   0x00000002   Code   RO          860    i.HAL_CAN_ErrorCallback  stm32f4xx_hal_can.o
    0x08001326   0x08001326   0x000000e8   Code   RO          863    i.HAL_CAN_GetRxMessage  stm32f4xx_hal_can.o
    0x0800140e   0x0800140e   0x000001fc   Code   RO          867    i.HAL_CAN_IRQHandler  stm32f4xx_hal_can.o
    0x0800160a   0x0800160a   0x0000011a   Code   RO          868    i.HAL_CAN_Init      stm32f4xx_hal_can.o
    0x08001724   0x08001724   0x0000012c   Code   RO          344    i.HAL_CAN_MspInit   can.o
    0x08001850   0x08001850   0x00000002   Code   RO          875    i.HAL_CAN_RxFifo0FullCallback  stm32f4xx_hal_can.o
    0x08001852   0x08001852   0x00000002   PAD
    0x08001854   0x08001854   0x000000a0   Code   RO         6119    i.HAL_CAN_RxFifo0MsgPendingCallback  user_can.o
    0x080018f4   0x080018f4   0x00000002   Code   RO          877    i.HAL_CAN_RxFifo1FullCallback  stm32f4xx_hal_can.o
    0x080018f6   0x080018f6   0x00000002   Code   RO          878    i.HAL_CAN_RxFifo1MsgPendingCallback  stm32f4xx_hal_can.o
    0x080018f8   0x080018f8   0x00000002   Code   RO          879    i.HAL_CAN_SleepCallback  stm32f4xx_hal_can.o
    0x080018fa   0x080018fa   0x00000002   PAD
    0x080018fc   0x080018fc   0x00000058   Code   RO          880    i.HAL_CAN_Start     stm32f4xx_hal_can.o
    0x08001954   0x08001954   0x00000002   Code   RO          882    i.HAL_CAN_TxMailbox0AbortCallback  stm32f4xx_hal_can.o
    0x08001956   0x08001956   0x00000002   Code   RO          883    i.HAL_CAN_TxMailbox0CompleteCallback  stm32f4xx_hal_can.o
    0x08001958   0x08001958   0x00000002   Code   RO          884    i.HAL_CAN_TxMailbox1AbortCallback  stm32f4xx_hal_can.o
    0x0800195a   0x0800195a   0x00000002   Code   RO          885    i.HAL_CAN_TxMailbox1CompleteCallback  stm32f4xx_hal_can.o
    0x0800195c   0x0800195c   0x00000002   Code   RO          886    i.HAL_CAN_TxMailbox2AbortCallback  stm32f4xx_hal_can.o
    0x0800195e   0x0800195e   0x00000002   Code   RO          887    i.HAL_CAN_TxMailbox2CompleteCallback  stm32f4xx_hal_can.o
    0x08001960   0x08001960   0x00000002   Code   RO          889    i.HAL_CAN_WakeUpFromRxMsgCallback  stm32f4xx_hal_can.o
    0x08001962   0x08001962   0x00000092   Code   RO         1550    i.HAL_DMA_Abort     stm32f4xx_hal_dma.o
    0x080019f4   0x080019f4   0x00000024   Code   RO         1551    i.HAL_DMA_Abort_IT  stm32f4xx_hal_dma.o
    0x08001a18   0x08001a18   0x000001a0   Code   RO         1555    i.HAL_DMA_IRQHandler  stm32f4xx_hal_dma.o
    0x08001bb8   0x08001bb8   0x000000d4   Code   RO         1556    i.HAL_DMA_Init      stm32f4xx_hal_dma.o
    0x08001c8c   0x08001c8c   0x0000006e   Code   RO         1560    i.HAL_DMA_Start_IT  stm32f4xx_hal_dma.o
    0x08001cfa   0x08001cfa   0x00000002   PAD
    0x08001cfc   0x08001cfc   0x0000006c   Code   RO         6757    i.HAL_GPIO_EXTI_Callback  ins_task.o
    0x08001d68   0x08001d68   0x00000018   Code   RO         1442    i.HAL_GPIO_EXTI_IRQHandler  stm32f4xx_hal_gpio.o
    0x08001d80   0x08001d80   0x000001f0   Code   RO         1443    i.HAL_GPIO_Init     stm32f4xx_hal_gpio.o
    0x08001f70   0x08001f70   0x0000000a   Code   RO         1447    i.HAL_GPIO_WritePin  stm32f4xx_hal_gpio.o
    0x08001f7a   0x08001f7a   0x00000002   PAD
    0x08001f7c   0x08001f7c   0x0000000c   Code   RO         1975    i.HAL_GetTick       stm32f4xx_hal.o
    0x08001f88   0x08001f88   0x00000188   Code   RO         2231    i.HAL_I2C_Init      stm32f4xx_hal_i2c.o
    0x08002110   0x08002110   0x00000094   Code   RO          417    i.HAL_I2C_MspInit   i2c.o
    0x080021a4   0x080021a4   0x00000010   Code   RO         1981    i.HAL_IncTick       stm32f4xx_hal.o
    0x080021b4   0x080021b4   0x00000034   Code   RO         1982    i.HAL_Init          stm32f4xx_hal.o
    0x080021e8   0x080021e8   0x00000098   Code   RO          815    i.HAL_InitTick      stm32f4xx_hal_timebase_tim.o
    0x08002280   0x08002280   0x00000038   Code   RO          791    i.HAL_MspInit       stm32f4xx_hal_msp.o
    0x080022b8   0x080022b8   0x0000001a   Code   RO         1832    i.HAL_NVIC_EnableIRQ  stm32f4xx_hal_cortex.o
    0x080022d2   0x080022d2   0x00000002   PAD
    0x080022d4   0x080022d4   0x00000040   Code   RO         1838    i.HAL_NVIC_SetPriority  stm32f4xx_hal_cortex.o
    0x08002314   0x08002314   0x00000024   Code   RO         1839    i.HAL_NVIC_SetPriorityGrouping  stm32f4xx_hal_cortex.o
    0x08002338   0x08002338   0x00000134   Code   RO         1089    i.HAL_RCC_ClockConfig  stm32f4xx_hal_rcc.o
    0x0800246c   0x0800246c   0x00000040   Code   RO         1093    i.HAL_RCC_GetClockConfig  stm32f4xx_hal_rcc.o
    0x080024ac   0x080024ac   0x00000020   Code   RO         1096    i.HAL_RCC_GetPCLK1Freq  stm32f4xx_hal_rcc.o
    0x080024cc   0x080024cc   0x00000020   Code   RO         1097    i.HAL_RCC_GetPCLK2Freq  stm32f4xx_hal_rcc.o
    0x080024ec   0x080024ec   0x00000064   Code   RO         1098    i.HAL_RCC_GetSysClockFreq  stm32f4xx_hal_rcc.o
    0x08002550   0x08002550   0x0000036c   Code   RO         1101    i.HAL_RCC_OscConfig  stm32f4xx_hal_rcc.o
    0x080028bc   0x080028bc   0x00000002   Code   RO         2677    i.HAL_SPI_ErrorCallback  stm32f4xx_hal_spi.o
    0x080028be   0x080028be   0x00000002   PAD
    0x080028c0   0x080028c0   0x000000fc   Code   RO         2680    i.HAL_SPI_IRQHandler  stm32f4xx_hal_spi.o
    0x080029bc   0x080029bc   0x000000bc   Code   RO         2681    i.HAL_SPI_Init      stm32f4xx_hal_spi.o
    0x08002a78   0x08002a78   0x0000010c   Code   RO          459    i.HAL_SPI_MspInit   spi.o
    0x08002b84   0x08002b84   0x000001e2   Code   RO         2690    i.HAL_SPI_TransmitReceive  stm32f4xx_hal_spi.o
    0x08002d66   0x08002d66   0x00000002   Code   RO         3698    i.HAL_TIMEx_BreakCallback  stm32f4xx_hal_tim_ex.o
    0x08002d68   0x08002d68   0x00000002   Code   RO         3699    i.HAL_TIMEx_CommutCallback  stm32f4xx_hal_tim_ex.o
    0x08002d6a   0x08002d6a   0x0000005a   Code   RO         2994    i.HAL_TIM_Base_Init  stm32f4xx_hal_tim.o
    0x08002dc4   0x08002dc4   0x00000028   Code   RO          501    i.HAL_TIM_Base_MspInit  tim.o
    0x08002dec   0x08002dec   0x00000080   Code   RO         2999    i.HAL_TIM_Base_Start_IT  stm32f4xx_hal_tim.o
    0x08002e6c   0x08002e6c   0x00000002   Code   RO         3028    i.HAL_TIM_IC_CaptureCallback  stm32f4xx_hal_tim.o
    0x08002e6e   0x08002e6e   0x00000166   Code   RO         3042    i.HAL_TIM_IRQHandler  stm32f4xx_hal_tim.o
    0x08002fd4   0x08002fd4   0x00000054   Code   RO          502    i.HAL_TIM_MspPostInit  tim.o
    0x08003028   0x08003028   0x00000002   Code   RO         3045    i.HAL_TIM_OC_DelayElapsedCallback  stm32f4xx_hal_tim.o
    0x0800302a   0x0800302a   0x000000cc   Code   RO         3066    i.HAL_TIM_PWM_ConfigChannel  stm32f4xx_hal_tim.o
    0x080030f6   0x080030f6   0x0000005a   Code   RO         3069    i.HAL_TIM_PWM_Init  stm32f4xx_hal_tim.o
    0x08003150   0x08003150   0x00000002   Code   RO         3071    i.HAL_TIM_PWM_MspInit  stm32f4xx_hal_tim.o
    0x08003152   0x08003152   0x00000002   Code   RO         3072    i.HAL_TIM_PWM_PulseFinishedCallback  stm32f4xx_hal_tim.o
    0x08003154   0x08003154   0x000000c8   Code   RO         3074    i.HAL_TIM_PWM_Start  stm32f4xx_hal_tim.o
    0x0800321c   0x0800321c   0x00000014   Code   RO           14    i.HAL_TIM_PeriodElapsedCallback  main.o
    0x08003230   0x08003230   0x00000002   Code   RO         3085    i.HAL_TIM_TriggerCallback  stm32f4xx_hal_tim.o
    0x08003232   0x08003232   0x00000002   Code   RO         3976    i.HAL_UARTEx_RxEventCallback  stm32f4xx_hal_uart.o
    0x08003234   0x08003234   0x00000070   Code   RO         3988    i.HAL_UART_DMAStop  stm32f4xx_hal_uart.o
    0x080032a4   0x080032a4   0x00000002   Code   RO         3990    i.HAL_UART_ErrorCallback  stm32f4xx_hal_uart.o
    0x080032a6   0x080032a6   0x00000002   PAD
    0x080032a8   0x080032a8   0x00000268   Code   RO         3993    i.HAL_UART_IRQHandler  stm32f4xx_hal_uart.o
    0x08003510   0x08003510   0x00000062   Code   RO         3994    i.HAL_UART_Init     stm32f4xx_hal_uart.o
    0x08003572   0x08003572   0x00000002   PAD
    0x08003574   0x08003574   0x000002d8   Code   RO          549    i.HAL_UART_MspInit  usart.o
    0x0800384c   0x0800384c   0x0000002a   Code   RO         3998    i.HAL_UART_Receive_DMA  stm32f4xx_hal_uart.o
    0x08003876   0x08003876   0x00000002   PAD
    0x08003878   0x08003878   0x00000068   Code   RO         5848    i.HAL_UART_RxCpltCallback  communication.o
    0x080038e0   0x080038e0   0x00000002   Code   RO         4001    i.HAL_UART_RxHalfCpltCallback  stm32f4xx_hal_uart.o
    0x080038e2   0x080038e2   0x00000002   Code   RO         4005    i.HAL_UART_TxCpltCallback  stm32f4xx_hal_uart.o
    0x080038e4   0x080038e4   0x00000002   Code   RO          620    i.HardFault_Handler  stm32f4xx_it.o
    0x080038e6   0x080038e6   0x00000002   PAD
    0x080038e8   0x080038e8   0x000000b4   Code   RO         6758    i.INS_gyrooffset_calculate  ins_task.o
    0x0800399c   0x0800399c   0x00000200   Code   RO         6759    i.INS_task          ins_task.o
    0x08003b9c   0x08003b9c   0x000001a4   Code   RO         6078    i.JUDGE_Receive     judge.o
    0x08003d40   0x08003d40   0x00000044   Code   RO          345    i.MX_CAN1_Init      can.o
    0x08003d84   0x08003d84   0x00000044   Code   RO          346    i.MX_CAN2_Init      can.o
    0x08003dc8   0x08003dc8   0x000000ac   Code   RO          392    i.MX_DMA_Init       dma.o
    0x08003e74   0x08003e74   0x00000068   Code   RO          280    i.MX_FREERTOS_Init  freertos.o
    0x08003edc   0x08003edc   0x0000018c   Code   RO          256    i.MX_GPIO_Init      gpio.o
    0x08004068   0x08004068   0x00000040   Code   RO          418    i.MX_I2C3_Init      i2c.o
    0x080040a8   0x080040a8   0x00000048   Code   RO          460    i.MX_SPI1_Init      spi.o
    0x080040f0   0x080040f0   0x00000064   Code   RO          503    i.MX_TIM10_Init     tim.o
    0x08004154   0x08004154   0x00000038   Code   RO          550    i.MX_USART1_UART_Init  usart.o
    0x0800418c   0x0800418c   0x0000003c   Code   RO          551    i.MX_USART3_UART_Init  usart.o
    0x080041c8   0x080041c8   0x00000038   Code   RO          552    i.MX_USART6_UART_Init  usart.o
    0x08004200   0x08004200   0x000001e4   Code   RO         6760    i.MahonyAHRSupdateIMU  ins_task.o
    0x080043e4   0x080043e4   0x00000002   Code   RO          621    i.MemManage_Handler  stm32f4xx_it.o
    0x080043e6   0x080043e6   0x00000002   Code   RO          622    i.NMI_Handler       stm32f4xx_it.o
    0x080043e8   0x080043e8   0x00000128   Code   RO         6870    i.PID_calc          pid.o
    0x08004510   0x08004510   0x0000005c   Code   RO         6873    i.PID_init          pid.o
    0x0800456c   0x0800456c   0x000000d4   Code   RO         6722    i.SPI1_DMA_enable   bsp_spi.o
    0x08004640   0x08004640   0x000000f0   Code   RO         6723    i.SPI1_DMA_init     bsp_spi.o
    0x08004730   0x08004730   0x0000000c   Code   RO          623    i.SPI1_IRQHandler   stm32f4xx_it.o
    0x0800473c   0x0800473c   0x00000010   Code   RO         2708    i.SPI_DMAAbortOnError  stm32f4xx_hal_spi.o
    0x0800474c   0x0800474c   0x00000058   Code   RO         2719    i.SPI_EndRxTxTransaction  stm32f4xx_hal_spi.o
    0x080047a4   0x080047a4   0x000000b8   Code   RO         2724    i.SPI_WaitFlagStateUntilTimeout  stm32f4xx_hal_spi.o
    0x0800485c   0x0800485c   0x00000008   Code   RO          281    i.StartDefaultTask  freertos.o
    0x08004864   0x08004864   0x0000002c   Code   RO         5589    i.SysTick_Handler   port.o
    0x08004890   0x08004890   0x00000094   Code   RO           15    i.SystemClock_Config  main.o
    0x08004924   0x08004924   0x00000010   Code   RO         4323    i.SystemInit        system_stm32f4xx.o
    0x08004934   0x08004934   0x0000000c   Code   RO          624    i.TIM3_IRQHandler   stm32f4xx_it.o
    0x08004940   0x08004940   0x000000c8   Code   RO         3087    i.TIM_Base_SetConfig  stm32f4xx_hal_tim.o
    0x08004a08   0x08004a08   0x0000001a   Code   RO         3088    i.TIM_CCxChannelCmd  stm32f4xx_hal_tim.o
    0x08004a22   0x08004a22   0x00000002   PAD
    0x08004a24   0x08004a24   0x00000060   Code   RO         3100    i.TIM_OC1_SetConfig  stm32f4xx_hal_tim.o
    0x08004a84   0x08004a84   0x0000006c   Code   RO         3101    i.TIM_OC2_SetConfig  stm32f4xx_hal_tim.o
    0x08004af0   0x08004af0   0x00000068   Code   RO         3102    i.TIM_OC3_SetConfig  stm32f4xx_hal_tim.o
    0x08004b58   0x08004b58   0x00000050   Code   RO         3103    i.TIM_OC4_SetConfig  stm32f4xx_hal_tim.o
    0x08004ba8   0x08004ba8   0x00000010   Code   RO         4007    i.UART_DMAAbortOnError  stm32f4xx_hal_uart.o
    0x08004bb8   0x08004bb8   0x0000004a   Code   RO         4008    i.UART_DMAError     stm32f4xx_hal_uart.o
    0x08004c02   0x08004c02   0x00000082   Code   RO         4009    i.UART_DMAReceiveCplt  stm32f4xx_hal_uart.o
    0x08004c84   0x08004c84   0x0000001a   Code   RO         4011    i.UART_DMARxHalfCplt  stm32f4xx_hal_uart.o
    0x08004c9e   0x08004c9e   0x0000004e   Code   RO         4017    i.UART_EndRxTransfer  stm32f4xx_hal_uart.o
    0x08004cec   0x08004cec   0x0000001c   Code   RO         4018    i.UART_EndTxTransfer  stm32f4xx_hal_uart.o
    0x08004d08   0x08004d08   0x000000c0   Code   RO         4019    i.UART_Receive_IT   stm32f4xx_hal_uart.o
    0x08004dc8   0x08004dc8   0x0000010c   Code   RO         4020    i.UART_SetConfig    stm32f4xx_hal_uart.o
    0x08004ed4   0x08004ed4   0x00000094   Code   RO         4021    i.UART_Start_Receive_DMA  stm32f4xx_hal_uart.o
    0x08004f68   0x08004f68   0x00000018   Code   RO          625    i.USART1_IRQHandler  stm32f4xx_it.o
    0x08004f80   0x08004f80   0x00000018   Code   RO          626    i.USART3_IRQHandler  stm32f4xx_it.o
    0x08004f98   0x08004f98   0x0000003c   Code   RO         6184    i.USART3_Init       drv_usart.o
    0x08004fd4   0x08004fd4   0x00000190   Code   RO         5668    i.USART3_rxDataHandler  rc_potocal.o
    0x08005164   0x08005164   0x00000018   Code   RO          627    i.USART6_IRQHandler  stm32f4xx_it.o
    0x0800517c   0x0800517c   0x000000a4   Code   RO         6761    i.USER_DMA2_Stream2_IRQHandler  ins_task.o
    0x08005220   0x08005220   0x000000a4   Code   RO         6079    i.Update_data       judge.o
    0x080052c4   0x080052c4   0x00000002   Code   RO          628    i.UsageFault_Handler  stm32f4xx_it.o
    0x080052c6   0x080052c6   0x00000002   PAD
    0x080052c8   0x080052c8   0x0000003c   Code   RO         5949    i.Verify_CRC16_Check_Sum  crc.o
    0x08005304   0x08005304   0x00000026   Code   RO         5950    i.Verify_CRC8_Check_Sum  crc.o
    0x0800532a   0x0800532a   0x00000002   PAD
    0x0800532c   0x0800532c   0x00000044   Code   RO         6363    i.Yaw_Diff          chassis.o
    0x08005370   0x08005370   0x00000030   Code   RO         7098    i.__ARM_fpclassify  m_wm.l(fpclassify.o)
    0x080053a0   0x080053a0   0x00000026   Code   RO         7100    i.__ARM_fpclassifyf  m_wm.l(fpclassifyf.o)
    0x080053c6   0x080053c6   0x00000020   Code   RO         1845    i.__NVIC_SetPriority  stm32f4xx_hal_cortex.o
    0x080053e6   0x080053e6   0x00000002   PAD
    0x080053e8   0x080053e8   0x0000012c   Code   RO         6959    i.__hardfp_asinf    m_wm.l(asinf.o)
    0x08005514   0x08005514   0x00000004   PAD
    0x08005518   0x08005518   0x000002d8   Code   RO         6971    i.__hardfp_atan     m_wm.l(atan.o)
    0x080057f0   0x080057f0   0x000002ac   Code   RO         6985    i.__hardfp_atan2f   m_wm.l(atan2f.o)
    0x08005a9c   0x08005a9c   0x00000004   PAD
    0x08005aa0   0x08005aa0   0x000000c8   Code   RO         6997    i.__hardfp_cos      m_wm.l(cos.o)
    0x08005b68   0x08005b68   0x00000c50   Code   RO         7009    i.__hardfp_pow      m_wm.l(pow.o)
    0x080067b8   0x080067b8   0x000000c8   Code   RO         7023    i.__hardfp_sin      m_wm.l(sin.o)
    0x08006880   0x08006880   0x0000007a   Code   RO         7035    i.__hardfp_sqrt     m_wm.l(sqrt.o)
    0x080068fa   0x080068fa   0x00000006   PAD
    0x08006900   0x08006900   0x00000438   Code   RO         7119    i.__ieee754_rem_pio2  m_wm.l(rred.o)
    0x08006d38   0x08006d38   0x00000170   Code   RO         7075    i.__kernel_cos      m_wm.l(cos_i.o)
    0x08006ea8   0x08006ea8   0x000000f8   Code   RO         7116    i.__kernel_poly     m_wm.l(poly.o)
    0x08006fa0   0x08006fa0   0x00000130   Code   RO         7124    i.__kernel_sin      m_wm.l(sin_i.o)
    0x080070d0   0x080070d0   0x00000030   Code   RO         7078    i.__mathlib_dbl_divzero  m_wm.l(dunder.o)
    0x08007100   0x08007100   0x00000014   Code   RO         7079    i.__mathlib_dbl_infnan  m_wm.l(dunder.o)
    0x08007114   0x08007114   0x00000014   Code   RO         7080    i.__mathlib_dbl_infnan2  m_wm.l(dunder.o)
    0x08007128   0x08007128   0x00000020   Code   RO         7081    i.__mathlib_dbl_invalid  m_wm.l(dunder.o)
    0x08007148   0x08007148   0x00000020   Code   RO         7082    i.__mathlib_dbl_overflow  m_wm.l(dunder.o)
    0x08007168   0x08007168   0x00000020   Code   RO         7084    i.__mathlib_dbl_underflow  m_wm.l(dunder.o)
    0x08007188   0x08007188   0x00000006   Code   RO         7103    i.__mathlib_flt_infnan  m_wm.l(funder.o)
    0x0800718e   0x0800718e   0x00000006   Code   RO         7104    i.__mathlib_flt_infnan2  m_wm.l(funder.o)
    0x08007194   0x08007194   0x00000010   Code   RO         7105    i.__mathlib_flt_invalid  m_wm.l(funder.o)
    0x080071a4   0x080071a4   0x00000010   Code   RO         7108    i.__mathlib_flt_underflow  m_wm.l(funder.o)
    0x080071b4   0x080071b4   0x00000128   Code   RO         6457    i.bmi088_accel_init  bmi088driver.o
    0x080072dc   0x080072dc   0x000002d4   Code   RO         6458    i.bmi088_accel_self_test  bmi088driver.o
    0x080075b0   0x080075b0   0x000000dc   Code   RO         6459    i.bmi088_gyro_init  bmi088driver.o
    0x0800768c   0x0800768c   0x000000ca   Code   RO         6460    i.bmi088_gyro_self_test  bmi088driver.o
    0x08007756   0x08007756   0x00000002   PAD
    0x08007758   0x08007758   0x0000004c   Code   RO         6120    i.can_cmd_send_3508  user_can.o
    0x080077a4   0x080077a4   0x0000004c   Code   RO         6121    i.can_cmd_send_6020  user_can.o
    0x080077f0   0x080077f0   0x00000028   Code   RO         6122    i.can_remote        user_can.o
    0x08007818   0x08007818   0x0000014c   Code   RO         6309    i.compound_control  channel_changes.o
    0x08007964   0x08007964   0x000002d8   Code   RO         5884    i.compound_movement_3508  motion_overlay.o
    0x08007c3c   0x08007c3c   0x0000021c   Code   RO         5885    i.compound_movement_6020  motion_overlay.o
    0x08007e58   0x08007e58   0x00000028   Code   RO         6656    i.delay_init        bsp_delay.o
    0x08007e80   0x08007e80   0x00000034   Code   RO         6658    i.delay_us          bsp_delay.o
    0x08007eb4   0x08007eb4   0x0000004c   Code   RO         6186    i.dma_m0_rxcplt_callback  drv_usart.o
    0x08007f00   0x08007f00   0x00000048   Code   RO         6187    i.dma_m1_rxcplt_callback  drv_usart.o
    0x08007f48   0x08007f48   0x00000018   Code   RO         7094    i.fabs              m_wm.l(fabs.o)
    0x08007f60   0x08007f60   0x000000f4   Code   RO         6764    i.get_angle         ins_task.o
    0x08008054   0x08008054   0x000000a4   Code   RO         6766    i.imu_cali_slove    ins_task.o
    0x080080f8   0x080080f8   0x000000fc   Code   RO         6767    i.imu_cmd_spi_dma   ins_task.o
    0x080081f4   0x080081f4   0x0000000c   Code   RO         6694    i.imu_pwm_set       bsp_imu_pwm.o
    0x08008200   0x08008200   0x0000007c   Code   RO         6768    i.imu_temp_control  ins_task.o
    0x0800827c   0x0800827c   0x0000002c   Code   RO         6769    i.invSqrt           ins_task.o
    0x080082a8   0x080082a8   0x00000010   Code   RO         6264    i.limit_max         user_pid.o
    0x080082b8   0x080082b8   0x00000084   Code   RO           16    i.main              main.o
    0x0800833c   0x0800833c   0x0000000c   Code   RO         5154    i.makeFreeRtosPriority  cmsis_os.o
    0x08008348   0x08008348   0x00000084   Code   RO         5804    i.motor_value       handle_value.o
    0x080083cc   0x080083cc   0x0000000e   Code   RO         5156    i.osDelay           cmsis_os.o
    0x080083da   0x080083da   0x0000000a   Code   RO         5159    i.osKernelStart     cmsis_os.o
    0x080083e4   0x080083e4   0x00000054   Code   RO         5193    i.osThreadCreate    cmsis_os.o
    0x08008438   0x08008438   0x00000020   Code   RO         4824    i.pcTaskGetName     tasks.o
    0x08008458   0x08008458   0x000000b8   Code   RO         6265    i.pid_cal_a         user_pid.o
    0x08008510   0x08008510   0x00000092   Code   RO         6266    i.pid_cal_s         user_pid.o
    0x080085a2   0x080085a2   0x0000000c   Code   RO         6267    i.pid_init          user_pid.o
    0x080085ae   0x080085ae   0x00000002   PAD
    0x080085b0   0x080085b0   0x00000070   Code   RO         4825    i.prvAddCurrentTaskToDelayedList  tasks.o
    0x08008620   0x08008620   0x000000d0   Code   RO         4826    i.prvAddNewTaskToReadyList  tasks.o
    0x080086f0   0x080086f0   0x00000034   Code   RO         4827    i.prvDeleteTCB      tasks.o
    0x08008724   0x08008724   0x0000004c   Code   RO         5521    i.prvHeapInit       heap_4.o
    0x08008770   0x08008770   0x00000060   Code   RO         4828    i.prvIdleTask       tasks.o
    0x080087d0   0x080087d0   0x00000098   Code   RO         4829    i.prvInitialiseNewTask  tasks.o
    0x08008868   0x08008868   0x0000004c   Code   RO         5522    i.prvInsertBlockIntoFreeList  heap_4.o
    0x080088b4   0x080088b4   0x00000020   Code   RO         4830    i.prvResetNextTaskUnblockTime  tasks.o
    0x080088d4   0x080088d4   0x00000058   Code   RO         4831    i.prvSearchForNameWithinSingleList  tasks.o
    0x0800892c   0x0800892c   0x00000028   Code   RO         5590    i.prvTaskExitError  port.o
    0x08008954   0x08008954   0x000000dc   Code   RO         5523    i.pvPortMalloc      heap_4.o
    0x08008a30   0x08008a30   0x0000002c   Code   RO         5591    i.pxPortInitialiseStack  port.o
    0x08008a5c   0x08008a5c   0x00000168   Code   RO         5805    i.remote_value      handle_value.o
    0x08008bc4   0x08008bc4   0x00000020   Code   RO         5886    i.rotate_3508       motion_overlay.o
    0x08008be4   0x08008be4   0x00000058   Code   RO         5887    i.rotate_6020       motion_overlay.o
    0x08008c3c   0x08008c3c   0x00000138   Code   RO         6310    i.rotate_control    channel_changes.o
    0x08008d74   0x08008d74   0x0000006e   Code   RO         7037    i.sqrt              m_wm.l(sqrt.o)
    0x08008de2   0x08008de2   0x0000003e   Code   RO         7132    i.sqrtf             m_wm.l(sqrtf.o)
    0x08008e20   0x08008e20   0x00000198   Code   RO         5888    i.translate_3508    motion_overlay.o
    0x08008fb8   0x08008fb8   0x00000100   Code   RO         5889    i.translate_6020    motion_overlay.o
    0x080090b8   0x080090b8   0x0000014c   Code   RO         6311    i.translational_control  channel_changes.o
    0x08009204   0x08009204   0x0000009c   Code   RO         6188    i.uart_rx_idle_callback  drv_usart.o
    0x080092a0   0x080092a0   0x00000068   Code   RO         4834    i.ulTaskNotifyTake  tasks.o
    0x08009308   0x08009308   0x00000026   Code   RO         4461    i.uxListRemove      list.o
    0x0800932e   0x0800932e   0x00000002   PAD
    0x08009330   0x08009330   0x00000014   Code   RO          282    i.vApplicationGetIdleTaskMemory  freertos.o
    0x08009344   0x08009344   0x00000016   Code   RO         4462    i.vListInitialise   list.o
    0x0800935a   0x0800935a   0x00000006   Code   RO         4463    i.vListInitialiseItem  list.o
    0x08009360   0x08009360   0x00000030   Code   RO         4464    i.vListInsert       list.o
    0x08009390   0x08009390   0x00000018   Code   RO         4465    i.vListInsertEnd    list.o
    0x080093a8   0x080093a8   0x00000040   Code   RO         5593    i.vPortEnterCritical  port.o
    0x080093e8   0x080093e8   0x00000028   Code   RO         5594    i.vPortExitCritical  port.o
    0x08009410   0x08009410   0x00000064   Code   RO         5524    i.vPortFree         heap_4.o
    0x08009474   0x08009474   0x00000024   Code   RO         5595    i.vPortSetupTimerInterrupt  port.o
    0x08009498   0x08009498   0x00000054   Code   RO         5596    i.vPortValidateInterruptPriority  port.o
    0x080094ec   0x080094ec   0x0000004c   Code   RO         4840    i.vTaskDelay        tasks.o
    0x08009538   0x08009538   0x000000b4   Code   RO         4845    i.vTaskNotifyGiveFromISR  tasks.o
    0x080095ec   0x080095ec   0x0000006c   Code   RO         4853    i.vTaskStartScheduler  tasks.o
    0x08009658   0x08009658   0x00000010   Code   RO         4855    i.vTaskSuspendAll   tasks.o
    0x08009668   0x08009668   0x0000005c   Code   RO         4856    i.vTaskSwitchContext  tasks.o
    0x080096c4   0x080096c4   0x000000f4   Code   RO         5597    i.xPortStartScheduler  port.o
    0x080097b8   0x080097b8   0x0000005a   Code   RO         4859    i.xTaskCreate       tasks.o
    0x08009812   0x08009812   0x00000056   Code   RO         4860    i.xTaskCreateStatic  tasks.o
    0x08009868   0x08009868   0x00000084   Code   RO         4864    i.xTaskGetHandle    tasks.o
    0x080098ec   0x080098ec   0x0000001c   Code   RO         4865    i.xTaskGetSchedulerState  tasks.o
    0x08009908   0x08009908   0x000000cc   Code   RO         4868    i.xTaskIncrementTick  tasks.o
    0x080099d4   0x080099d4   0x000000c4   Code   RO         4874    i.xTaskResumeAll    tasks.o
    0x08009a98   0x08009a98   0x00000018   Code   RO         7056    x$fpl$basic         fz_wm.l(basic.o)
    0x08009ab0   0x08009ab0   0x00000062   Code   RO         6933    x$fpl$d2f           fz_wm.l(d2f.o)
    0x08009b12   0x08009b12   0x00000002   PAD
    0x08009b14   0x08009b14   0x00000150   Code   RO         6935    x$fpl$dadd          fz_wm.l(daddsub_clz.o)
    0x08009c64   0x08009c64   0x00000010   Code   RO         7164    x$fpl$dcheck1       fz_wm.l(dcheck1.o)
    0x08009c74   0x08009c74   0x00000018   Code   RO         7166    x$fpl$dcmpinf       fz_wm.l(dcmpi.o)
    0x08009c8c   0x08009c8c   0x000002b0   Code   RO         6942    x$fpl$ddiv          fz_wm.l(ddiv.o)
    0x08009f3c   0x08009f3c   0x0000005e   Code   RO         6945    x$fpl$dfix          fz_wm.l(dfix.o)
    0x08009f9a   0x08009f9a   0x0000002e   Code   RO         6950    x$fpl$dflt          fz_wm.l(dflt_clz.o)
    0x08009fc8   0x08009fc8   0x00000026   Code   RO         6949    x$fpl$dfltu         fz_wm.l(dflt_clz.o)
    0x08009fee   0x08009fee   0x00000002   PAD
    0x08009ff0   0x08009ff0   0x00000078   Code   RO         7058    x$fpl$dleqf         fz_wm.l(dleqf.o)
    0x0800a068   0x0800a068   0x00000154   Code   RO         6955    x$fpl$dmul          fz_wm.l(dmul.o)
    0x0800a1bc   0x0800a1bc   0x0000009c   Code   RO         7060    x$fpl$dnaninf       fz_wm.l(dnaninf.o)
    0x0800a258   0x0800a258   0x0000000c   Code   RO         7062    x$fpl$dretinf       fz_wm.l(dretinf.o)
    0x0800a264   0x0800a264   0x0000006c   Code   RO         7064    x$fpl$drleqf        fz_wm.l(drleqf.o)
    0x0800a2d0   0x0800a2d0   0x00000016   Code   RO         6936    x$fpl$drsb          fz_wm.l(daddsub_clz.o)
    0x0800a2e6   0x0800a2e6   0x00000002   PAD
    0x0800a2e8   0x0800a2e8   0x00000198   Code   RO         7066    x$fpl$dsqrt         fz_wm.l(dsqrt_umaal.o)
    0x0800a480   0x0800a480   0x000001d4   Code   RO         6937    x$fpl$dsub          fz_wm.l(daddsub_clz.o)
    0x0800a654   0x0800a654   0x00000056   Code   RO         6957    x$fpl$f2d           fz_wm.l(f2d.o)
    0x0800a6aa   0x0800a6aa   0x0000008c   Code   RO         7068    x$fpl$fnaninf       fz_wm.l(fnaninf.o)
    0x0800a736   0x0800a736   0x0000000a   Code   RO         7257    x$fpl$fpinit        fz_wm.l(fpinit.o)
    0x0800a740   0x0800a740   0x0000000a   Code   RO         7070    x$fpl$fretinf       fz_wm.l(fretinf.o)
    0x0800a74a   0x0800a74a   0x00000064   Code   RO         7185    x$fpl$retnan        fz_wm.l(retnan.o)
    0x0800a7ae   0x0800a7ae   0x0000005c   Code   RO         7072    x$fpl$scalbn        fz_wm.l(scalbn.o)
    0x0800a80a   0x0800a80a   0x00000030   Code   RO         7240    x$fpl$trapveneer    fz_wm.l(trapv.o)
    0x0800a83a   0x0800a83a   0x00000000   Code   RO         7074    x$fpl$usenofp       fz_wm.l(usenofp.o)
    0x0800a83a   0x0800a83a   0x00000002   PAD
    0x0800a83c   0x0800a83c   0x00000070   Data   RO          284    .constdata          freertos.o
    0x0800a8ac   0x0800a8ac   0x00000008   Data   RO         1562    .constdata          stm32f4xx_hal_dma.o
    0x0800a8b4   0x0800a8b4   0x00000010   Data   RO         4324    .constdata          system_stm32f4xx.o
    0x0800a8c4   0x0800a8c4   0x00000008   Data   RO         4325    .constdata          system_stm32f4xx.o
    0x0800a8cc   0x0800a8cc   0x00000300   Data   RO         5952    .constdata          crc.o
    0x0800abcc   0x0800abcc   0x00000024   Data   RO         6365    .constdata          chassis.o
    0x0800abf0   0x0800abf0   0x00000012   Data   RO         6465    .constdata          bmi088driver.o
    0x0800ac02   0x0800ac02   0x00000002   PAD
    0x0800ac04   0x0800ac04   0x0000000c   Data   RO         6771    .constdata          ins_task.o
    0x0800ac10   0x0800ac10   0x00000098   Data   RO         6974    .constdata          m_wm.l(atan.o)
    0x0800aca8   0x0800aca8   0x00000088   Data   RO         7012    .constdata          m_wm.l(pow.o)
    0x0800ad30   0x0800ad30   0x00000030   Data   RO         7076    .constdata          m_wm.l(cos_i.o)
    0x0800ad60   0x0800ad60   0x00000008   Data   RO         7118    .constdata          m_wm.l(qnan.o)
    0x0800ad68   0x0800ad68   0x000000c8   Data   RO         7121    .constdata          m_wm.l(rred.o)
    0x0800ae30   0x0800ae30   0x00000028   Data   RO         7125    .constdata          m_wm.l(sin_i.o)
    0x0800ae58   0x0800ae58   0x00000028   Data   RO          285    .conststring        freertos.o
    0x0800ae80   0x0800ae80   0x00000020   Data   RO         7315    Region$$Table       anon$$obj.o


    Execution Region RW_IRAM1 (Exec base: 0x20000000, Load base: 0x0800aea0, Size: 0x00005360, Max: 0x0001c000, ABSOLUTE, COMPRESSED[0x0000006c])

    Exec Addr    Load Addr    Size         Type   Attr      Idx    E Section Name        Object

    0x20000000   COMPRESSED   0x00000010   Data   RW          286    .data               freertos.o
    0x20000010   COMPRESSED   0x00000004   Data   RW          348    .data               can.o
    0x20000014   COMPRESSED   0x0000000c   Data   RW         1989    .data               stm32f4xx_hal.o
    0x20000020   COMPRESSED   0x00000004   Data   RW         4326    .data               system_stm32f4xx.o
    0x20000024   COMPRESSED   0x0000003c   Data   RW         4877    .data               tasks.o
    0x20000060   COMPRESSED   0x00000020   Data   RW         5530    .data               heap_4.o
    0x20000080   COMPRESSED   0x0000000c   Data   RW         5598    .data               port.o
    0x2000008c   COMPRESSED   0x0000003a   Data   RW         5671    .data               rc_potocal.o
    0x200000c6   COMPRESSED   0x00000002   PAD
    0x200000c8   COMPRESSED   0x00000004   Data   RW         5806    .data               handle_value.o
    0x200000cc   COMPRESSED   0x00000003   Data   RW         5850    .data               communication.o
    0x200000cf   COMPRESSED   0x00000001   PAD
    0x200000d0   COMPRESSED   0x00000010   Data   RW         5890    .data               motion_overlay.o
    0x200000e0   COMPRESSED   0x00000002   Data   RW         5953    .data               crc.o
    0x200000e2   COMPRESSED   0x00000008   Data   RW         6125    .data               user_can.o
    0x200000ea   COMPRESSED   0x00000002   PAD
    0x200000ec   COMPRESSED   0x00000008   Data   RW         6190    .data               drv_usart.o
    0x200000f4   COMPRESSED   0x00000020   Data   RW         6312    .data               channel_changes.o
    0x20000114   COMPRESSED   0x00000002   Data   RW         6366    .data               chassis.o
    0x20000116   COMPRESSED   0x00000002   Data   RW         6367    .data               chassis.o
    0x20000118   COMPRESSED   0x00000002   Data   RW         6368    .data               chassis.o
    0x2000011a   COMPRESSED   0x00000002   Data   RW         6369    .data               chassis.o
    0x2000011c   COMPRESSED   0x0000000c   Data   RW         6370    .data               chassis.o
    0x20000128   COMPRESSED   0x00000008   Data   RW         6417    .data               exchange_task.o
    0x20000130   COMPRESSED   0x00000030   Data   RW         6466    .data               bmi088driver.o
    0x20000160   COMPRESSED   0x00000008   Data   RW         6659    .data               bsp_delay.o
    0x20000168   COMPRESSED   0x00000090   Data   RW         6773    .data               ins_task.o
    0x200001f8        -       0x00000080   Zero   RW           17    .bss                main.o
    0x20000278        -       0x00000254   Zero   RW          283    .bss                freertos.o
    0x200004cc        -       0x00000050   Zero   RW          347    .bss                can.o
    0x2000051c        -       0x00000054   Zero   RW          419    .bss                i2c.o
    0x20000570        -       0x00000118   Zero   RW          461    .bss                spi.o
    0x20000688        -       0x00000048   Zero   RW          504    .bss                tim.o
    0x200006d0        -       0x0000030c   Zero   RW          553    .bss                usart.o
    0x200009dc        -       0x00000048   Zero   RW          818    .bss                stm32f4xx_hal_timebase_tim.o
    0x20000a24        -       0x000000f0   Zero   RW         4876    .bss                tasks.o
    0x20000b14        -       0x00003c00   Zero   RW         5529    .bss                heap_4.o
    0x20004714        -       0x00000016   Zero   RW         5669    .bss                rc_potocal.o
    0x2000472a   COMPRESSED   0x00000002   PAD
    0x2000472c        -       0x0000000c   Zero   RW         5849    .bss                communication.o
    0x20004738        -       0x000000c9   Zero   RW         6080    .bss                judge.o
    0x20004801   COMPRESSED   0x00000003   PAD
    0x20004804        -       0x00000068   Zero   RW         6123    .bss                user_can.o
    0x2000486c        -       0x000001c0   Zero   RW         6189    .bss                drv_usart.o
    0x20004a2c        -       0x000001e0   Zero   RW         6364    .bss                chassis.o
    0x20004c0c        -       0x000000f4   Zero   RW         6770    .bss                ins_task.o
    0x20004d00        -       0x00000060   Zero   RW         7169    .bss                c_w.l(libspace.o)
    0x20004d60        -       0x00000200   Zero   RW            2    HEAP                startup_stm32f407xx.o
    0x20004f60        -       0x00000400   Zero   RW            1    STACK               startup_stm32f407xx.o


    Execution Region RW_IRAM2 (Exec base: 0x2001c000, Load base: 0x0800af0c, Size: 0x00000000, Max: 0x00004000, ABSOLUTE)

    **** No section assigned to this execution region ****


==============================================================================

Image component sizes


      Code (inc. data)   RO Data    RW Data    ZI Data      Debug   Object Name

      2186         38         18         48          0      11115   bmi088driver.o
       108         28          0          0          0       4816   bmi088middleware.o
        92         18          0          8          0       1420   bsp_delay.o
        12          4          0          0          0        534   bsp_imu_pwm.o
       452         40          0          0          0       1566   bsp_spi.o
       436         42          0          4         80       2526   can.o
       976        162          0         32          0       4058   channel_changes.o
       312         42         36         20        480       3352   chassis.o
       120          0          0          0          0      23345   cmsis_os.o
       104         22          0          3         12       1814   communication.o
       170         16        768          2          0       4047   crc.o
       172          4          0          0          0        874   dma.o
      1048         92          0          8        448       7378   drv_usart.o
         0          0          0          0          0      16944   event_groups.o
       368          8          0          8          0       1488   exchange_task.o
       132         12        152         16        596       3965   freertos.o
       396         26          0          0          0       1187   gpio.o
       492         34          0          4          0       1849   handle_value.o
       472         24          0         32      15360       7463   heap_4.o
       212         32          0          0         84       1745   i2c.o
      2308        174         12        144        244      13186   ins_task.o
       584         20          0          0        201       7214   judge.o
       138          0          0          0          0       3590   list.o
       304         32          0          0        128     752001   main.o
      2052        112          0         16          0       4612   motion_overlay.o
       388          8          0          0          0       2054   pid.o
       786         82          0         12          0      11901   port.o
       400          8          0         58         22     589586   rc_potocal.o
       340         34          0          0        280       1931   spi.o
        64         26        392          0       1536        848   startup_stm32f407xx.o
        80         14          0         12          0       8106   stm32f4xx_hal.o
      1658          6          0          0          0      14339   stm32f4xx_hal_can.o
       158         14          0          0          0      33198   stm32f4xx_hal_cortex.o
      1084         16          8          0          0       7382   stm32f4xx_hal_dma.o
       530         52          0          0          0       2835   stm32f4xx_hal_gpio.o
       392         16          0          0          0       3127   stm32f4xx_hal_i2c.o
        56          4          0          0          0        874   stm32f4xx_hal_msp.o
      1412         86          0          0          0       5925   stm32f4xx_hal_rcc.o
      1212         18          0          0          0       7182   stm32f4xx_hal_spi.o
      1694        136          0          0          0      13602   stm32f4xx_hal_tim.o
         4          0          0          0          0       1609   stm32f4xx_hal_tim_ex.o
       152         20          0          0         72       1491   stm32f4xx_hal_timebase_tim.o
      1836         30          0          0          0      13367   stm32f4xx_hal_uart.o
       290        106          0          0          0      12992   stm32f4xx_it.o
         0          0          0          0          0        432   stream_buffer.o
        16          4         24          4          0       1139   system_stm32f4xx.o
      2084        146          0         60        240      25208   tasks.o
       224         32          0          0         72       2302   tim.o
       900         80          0          0        780       3802   usart.o
       472         52          0          8        104       5486   user_can.o
       358          0          0          0          0       3583   user_pid.o

    ----------------------------------------------------------------------
     30282       1972       1444        504      20744    1656390   Object Totals
         0          0         32          0          0          0   (incl. Generated)
        46          0          2          5          5          0   (incl. Padding)

    ----------------------------------------------------------------------

      Code (inc. data)   RO Data    RW Data    ZI Data      Debug   Library Member Name

        90          0          0          0          0          0   __dczerorl2.o
         8          0          0          0          0         68   __main.o
         0          0          0          0          0          0   __rtentry.o
        12          0          0          0          0          0   __rtentry2.o
         6          0          0          0          0          0   __rtentry4.o
        52          8          0          0          0          0   __scatter.o
        28          0          0          0          0          0   __scatter_zi.o
        22          0          0          0          0        100   _rserrno.o
        18          0          0          0          0         80   exit.o
         6          0          0          0          0        152   heapauxi.o
         0          0          0          0          0          0   indicate_semi.o
         2          0          0          0          0          0   libinit.o
         6          0          0          0          0          0   libinit2.o
         2          0          0          0          0          0   libshutdown.o
         2          0          0          0          0          0   libshutdown2.o
         8          4          0          0         96         68   libspace.o
       238          0          0          0          0        100   lludivv7m.o
         8          4          0          0          0         68   rt_errno_addr_intlibspace.o
        78          0          0          0          0         80   rt_memclr_w.o
       138          0          0          0          0         68   rt_memcpy_v6.o
       100          0          0          0          0         80   rt_memcpy_w.o
         2          0          0          0          0          0   rtexit.o
        10          0          0          0          0          0   rtexit2.o
        62          0          0          0          0         76   strlen.o
        12          4          0          0          0         68   sys_exit.o
        74          0          0          0          0         80   sys_stackheap_outer.o
         2          0          0          0          0         68   use_no_semi.o
        24          0          0          0          0        164   basic.o
        98          4          0          0          0        140   d2f.o
       826         16          0          0          0        492   daddsub_clz.o
        16          4          0          0          0        116   dcheck1.o
        24          0          0          0          0        116   dcmpi.o
       688        140          0          0          0        256   ddiv.o
        94          4          0          0          0        140   dfix.o
        84          0          0          0          0        232   dflt_clz.o
       120          4          0          0          0        140   dleqf.o
       340         12          0          0          0        152   dmul.o
       156          4          0          0          0        140   dnaninf.o
        12          0          0          0          0        116   dretinf.o
       108          0          0          0          0        128   drleqf.o
       408         56          0          0          0        168   dsqrt_umaal.o
        86          4          0          0          0        132   f2d.o
       140          4          0          0          0        132   fnaninf.o
        10          0          0          0          0        116   fpinit.o
        10          0          0          0          0        116   fretinf.o
       100          0          0          0          0        116   retnan.o
        92          0          0          0          0        116   scalbn.o
        48          0          0          0          0        116   trapv.o
         0          0          0          0          0          0   usenofp.o
       300         42          0          0          0        176   asinf.o
       728        106        152          0          0        228   atan.o
       684         90          0          0          0        208   atan2f.o
       200         20          0          0          0        164   cos.o
       368         46         48          0          0        200   cos_i.o
       184         44          0          0          0        744   dunder.o
        24          0          0          0          0        124   fabs.o
        48          0          0          0          0        124   fpclassify.o
        38          0          0          0          0        116   fpclassifyf.o
        44         12          0          0          0        464   funder.o
       248          0          0          0          0        152   poly.o
      3152        296        136          0          0        352   pow.o
         0          0          8          0          0          0   qnan.o
      1080        142        200          0          0        188   rred.o
       200         20          0          0          0        164   sin.o
       304         24         40          0          0        208   sin_i.o
       232          0          0          0          0        296   sqrt.o
        62          0          0          0          0        136   sqrtf.o

    ----------------------------------------------------------------------
     12394       1122        584          0         96       8544   Library Totals
        28          8          0          0          0          0   (incl. Padding)

    ----------------------------------------------------------------------

      Code (inc. data)   RO Data    RW Data    ZI Data      Debug   Library Name

       986         20          0          0         96       1156   c_w.l
      3484        252          0          0          0       3344   fz_wm.l
      7896        842        584          0          0       4044   m_wm.l

    ----------------------------------------------------------------------
     12394       1122        584          0         96       8544   Library Totals

    ----------------------------------------------------------------------

==============================================================================


      Code (inc. data)   RO Data    RW Data    ZI Data      Debug   

     42676       3094       2028        504      20840    1634914   Grand Totals
     42676       3094       2028        108      20840    1634914   ELF Image Totals (compressed)
     42676       3094       2028        108          0          0   ROM Totals

==============================================================================

    Total RO  Size (Code + RO Data)                44704 (  43.66kB)
    Total RW  Size (RW Data + ZI Data)             21344 (  20.84kB)
    Total ROM Size (Code + RO Data + RW Data)      44812 (  43.76kB)

==============================================================================

