Component: ARM Compiler 5.06 update 7 (build 960) Tool: armlink [4d3601]

==============================================================================

Section Cross References

    startup_stm32f446xx.o(STACK) refers (Special) to heapauxi.o(.text) for __use_two_region_memory
    startup_stm32f446xx.o(HEAP) refers (Special) to heapauxi.o(.text) for __use_two_region_memory
    startup_stm32f446xx.o(RESET) refers (Special) to heapauxi.o(.text) for __use_two_region_memory
    startup_stm32f446xx.o(RESET) refers to startup_stm32f446xx.o(STACK) for __initial_sp
    startup_stm32f446xx.o(RESET) refers to startup_stm32f446xx.o(.text) for Reset_Handler
    startup_stm32f446xx.o(RESET) refers to stm32f4xx_it.o(i.NMI_Handler) for NMI_Handler
    startup_stm32f446xx.o(RESET) refers to stm32f4xx_it.o(i.HardFault_Handler) for HardFault_Handler
    startup_stm32f446xx.o(RESET) refers to stm32f4xx_it.o(i.MemManage_Handler) for MemManage_Handler
    startup_stm32f446xx.o(RESET) refers to stm32f4xx_it.o(i.BusFault_Handler) for BusFault_Handler
    startup_stm32f446xx.o(RESET) refers to stm32f4xx_it.o(i.UsageFault_Handler) for UsageFault_Handler
    startup_stm32f446xx.o(RESET) refers to port.o(.emb_text) for SVC_Handler
    startup_stm32f446xx.o(RESET) refers to stm32f4xx_it.o(i.DebugMon_Handler) for DebugMon_Handler
    startup_stm32f446xx.o(RESET) refers to stm32f4xx_it.o(i.SysTick_Handler) for SysTick_Handler
    startup_stm32f446xx.o(RESET) refers to stm32f4xx_it.o(i.DMA1_Stream0_IRQHandler) for DMA1_Stream0_IRQHandler
    startup_stm32f446xx.o(RESET) refers to stm32f4xx_it.o(i.DMA1_Stream1_IRQHandler) for DMA1_Stream1_IRQHandler
    startup_stm32f446xx.o(RESET) refers to stm32f4xx_it.o(i.DMA1_Stream3_IRQHandler) for DMA1_Stream3_IRQHandler
    startup_stm32f446xx.o(RESET) refers to stm32f4xx_it.o(i.DMA1_Stream5_IRQHandler) for DMA1_Stream5_IRQHandler
    startup_stm32f446xx.o(RESET) refers to stm32f4xx_it.o(i.DMA1_Stream6_IRQHandler) for DMA1_Stream6_IRQHandler
    startup_stm32f446xx.o(RESET) refers to stm32f4xx_it.o(i.CAN1_TX_IRQHandler) for CAN1_TX_IRQHandler
    startup_stm32f446xx.o(RESET) refers to stm32f4xx_it.o(i.CAN1_RX0_IRQHandler) for CAN1_RX0_IRQHandler
    startup_stm32f446xx.o(RESET) refers to stm32f4xx_it.o(i.CAN1_RX1_IRQHandler) for CAN1_RX1_IRQHandler
    startup_stm32f446xx.o(RESET) refers to stm32f4xx_it.o(i.TIM4_IRQHandler) for TIM4_IRQHandler
    startup_stm32f446xx.o(RESET) refers to stm32f4xx_it.o(i.USART1_IRQHandler) for USART1_IRQHandler
    startup_stm32f446xx.o(RESET) refers to stm32f4xx_it.o(i.USART2_IRQHandler) for USART2_IRQHandler
    startup_stm32f446xx.o(RESET) refers to stm32f4xx_it.o(i.USART3_IRQHandler) for USART3_IRQHandler
    startup_stm32f446xx.o(RESET) refers to stm32f4xx_it.o(i.DMA1_Stream7_IRQHandler) for DMA1_Stream7_IRQHandler
    startup_stm32f446xx.o(RESET) refers to stm32f4xx_it.o(i.UART5_IRQHandler) for UART5_IRQHandler
    startup_stm32f446xx.o(RESET) refers to stm32f4xx_it.o(i.DMA2_Stream2_IRQHandler) for DMA2_Stream2_IRQHandler
    startup_stm32f446xx.o(RESET) refers to stm32f4xx_it.o(i.CAN2_TX_IRQHandler) for CAN2_TX_IRQHandler
    startup_stm32f446xx.o(RESET) refers to stm32f4xx_it.o(i.CAN2_RX0_IRQHandler) for CAN2_RX0_IRQHandler
    startup_stm32f446xx.o(RESET) refers to stm32f4xx_it.o(i.CAN2_RX1_IRQHandler) for CAN2_RX1_IRQHandler
    startup_stm32f446xx.o(RESET) refers to stm32f4xx_it.o(i.DMA2_Stream7_IRQHandler) for DMA2_Stream7_IRQHandler
    startup_stm32f446xx.o(.text) refers (Special) to heapauxi.o(.text) for __use_two_region_memory
    startup_stm32f446xx.o(.text) refers to system_stm32f4xx.o(i.SystemInit) for SystemInit
    startup_stm32f446xx.o(.text) refers to __main.o(!!!main) for __main
    startup_stm32f446xx.o(.text) refers to startup_stm32f446xx.o(HEAP) for Heap_Mem
    startup_stm32f446xx.o(.text) refers to startup_stm32f446xx.o(STACK) for Stack_Mem
    main.o(i.SystemClock_Config) refers to rt_memclr_w.o(.text) for __aeabi_memclr4
    main.o(i.SystemClock_Config) refers to stm32f4xx_hal_rcc_ex.o(i.HAL_RCC_OscConfig) for HAL_RCC_OscConfig
    main.o(i.SystemClock_Config) refers to stm32f4xx_hal_rcc.o(i.HAL_RCC_ClockConfig) for HAL_RCC_ClockConfig
    main.o(i.main) refers to stm32f4xx_hal.o(i.HAL_Init) for HAL_Init
    main.o(i.main) refers to main.o(i.SystemClock_Config) for SystemClock_Config
    main.o(i.main) refers to gpio.o(i.MX_GPIO_Init) for MX_GPIO_Init
    main.o(i.main) refers to dma.o(i.MX_DMA_Init) for MX_DMA_Init
    main.o(i.main) refers to can.o(i.MX_CAN1_Init) for MX_CAN1_Init
    main.o(i.main) refers to can.o(i.MX_CAN2_Init) for MX_CAN2_Init
    main.o(i.main) refers to usart.o(i.MX_USART3_UART_Init) for MX_USART3_UART_Init
    main.o(i.main) refers to usart.o(i.MX_UART5_Init) for MX_UART5_Init
    main.o(i.main) refers to usart.o(i.MX_USART1_UART_Init) for MX_USART1_UART_Init
    main.o(i.main) refers to usart.o(i.MX_USART2_UART_Init) for MX_USART2_UART_Init
    main.o(i.main) refers to tim.o(i.MX_TIM4_Init) for MX_TIM4_Init
[...]
    RCC_IRQHandler                           0x08000397   Thumb Code     0  startup_stm32f446xx.o(.text)
    RTC_Alarm_IRQHandler                     0x08000397   Thumb Code     0  startup_stm32f446xx.o(.text)
    RTC_WKUP_IRQHandler                      0x08000397   Thumb Code     0  startup_stm32f446xx.o(.text)
    SAI1_IRQHandler                          0x08000397   Thumb Code     0  startup_stm32f446xx.o(.text)
    SAI2_IRQHandler                          0x08000397   Thumb Code     0  startup_stm32f446xx.o(.text)
    SDIO_IRQHandler                          0x08000397   Thumb Code     0  startup_stm32f446xx.o(.text)
    SPDIF_RX_IRQHandler                      0x08000397   Thumb Code     0  startup_stm32f446xx.o(.text)
    SPI1_IRQHandler                          0x08000397   Thumb Code     0  startup_stm32f446xx.o(.text)
    SPI2_IRQHandler                          0x08000397   Thumb Code     0  startup_stm32f446xx.o(.text)
    SPI3_IRQHandler                          0x08000397   Thumb Code     0  startup_stm32f446xx.o(.text)
    SPI4_IRQHandler                          0x08000397   Thumb Code     0  startup_stm32f446xx.o(.text)
    TAMP_STAMP_IRQHandler                    0x08000397   Thumb Code     0  startup_stm32f446xx.o(.text)
    TIM1_BRK_TIM9_IRQHandler                 0x08000397   Thumb Code     0  startup_stm32f446xx.o(.text)
    TIM1_CC_IRQHandler                       0x08000397   Thumb Code     0  startup_stm32f446xx.o(.text)
    TIM1_TRG_COM_TIM11_IRQHandler            0x08000397   Thumb Code     0  startup_stm32f446xx.o(.text)
    TIM1_UP_TIM10_IRQHandler                 0x08000397   Thumb Code     0  startup_stm32f446xx.o(.text)
    TIM2_IRQHandler                          0x08000397   Thumb Code     0  startup_stm32f446xx.o(.text)
    TIM3_IRQHandler                          0x08000397   Thumb Code     0  startup_stm32f446xx.o(.text)
    TIM5_IRQHandler                          0x08000397   Thumb Code     0  startup_stm32f446xx.o(.text)
    TIM6_DAC_IRQHandler                      0x08000397   Thumb Code     0  startup_stm32f446xx.o(.text)
    TIM7_IRQHandler                          0x08000397   Thumb Code     0  startup_stm32f446xx.o(.text)
    TIM8_BRK_TIM12_IRQHandler                0x08000397   Thumb Code     0  startup_stm32f446xx.o(.text)
    TIM8_CC_IRQHandler                       0x08000397   Thumb Code     0  startup_stm32f446xx.o(.text)
    TIM8_TRG_COM_TIM14_IRQHandler            0x08000397   Thumb Code     0  startup_stm32f446xx.o(.text)
    TIM8_UP_TIM13_IRQHandler                 0x08000397   Thumb Code     0  startup_stm32f446xx.o(.text)
    UART4_IRQHandler                         0x08000397   Thumb Code     0  startup_stm32f446xx.o(.text)
    USART6_IRQHandler                        0x08000397   Thumb Code     0  startup_stm32f446xx.o(.text)
    WWDG_IRQHandler                          0x08000397   Thumb Code     0  startup_stm32f446xx.o(.text)
    __user_initial_stackheap                 0x08000399   Thumb Code     0  startup_stm32f446xx.o(.text)
    __aeabi_uldivmod                         0x080003bd   Thumb Code     0  lludivv7m.o(.text)
    _ll_udiv                                 0x080003bd   Thumb Code   238  lludivv7m.o(.text)
    srand                                    0x080004ad   Thumb Code    42  rand.o(.text)
    _rand_init                               0x080004d7   Thumb Code     4  rand.o(.text)
    __aeabi_memcpy                           0x080004e9   Thumb Code     0  rt_memcpy_v6.o(.text)
    __rt_memcpy                              0x080004e9   Thumb Code   138  rt_memcpy_v6.o(.text)
    _memcpy_lastbytes                        0x0800054f   Thumb Code     0  rt_memcpy_v6.o(.text)
    __aeabi_memcpy4                          0x08000573   Thumb Code     0  rt_memcpy_w.o(.text)
    __aeabi_memcpy8                          0x08000573   Thumb Code     0  rt_memcpy_w.o(.text)
    __rt_memcpy_w                            0x08000573   Thumb Code   100  rt_memcpy_w.o(.text)
    _memcpy_lastbytes_aligned                0x080005bb   Thumb Code     0  rt_memcpy_w.o(.text)
    __aeabi_memclr4                          0x080005d7   Thumb Code     0  rt_memclr_w.o(.text)
    __aeabi_memclr8                          0x080005d7   Thumb Code     0  rt_memclr_w.o(.text)
    __rt_memclr_w                            0x080005d7   Thumb Code    78  rt_memclr_w.o(.text)
    _memset_w                                0x080005db   Thumb Code     0  rt_memclr_w.o(.text)
    __use_two_region_memory                  0x08000625   Thumb Code     2  heapauxi.o(.text)
    __rt_heap_escrow$2region                 0x08000627   Thumb Code     2  heapauxi.o(.text)
    __rt_heap_expand$2region                 0x08000629   Thumb Code     2  heapauxi.o(.text)
    __read_errno                             0x0800062b   Thumb Code    10  _rserrno.o(.text)
    __set_errno                              0x08000635   Thumb Code    12  _rserrno.o(.text)
    __aeabi_errno_addr                       0x08000641   Thumb Code     8  rt_errno_addr_intlibspace.o(.text)
    __errno$intlibspace                      0x08000641   Thumb Code     0  rt_errno_addr_intlibspace.o(.text)
    __rt_errno_addr$intlibspace              0x08000641   Thumb Code     0  rt_errno_addr_intlibspace.o(.text)
    __user_libspace                          0x08000649   Thumb Code     8  libspace.o(.text)
    __user_perproc_libspace                  0x08000649   Thumb Code     0  libspace.o(.text)
    __user_perthread_libspace                0x08000649   Thumb Code     0  libspace.o(.text)
    __user_setup_stackheap                   0x08000651   Thumb Code    74  sys_stackheap_outer.o(.text)
    exit                                     0x0800069b   Thumb Code    18  exit.o(.text)
    _sys_exit                                0x080006ad   Thumb Code     8  sys_exit.o(.text)
    __I$use$semihosting                      0x080006b9   Thumb Code     0  use_no_semi.o(.text)
    __use_no_semihosting_swi                 0x080006b9   Thumb Code     2  use_no_semi.o(.text)
    BusFault_Handler                         0x080006bb   Thumb Code     2  stm32f4xx_it.o(i.BusFault_Handler)
    __semihosting_library_function           0x080006bb   Thumb Code     0  indicate_semi.o(.text)
    CAN1_Init                                0x080006bd   Thumb Code    56  can_user.o(i.CAN1_Init)
    CAN1_RX0_IRQHandler                      0x080006f9   Thumb Code     6  stm32f4xx_it.o(i.CAN1_RX0_IRQHandler)
    CAN1_RX1_IRQHandler                      0x08000705   Thumb Code     6  stm32f4xx_it.o(i.CAN1_RX1_IRQHandler)
    CAN1_TX_IRQHandler                       0x08000711   Thumb Code     6  stm32f4xx_it.o(i.CAN1_TX_IRQHandler)
    CAN2_Init                                0x0800071d   Thumb Code    56  can_user.o(i.CAN2_Init)
    CAN2_RX0_IRQHandler                      0x08000759   Thumb Code     6  stm32f4xx_it.o(i.CAN2_RX0_IRQHandler)
    CAN2_RX1_IRQHandler                      0x08000765   Thumb Code     6  stm32f4xx_it.o(i.CAN2_RX1_IRQHandler)
    CAN2_TX_IRQHandler                       0x08000771   Thumb Code     6  stm32f4xx_it.o(i.CAN2_TX_IRQHandler)
    Chassis_Task                             0x08000ac5   Thumb Code   590  chassis_task.o(i.Chassis_Task)
    DMA1_Stream0_IRQHandler                  0x08000d45   Thumb Code     6  stm32f4xx_it.o(i.DMA1_Stream0_IRQHandler)
    DMA1_Stream1_IRQHandler                  0x08000d51   Thumb Code     6  stm32f4xx_it.o(i.DMA1_Stream1_IRQHandler)
    DMA1_Stream3_IRQHandler                  0x08000d5d   Thumb Code     6  stm32f4xx_it.o(i.DMA1_Stream3_IRQHandler)
    DMA1_Stream5_IRQHandler                  0x08000d69   Thumb Code     6  stm32f4xx_it.o(i.DMA1_Stream5_IRQHandler)
    DMA1_Stream6_IRQHandler                  0x08000d75   Thumb Code     6  stm32f4xx_it.o(i.DMA1_Stream6_IRQHandler)
    DMA1_Stream7_IRQHandler                  0x08000d81   Thumb Code     6  stm32f4xx_it.o(i.DMA1_Stream7_IRQHandler)
    DMA2_Stream2_IRQHandler                  0x08000d8d   Thumb Code     6  stm32f4xx_it.o(i.DMA2_Stream2_IRQHandler)
    DMA2_Stream7_IRQHandler                  0x08000d99   Thumb Code     6  stm32f4xx_it.o(i.DMA2_Stream7_IRQHandler)
    DRV_UART5_IRQHandler                     0x0800108d   Thumb Code    20  uart_user.o(i.DRV_UART5_IRQHandler)
    DRV_USART1_IRQHandler                    0x080010a1   Thumb Code   192  uart_user.o(i.DRV_USART1_IRQHandler)
    DRV_USART3_IRQHandler                    0x08001181   Thumb Code    30  uart_user.o(i.DRV_USART3_IRQHandler)
    DebugMon_Handler                         0x080011a5   Thumb Code     2  stm32f4xx_it.o(i.DebugMon_Handler)
    Error_Handler                            0x080011a7   Thumb Code     4  main.o(i.Error_Handler)
    Exchange_Task                            0x080011ad   Thumb Code   224  exchange_task.o(i.Exchange_Task)
    Get_CRC16_Check_Sum                      0x080012a1   Thumb Code    38  crc.o(i.Get_CRC16_Check_Sum)
    Get_CRC8_Check_Sum                       0x080012cd   Thumb Code    22  crc.o(i.Get_CRC8_Check_Sum)
    HAL_CAN_ActivateNotification             0x080012e9   Thumb Code    36  stm32f4xx_hal_can.o(i.HAL_CAN_ActivateNotification)
    HAL_CAN_AddTxMessage                     0x0800130d   Thumb Code   208  stm32f4xx_hal_can.o(i.HAL_CAN_AddTxMessage)
    HAL_CAN_ConfigFilter                     0x080013dd   Thumb Code   262  stm32f4xx_hal_can.o(i.HAL_CAN_ConfigFilter)
    HAL_CAN_ErrorCallback                    0x080014e9   Thumb Code     2  stm32f4xx_hal_can.o(i.HAL_CAN_ErrorCallback)
    HAL_CAN_GetRxMessage                     0x080014eb   Thumb Code   244  stm32f4xx_hal_can.o(i.HAL_CAN_GetRxMessage)
    HAL_CAN_IRQHandler                       0x080015df   Thumb Code   508  stm32f4xx_hal_can.o(i.HAL_CAN_IRQHandler)
    HAL_CAN_Init                             0x080017db   Thumb Code   282  stm32f4xx_hal_can.o(i.HAL_CAN_Init)
    HAL_CAN_MspInit                          0x080018f5   Thumb Code   300  can.o(i.HAL_CAN_MspInit)
    HAL_CAN_RxFifo0FullCallback              0x08001a35   Thumb Code     2  stm32f4xx_hal_can.o(i.HAL_CAN_RxFifo0FullCallback)
    HAL_CAN_RxFifo0MsgPendingCallback        0x08001a39   Thumb Code   236  can_user.o(i.HAL_CAN_RxFifo0MsgPendingCallback)
    HAL_CAN_RxFifo1FullCallback              0x08001b35   Thumb Code     2  stm32f4xx_hal_can.o(i.HAL_CAN_RxFifo1FullCallback)
    HAL_CAN_RxFifo1MsgPendingCallback        0x08001b37   Thumb Code     2  stm32f4xx_hal_can.o(i.HAL_CAN_RxFifo1MsgPendingCallback)
    HAL_CAN_SleepCallback                    0x08001b39   Thumb Code     2  stm32f4xx_hal_can.o(i.HAL_CAN_SleepCallback)
    HAL_CAN_Start                            0x08001b3b   Thumb Code    86  stm32f4xx_hal_can.o(i.HAL_CAN_Start)
    HAL_CAN_TxMailbox0AbortCallback          0x08001b91   Thumb Code     2  stm32f4xx_hal_can.o(i.HAL_CAN_TxMailbox0AbortCallback)
    HAL_CAN_TxMailbox0CompleteCallback       0x08001b93   Thumb Code     2  stm32f4xx_hal_can.o(i.HAL_CAN_TxMailbox0CompleteCallback)
    HAL_CAN_TxMailbox1AbortCallback          0x08001b95   Thumb Code     2  stm32f4xx_hal_can.o(i.HAL_CAN_TxMailbox1AbortCallback)
    HAL_CAN_TxMailbox1CompleteCallback       0x08001b97   Thumb Code     2  stm32f4xx_hal_can.o(i.HAL_CAN_TxMailbox1CompleteCallback)
    HAL_CAN_TxMailbox2AbortCallback          0x08001b99   Thumb Code     2  stm32f4xx_hal_can.o(i.HAL_CAN_TxMailbox2AbortCallback)
    HAL_CAN_TxMailbox2CompleteCallback       0x08001b9b   Thumb Code     2  stm32f4xx_hal_can.o(i.HAL_CAN_TxMailbox2CompleteCallback)
    HAL_CAN_WakeUpFromRxMsgCallback          0x08001b9d   Thumb Code     2  stm32f4xx_hal_can.o(i.HAL_CAN_WakeUpFromRxMsgCallback)
    HAL_DMA_Abort                            0x08001b9f   Thumb Code   146  stm32f4xx_hal_dma.o(i.HAL_DMA_Abort)
    HAL_DMA_Abort_IT                         0x08001c31   Thumb Code    36  stm32f4xx_hal_dma.o(i.HAL_DMA_Abort_IT)
    HAL_DMA_IRQHandler                       0x08001c55   Thumb Code   412  stm32f4xx_hal_dma.o(i.HAL_DMA_IRQHandler)
    HAL_DMA_Init                             0x08001df5   Thumb Code   206  stm32f4xx_hal_dma.o(i.HAL_DMA_Init)
    HAL_DMA_Start_IT                         0x08001ec9   Thumb Code   110  stm32f4xx_hal_dma.o(i.HAL_DMA_Start_IT)
    HAL_GPIO_Init                            0x08001f39   Thumb Code   408  stm32f4xx_hal_gpio.o(i.HAL_GPIO_Init)
    HAL_GPIO_WritePin                        0x080020f9   Thumb Code    10  stm32f4xx_hal_gpio.o(i.HAL_GPIO_WritePin)
    HAL_GetTick                              0x08002105   Thumb Code     6  stm32f4xx_hal.o(i.HAL_GetTick)
    HAL_IncTick                              0x08002111   Thumb Code    12  stm32f4xx_hal.o(i.HAL_IncTick)
    HAL_Init                                 0x08002121   Thumb Code    48  stm32f4xx_hal.o(i.HAL_Init)
    HAL_InitTick                             0x08002155   Thumb Code    54  stm32f4xx_hal.o(i.HAL_InitTick)
    HAL_MspInit                              0x08002195   Thumb Code    52  stm32f4xx_hal_msp.o(i.HAL_MspInit)
    HAL_NVIC_EnableIRQ                       0x080021cd   Thumb Code    26  stm32f4xx_hal_cortex.o(i.HAL_NVIC_EnableIRQ)
    HAL_NVIC_SetPriority                     0x080021e9   Thumb Code    60  stm32f4xx_hal_cortex.o(i.HAL_NVIC_SetPriority)
    HAL_NVIC_SetPriorityGrouping             0x08002229   Thumb Code    26  stm32f4xx_hal_cortex.o(i.HAL_NVIC_SetPriorityGrouping)
    HAL_RCCEx_PeriphCLKConfig                0x0800224d   Thumb Code  1068  stm32f4xx_hal_rcc_ex.o(i.HAL_RCCEx_PeriphCLKConfig)
    HAL_RCC_ClockConfig                      0x08002679   Thumb Code   288  stm32f4xx_hal_rcc.o(i.HAL_RCC_ClockConfig)
    HAL_RCC_GetPCLK1Freq                     0x080027ad   Thumb Code    20  stm32f4xx_hal_rcc.o(i.HAL_RCC_GetPCLK1Freq)
    HAL_RCC_GetPCLK2Freq                     0x080027cd   Thumb Code    20  stm32f4xx_hal_rcc.o(i.HAL_RCC_GetPCLK2Freq)
    HAL_RCC_GetSysClockFreq                  0x080027ed   Thumb Code   140  stm32f4xx_hal_rcc_ex.o(i.HAL_RCC_GetSysClockFreq)
    HAL_RCC_OscConfig                        0x08002885   Thumb Code   886  stm32f4xx_hal_rcc_ex.o(i.HAL_RCC_OscConfig)
    HAL_RTC_GetDate                          0x08002c11   Thumb Code    62  stm32f4xx_hal_rtc.o(i.HAL_RTC_GetDate)
    HAL_RTC_GetTime                          0x08002c55   Thumb Code    78  stm32f4xx_hal_rtc.o(i.HAL_RTC_GetTime)
    HAL_RTC_Init                             0x08002ca9   Thumb Code   150  stm32f4xx_hal_rtc.o(i.HAL_RTC_Init)
    HAL_RTC_MspInit                          0x08002d45   Thumb Code    52  rtc.o(i.HAL_RTC_MspInit)
    HAL_RTC_WaitForSynchro                   0x08002d81   Thumb Code    48  stm32f4xx_hal_rtc.o(i.HAL_RTC_WaitForSynchro)
    HAL_SYSTICK_Config                       0x08002db5   Thumb Code    40  stm32f4xx_hal_cortex.o(i.HAL_SYSTICK_Config)
    HAL_TIMEx_BreakCallback                  0x08002ddd   Thumb Code     2  stm32f4xx_hal_tim_ex.o(i.HAL_TIMEx_BreakCallback)
    HAL_TIMEx_CommutCallback                 0x08002ddf   Thumb Code     2  stm32f4xx_hal_tim_ex.o(i.HAL_TIMEx_CommutCallback)
    HAL_TIMEx_MasterConfigSynchronization    0x08002de1   Thumb Code   116  stm32f4xx_hal_tim_ex.o(i.HAL_TIMEx_MasterConfigSynchronization)
    HAL_TIM_Base_Init                        0x08002e71   Thumb Code    90  stm32f4xx_hal_tim.o(i.HAL_TIM_Base_Init)
    HAL_TIM_Base_MspInit                     0x08002ecd   Thumb Code    50  tim.o(i.HAL_TIM_Base_MspInit)
    HAL_TIM_Base_Start_IT                    0x08002f09   Thumb Code   100  stm32f4xx_hal_tim.o(i.HAL_TIM_Base_Start_IT)
    HAL_TIM_ConfigClockSource                0x08002f89   Thumb Code   220  stm32f4xx_hal_tim.o(i.HAL_TIM_ConfigClockSource)
    HAL_TIM_IC_CaptureCallback               0x08003065   Thumb Code     2  stm32f4xx_hal_tim.o(i.HAL_TIM_IC_CaptureCallback)
    HAL_TIM_IRQHandler                       0x08003067   Thumb Code   304  stm32f4xx_hal_tim.o(i.HAL_TIM_IRQHandler)
    HAL_TIM_OC_DelayElapsedCallback          0x08003197   Thumb Code     2  stm32f4xx_hal_tim.o(i.HAL_TIM_OC_DelayElapsedCallback)
    HAL_TIM_PWM_PulseFinishedCallback        0x08003199   Thumb Code     2  stm32f4xx_hal_tim.o(i.HAL_TIM_PWM_PulseFinishedCallback)
    HAL_TIM_PeriodElapsedCallback            0x0800319d   Thumb Code    16  yaw_task.o(i.HAL_TIM_PeriodElapsedCallback)
    HAL_TIM_TriggerCallback                  0x080031b5   Thumb Code     2  stm32f4xx_hal_tim.o(i.HAL_TIM_TriggerCallback)
    HAL_UARTEx_RxEventCallback               0x080031b7   Thumb Code     2  stm32f4xx_hal_uart.o(i.HAL_UARTEx_RxEventCallback)
    HAL_UART_DMAStop                         0x080031b9   Thumb Code   112  stm32f4xx_hal_uart.o(i.HAL_UART_DMAStop)
    HAL_UART_ErrorCallback                   0x08003229   Thumb Code     2  stm32f4xx_hal_uart.o(i.HAL_UART_ErrorCallback)
    HAL_UART_IRQHandler                      0x0800322d   Thumb Code   618  stm32f4xx_hal_uart.o(i.HAL_UART_IRQHandler)
    HAL_UART_Init                            0x0800349d   Thumb Code   100  stm32f4xx_hal_uart.o(i.HAL_UART_Init)
    HAL_UART_MspInit                         0x08003501   Thumb Code   888  usart.o(i.HAL_UART_MspInit)
    HAL_UART_Receive_DMA                     0x080038b1   Thumb Code    28  stm32f4xx_hal_uart.o(i.HAL_UART_Receive_DMA)
    HAL_UART_RxCpltCallback                  0x080038cd   Thumb Code     2  stm32f4xx_hal_uart.o(i.HAL_UART_RxCpltCallback)
    HAL_UART_RxHalfCpltCallback              0x080038cf   Thumb Code     2  stm32f4xx_hal_uart.o(i.HAL_UART_RxHalfCpltCallback)
    HAL_UART_Transmit_DMA                    0x080038d1   Thumb Code   110  stm32f4xx_hal_uart.o(i.HAL_UART_Transmit_DMA)
    HAL_UART_Transmit_IT                     0x0800394d   Thumb Code    50  stm32f4xx_hal_uart.o(i.HAL_UART_Transmit_IT)
    HAL_UART_TxCpltCallback                  0x08003981   Thumb Code    38  exchange_task.o(i.HAL_UART_TxCpltCallback)
    HAL_UART_TxHalfCpltCallback              0x080039b5   Thumb Code     2  stm32f4xx_hal_uart.o(i.HAL_UART_TxHalfCpltCallback)
    HardFault_Handler                        0x080039b7   Thumb Code     2  stm32f4xx_it.o(i.HardFault_Handler)
    JUDGE_Receive                            0x080039b9   Thumb Code   444  judge.o(i.JUDGE_Receive)
    JudgeSend                                0x08003b79   Thumb Code   132  judge.o(i.JudgeSend)
    MG5010_init                              0x08003c05   Thumb Code    24  mg5010_control.o(i.MG5010_init)
    MX_CAN1_Init                             0x08003c21   Thumb Code    60  can.o(i.MX_CAN1_Init)
    MX_CAN2_Init                             0x08003c65   Thumb Code    60  can.o(i.MX_CAN2_Init)
    MX_DMA_Init                              0x08003ca9   Thumb Code   168  dma.o(i.MX_DMA_Init)
    MX_FREERTOS_Init                         0x08003d55   Thumb Code    96  freertos.o(i.MX_FREERTOS_Init)
    MX_GPIO_Init                             0x08003dbd   Thumb Code   166  gpio.o(i.MX_GPIO_Init)
    MX_RTC_Init                              0x08003e71   Thumb Code    44  rtc.o(i.MX_RTC_Init)
    MX_TIM4_Init                             0x08003ea5   Thumb Code    96  tim.o(i.MX_TIM4_Init)
    MX_UART5_Init                            0x08003f0d   Thumb Code    48  usart.o(i.MX_UART5_Init)
    MX_USART1_UART_Init                      0x08003f45   Thumb Code    48  usart.o(i.MX_USART1_UART_Init)
    MX_USART2_UART_Init                      0x08003f7d   Thumb Code    48  usart.o(i.MX_USART2_UART_Init)
    MX_USART3_UART_Init                      0x08003fb5   Thumb Code    46  usart.o(i.MX_USART3_UART_Init)
    MemManage_Handler                        0x08003ff1   Thumb Code     2  stm32f4xx_it.o(i.MemManage_Handler)
    Motor_Speed_limiting                     0x08003ff3   Thumb Code   124  chassis_task.o(i.Motor_Speed_limiting)
    NMI_Handler                              0x0800406f   Thumb Code     2  stm32f4xx_it.o(i.NMI_Handler)
    RS485_Trans                              0x08004071   Thumb Code   288  exchange_task.o(i.RS485_Trans)
    RTC_Bcd2ToByte                           0x080041b9   Thumb Code    18  stm32f4xx_hal_rtc.o(i.RTC_Bcd2ToByte)
    RTC_EnterInitMode                        0x080041cb   Thumb Code    70  stm32f4xx_hal_rtc.o(i.RTC_EnterInitMode)
    RTC_ExitInitMode                         0x08004211   Thumb Code    42  stm32f4xx_hal_rtc.o(i.RTC_ExitInitMode)
    RefereeSend                              0x0800423d   Thumb Code    10  judge.o(i.RefereeSend)
    StartDefaultTask                         0x0800424d   Thumb Code     8  freertos.o(i.StartDefaultTask)
    SysTick_Handler                          0x08004255   Thumb Code    24  stm32f4xx_it.o(i.SysTick_Handler)
    SystemClock_Config                       0x0800426d   Thumb Code   148  main.o(i.SystemClock_Config)
    SystemInit                               0x08004309   Thumb Code    12  system_stm32f4xx.o(i.SystemInit)
    TIM4_IRQHandler                          0x08004319   Thumb Code     6  stm32f4xx_it.o(i.TIM4_IRQHandler)
    TIM_Base_SetConfig                       0x08004325   Thumb Code   170  stm32f4xx_hal_tim.o(i.TIM_Base_SetConfig)
    TIM_ETR_SetConfig                        0x080043fd   Thumb Code    20  stm32f4xx_hal_tim.o(i.TIM_ETR_SetConfig)
    UART5_IRQHandler                         0x08004469   Thumb Code    18  stm32f4xx_it.o(i.UART5_IRQHandler)
    UART5_Init                               0x08004481   Thumb Code    52  uart_user.o(i.UART5_Init)
    UART_Start_Receive_DMA                   0x08004841   Thumb Code   134  stm32f4xx_hal_uart.o(i.UART_Start_Receive_DMA)
    USART1_IRQHandler                        0x080048d5   Thumb Code    18  stm32f4xx_it.o(i.USART1_IRQHandler)
    USART1_Init                              0x080048ed   Thumb Code    50  uart_user.o(i.USART1_Init)
    USART2_IRQHandler                        0x08004931   Thumb Code     6  stm32f4xx_it.o(i.USART2_IRQHandler)
    USART3_IRQHandler                        0x0800493d   Thumb Code    18  stm32f4xx_it.o(i.USART3_IRQHandler)
    USART3_Init                              0x08004955   Thumb Code    52  uart_user.o(i.USART3_Init)
    USART3_rxDataHandler                     0x08004991   Thumb Code   392  rc_potocal.o(i.USART3_rxDataHandler)
    UsageFault_Handler                       0x08004c01   Thumb Code     2  stm32f4xx_it.o(i.UsageFault_Handler)
    Verify_CRC16_Check_Sum                   0x08004c05   Thumb Code    54  crc.o(i.Verify_CRC16_Check_Sum)
    Verify_CRC8_Check_Sum                    0x08004c41   Thumb Code    38  crc.o(i.Verify_CRC8_Check_Sum)
    Yaw_Diff                                 0x08004c69   Thumb Code    44  chassis_task.o(i.Yaw_Diff)
    Yaw_task                                 0x08004cad   Thumb Code   364  yaw_task.o(i.Yaw_task)
    __ARM_fpclassify                         0x08004e51   Thumb Code    48  fpclassify.o(i.__ARM_fpclassify)
    __hardfp_cos                             0x08004ea1   Thumb Code   180  cos.o(i.__hardfp_cos)
    __hardfp_fabs                            0x08004f69   Thumb Code    20  fabs.o(i.__hardfp_fabs)
    __hardfp_sin                             0x08004f81   Thumb Code   180  sin.o(i.__hardfp_sin)
    __ieee754_rem_pio2                       0x08005049   Thumb Code   938  rred.o(i.__ieee754_rem_pio2)
    __kernel_cos                             0x08005481   Thumb Code   322  cos_i.o(i.__kernel_cos)
    __kernel_poly                            0x080055f1   Thumb Code   248  poly.o(i.__kernel_poly)
    __kernel_sin                             0x080056e9   Thumb Code   280  sin_i.o(i.__kernel_sin)
    __mathlib_dbl_infnan                     0x08005819   Thumb Code    20  dunder.o(i.__mathlib_dbl_infnan)
    __mathlib_dbl_invalid                    0x08005831   Thumb Code    24  dunder.o(i.__mathlib_dbl_invalid)
    __mathlib_dbl_underflow                  0x08005851   Thumb Code    24  dunder.o(i.__mathlib_dbl_underflow)
    can_cmd_send_3508                        0x08005871   Thumb Code    62  can_user.o(i.can_cmd_send_3508)
    can_cmd_send_5010                        0x080058bd   Thumb Code    40  can_user.o(i.can_cmd_send_5010)
    can_remote                               0x080058e9   Thumb Code    36  can_user.o(i.can_remote)
    chassis_calculate                        0x08005911   Thumb Code   548  chassis_task.o(i.chassis_calculate)
    fabs                                     0x08005be5   Thumb Code    24  fabs.o(i.fabs)
    limit_max                                0x08005bfd   Thumb Code    30  pid_user.o(i.limit_max)
    main                                     0x08005c1b   Thumb Code    78  main.o(i.main)
    motor_value                              0x08005c75   Thumb Code   128  yaw_task.o(i.motor_value)
    osDelay                                  0x08005cf9   Thumb Code    14  cmsis_os.o(i.osDelay)
    osKernelStart                            0x08005d07   Thumb Code    10  cmsis_os.o(i.osKernelStart)
    osThreadCreate                           0x08005d11   Thumb Code    84  cmsis_os.o(i.osThreadCreate)
    pid_I_control                            0x08005d65   Thumb Code   252  pid_user.o(i.pid_I_control)
    pid_cal_a                                0x08005e79   Thumb Code   170  pid_user.o(i.pid_cal_a)
    pid_cal_s                                0x08005f31   Thumb Code   128  pid_user.o(i.pid_cal_s)
    pid_init                                 0x08005fb1   Thumb Code    22  pid_user.o(i.pid_init)
    pvPortMalloc                             0x08006315   Thumb Code   216  heap_4.o(i.pvPortMalloc)
    pxPortInitialiseStack                    0x080063f1   Thumb Code    40  port.o(i.pxPortInitialiseStack)
    speed_control_send                       0x0800641d   Thumb Code    30  mg5010_control.o(i.speed_control_send)
    task_init                                0x08006441   Thumb Code    60  chassis_task.o(i.task_init)
    uxListRemove                             0x08006531   Thumb Code    38  list.o(i.uxListRemove)
    vApplicationGetIdleTaskMemory            0x08006559   Thumb Code    16  freertos.o(i.vApplicationGetIdleTaskMemory)
    vListInitialise                          0x0800656d   Thumb Code    22  list.o(i.vListInitialise)
    vListInitialiseItem                      0x08006583   Thumb Code     6  list.o(i.vListInitialiseItem)
    vListInsert                              0x08006589   Thumb Code    48  list.o(i.vListInsert)
    vListInsertEnd                           0x080065b9   Thumb Code    24  list.o(i.vListInsertEnd)
    vPortEnterCritical                       0x080065d1   Thumb Code    54  port.o(i.vPortEnterCritical)
    vPortExitCritical                        0x08006611   Thumb Code    34  port.o(i.vPortExitCritical)
    vPortFree                                0x08006639   Thumb Code    94  heap_4.o(i.vPortFree)
    vPortSetupTimerInterrupt                 0x0800669d   Thumb Code    32  port.o(i.vPortSetupTimerInterrupt)
    vTaskDelay                               0x080066c1   Thumb Code    66  tasks.o(i.vTaskDelay)
    vTaskStartScheduler                      0x0800670d   Thumb Code    90  tasks.o(i.vTaskStartScheduler)
    vTaskSuspendAll                          0x08006779   Thumb Code    10  tasks.o(i.vTaskSuspendAll)
    vTaskSwitchContext                       0x08006789   Thumb Code    82  tasks.o(i.vTaskSwitchContext)
    xPortStartScheduler                      0x080067e5   Thumb Code   224  port.o(i.xPortStartScheduler)
    xPortSysTickHandler                      0x080068d9   Thumb Code    38  port.o(i.xPortSysTickHandler)
    xTaskCreate                              0x08006905   Thumb Code    90  tasks.o(i.xTaskCreate)
    xTaskCreateStatic                        0x0800695f   Thumb Code    90  tasks.o(i.xTaskCreateStatic)
    xTaskGetSchedulerState                   0x080069b9   Thumb Code    22  tasks.o(i.xTaskGetSchedulerState)
    xTaskIncrementTick                       0x080069d5   Thumb Code   194  tasks.o(i.xTaskIncrementTick)
    xTaskResumeAll                           0x08006aa1   Thumb Code   182  tasks.o(i.xTaskResumeAll)
    yaw_control                              0x08006b65   Thumb Code   116  yaw_task.o(i.yaw_control)
    yaw_finding                              0x08006bfd   Thumb Code    74  yaw_task.o(i.yaw_finding)
    yaw_init                                 0x08006c61   Thumb Code   100  yaw_task.o(i.yaw_init)
    yaw_suoing                               0x08006cd9   Thumb Code   102  yaw_task.o(i.yaw_suoing)
    __aeabi_dneg                             0x08006d65   Thumb Code     0  basic.o(x$fpl$basic)
    _dneg                                    0x08006d65   Thumb Code     6  basic.o(x$fpl$basic)
    __aeabi_fneg                             0x08006d6b   Thumb Code     0  basic.o(x$fpl$basic)
    _fneg                                    0x08006d6b   Thumb Code     6  basic.o(x$fpl$basic)
    _dabs                                    0x08006d71   Thumb Code     6  basic.o(x$fpl$basic)
    _fabs                                    0x08006d77   Thumb Code     6  basic.o(x$fpl$basic)
    __aeabi_d2f                              0x08006d7d   Thumb Code     0  d2f.o(x$fpl$d2f)
    _d2f                                     0x08006d7d   Thumb Code    98  d2f.o(x$fpl$d2f)
    __aeabi_dadd                             0x08006de1   Thumb Code     0  daddsub_clz.o(x$fpl$dadd)
    _dadd                                    0x08006de1   Thumb Code   332  daddsub_clz.o(x$fpl$dadd)
    __fpl_dcmp_Inf                           0x08006f31   Thumb Code    24  dcmpi.o(x$fpl$dcmpinf)
    __aeabi_ddiv                             0x08006f49   Thumb Code     0  ddiv.o(x$fpl$ddiv)
    _ddiv                                    0x08006f49   Thumb Code   552  ddiv.o(x$fpl$ddiv)
    __aeabi_cdcmpeq                          0x080071f9   Thumb Code     0  deqf.o(x$fpl$deqf)
    _dcmpeq                                  0x080071f9   Thumb Code   120  deqf.o(x$fpl$deqf)
    __aeabi_d2iz                             0x08007271   Thumb Code     0  dfix.o(x$fpl$dfix)
    _dfix                                    0x08007271   Thumb Code    94  dfix.o(x$fpl$dfix)
    __aeabi_i2d                              0x080072cf   Thumb Code     0  dflt_clz.o(x$fpl$dflt)
    _dflt                                    0x080072cf   Thumb Code    46  dflt_clz.o(x$fpl$dflt)
    __aeabi_ui2d                             0x080072fd   Thumb Code     0  dflt_clz.o(x$fpl$dfltu)
    _dfltu                                   0x080072fd   Thumb Code    38  dflt_clz.o(x$fpl$dfltu)
    __aeabi_cdcmple                          0x08007325   Thumb Code     0  dleqf.o(x$fpl$dleqf)
    _dcmple                                  0x08007325   Thumb Code   120  dleqf.o(x$fpl$dleqf)
    __fpl_dcmple_InfNaN                      0x08007387   Thumb Code     0  dleqf.o(x$fpl$dleqf)
    __aeabi_dmul                             0x0800739d   Thumb Code     0  dmul.o(x$fpl$dmul)
    _dmul                                    0x0800739d   Thumb Code   332  dmul.o(x$fpl$dmul)
    __fpl_dnaninf                            0x080074f1   Thumb Code   156  dnaninf.o(x$fpl$dnaninf)
    __fpl_dretinf                            0x0800758d   Thumb Code    12  dretinf.o(x$fpl$dretinf)
    __aeabi_cdrcmple                         0x08007599   Thumb Code     0  drleqf.o(x$fpl$drleqf)
    _drcmple                                 0x08007599   Thumb Code   108  drleqf.o(x$fpl$drleqf)
    __aeabi_drsub                            0x08007605   Thumb Code     0  daddsub_clz.o(x$fpl$drsb)
    _drsb                                    0x08007605   Thumb Code    22  daddsub_clz.o(x$fpl$drsb)
    __aeabi_dsub                             0x0800761d   Thumb Code     0  daddsub_clz.o(x$fpl$dsub)
    _dsub                                    0x0800761d   Thumb Code   464  daddsub_clz.o(x$fpl$dsub)
    __aeabi_f2d                              0x080077f1   Thumb Code     0  f2d.o(x$fpl$f2d)
    _f2d                                     0x080077f1   Thumb Code    86  f2d.o(x$fpl$f2d)
    __fpl_fnaninf                            0x08007847   Thumb Code   140  fnaninf.o(x$fpl$fnaninf)
    _fp_init                                 0x080078d3   Thumb Code    10  fpinit.o(x$fpl$fpinit)
    __fplib_config_fpu_vfp                   0x080078db   Thumb Code     0  fpinit.o(x$fpl$fpinit)
    __fplib_config_pureend_doubles           0x080078db   Thumb Code     0  fpinit.o(x$fpl$fpinit)
    __fpl_fretinf                            0x080078dd   Thumb Code    10  fretinf.o(x$fpl$fretinf)
    __I$use$fp                               0x080078e6   Number         0  usenofp.o(x$fpl$usenofp)
    AHBPrescTable                            0x08007960   Data          16  system_stm32f4xx.o(.constdata)
    APBPrescTable                            0x08007970   Data           8  system_stm32f4xx.o(.constdata)
    CRC8_TAB                                 0x08007978   Data         256  crc.o(.constdata)
    wCRC_Table                               0x08007a78   Data         512  crc.o(.constdata)
    Region$$Table$$Base                      0x08007dc8   Number         0  anon$$obj.o(Region$$Table)
    Region$$Table$$Limit                     0x08007de8   Number         0  anon$$obj.o(Region$$Table)
    defaultTaskHandle                        0x20000000   Data           4  freertos.o(.data)
    chassisTaskHandle                        0x20000004   Data           4  freertos.o(.data)
    yawTaskHandle                            0x20000008   Data           4  freertos.o(.data)
    exchangeTaskHandle                       0x2000000c   Data           4  freertos.o(.data)
    uwTickFreq                               0x20000014   Data           1  stm32f4xx_hal.o(.data)
    uwTickPrio                               0x20000018   Data           4  stm32f4xx_hal.o(.data)
    uwTick                                   0x2000001c   Data           4  stm32f4xx_hal.o(.data)
    SystemCoreClock                          0x20000020   Data           4  system_stm32f4xx.o(.data)
    pxCurrentTCB                             0x20000024   Data           4  tasks.o(.data)
    L_tracking                               0x20000090   Data           1  can_user.o(.data)
    R_tracking                               0x20000091   Data           1  can_user.o(.data)
    M_tracking                               0x20000092   Data           1  can_user.o(.data)
    flag                                     0x20000093   Data           1  can_user.o(.data)
    yaw                                      0x20000094   Data           4  can_user.o(.data)
    yaw_gyro                                 0x20000098   Data           4  can_user.o(.data)
    L_yaw                                    0x2000009c   Data           4  can_user.o(.data)
    L_pitch                                  0x200000a0   Data           4  can_user.o(.data)
    R_yaw                                    0x200000a4   Data           4  can_user.o(.data)
    R_pitch                                  0x200000a8   Data           4  can_user.o(.data)
    can_send_data                            0x200000ac   Data           8  can_user.o(.data)
    motor_5010                               0x200000b4   Data           8  can_user.o(.data)
    yaw12                                    0x200000c0   Data           8  can_user.o(.data)
    press_left                               0x200000c8   Data           1  rc_potocal.o(.data)
    press_right                              0x200000c9   Data           1  rc_potocal.o(.data)
    w_flag                                   0x200000ca   Data           2  rc_potocal.o(.data)
    s_flag                                   0x200000cc   Data           2  rc_potocal.o(.data)
    a_flag                                   0x200000ce   Data           2  rc_potocal.o(.data)
    d_flag                                   0x200000d0   Data           2  rc_potocal.o(.data)
    q_flag                                   0x200000d2   Data           2  rc_potocal.o(.data)
    e_flag                                   0x200000d4   Data           2  rc_potocal.o(.data)
    shift_flag                               0x200000d6   Data           2  rc_potocal.o(.data)
    ctrl_flag                                0x200000d8   Data           2  rc_potocal.o(.data)
    r_flag                                   0x200000da   Data           2  rc_potocal.o(.data)
    f_flag                                   0x200000dc   Data           2  rc_potocal.o(.data)
    g_flag                                   0x200000de   Data           2  rc_potocal.o(.data)
    z_flag                                   0x200000e0   Data           2  rc_potocal.o(.data)
    x_flag                                   0x200000e2   Data           2  rc_potocal.o(.data)
    c_flag                                   0x200000e4   Data           2  rc_potocal.o(.data)
    v_flag                                   0x200000e6   Data           2  rc_potocal.o(.data)
    b_flag                                   0x200000e8   Data           2  rc_potocal.o(.data)
    remote_data_rc1                          0x200000ea   Data           8  rc_potocal.o(.data)
    remote_data_rc2                          0x200000f2   Data           8  rc_potocal.o(.data)
    remote_data_mouse                        0x200000fa   Data           8  rc_potocal.o(.data)
    judge_receive_length                     0x20000104   Data           1  uart_user.o(.data)
    checksum_Rx                              0x20000106   Data           2  uart_user.o(.data)
    value                                    0x20000108   Data           4  uart_user.o(.data)
    count                                    0x2000010c   Data           4  uart_user.o(.data)
    length                                   0x20000110   Data           4  uart_user.o(.data)
    Judge_Seq                                0x20000114   Data           1  judge.o(.data)
    CRC_INIT                                 0x20000116   Data           2  crc.o(.data)
    omega                                    0x20000118   Data           4  chassis_task.o(.data)
    Klimit                                   0x2000011c   Data           4  chassis_task.o(.data)
    Plimit                                   0x20000120   Data           4  chassis_task.o(.data)
    count_random                             0x20000124   Data           4  chassis_task.o(.data)
    error_theta                              0x20000128   Data           4  chassis_task.o(.data)
    Watch_Power_Max                          0x2000012c   Data           4  chassis_task.o(.data)
    Watch_Power                              0x20000130   Data           4  chassis_task.o(.data)
    Watch_Buffer                             0x20000134   Data           4  chassis_task.o(.data)
    Chassis_pidout_max                       0x20000138   Data           4  chassis_task.o(.data)
    random_value                             0x2000013c   Data           4  chassis_task.o(.data)
    date_info                                0x20000140   Data           4  chassis_task.o(.data)
    out_speed                                0x20000168   Data           8  chassis_task.o(.data)
    Chassis_pidout                           0x20000170   Data           8  chassis_task.o(.data)
    Rx_flag                                  0x20000178   Data           1  exchange_task.o(.data)
    data_t                                   0x2000017c   Data           4  exchange_task.o(.data)
    Tx_friction                              0x20000180   Data           8  exchange_task.o(.data)
    flag_suo                                 0x20000188   Data           1  yaw_task.o(.data)
    time_delay                               0x2000018a   Data           2  yaw_task.o(.data)
    initial_angle                            0x2000018c   Data           4  yaw_task.o(.data)
    yaw_angle                                0x20000190   Data           4  yaw_task.o(.data)
    target_angle_5010                        0x20000194   Data           4  yaw_task.o(.data)
    target_speed_5010                        0x20000198   Data           4  yaw_task.o(.data)
    output_5010                              0x2000019c   Data           4  yaw_task.o(.data)
    heart_direction                          0x200001a0   Data           4  yaw_task.o(.data)
    last_target_angle_5010                   0x200001a4   Data           4  yaw_task.o(.data)
    tar                                      0x200001a8   Data           4  yaw_task.o(.data)
    can_send_data_5010                       0x200001ac   Data           8  yaw_task.o(.data)
    hcan1                                    0x20000408   Data          40  can.o(.bss)
    hcan2                                    0x20000430   Data          40  can.o(.bss)
    hrtc                                     0x20000458   Data          32  rtc.o(.bss)
    htim4                                    0x20000478   Data          72  tim.o(.bss)
    huart5                                   0x200004c0   Data          72  usart.o(.bss)
    huart1                                   0x20000508   Data          72  usart.o(.bss)
    huart2                                   0x20000550   Data          72  usart.o(.bss)
    huart3                                   0x20000598   Data          72  usart.o(.bss)
    hdma_uart5_rx                            0x200005e0   Data          96  usart.o(.bss)
    hdma_uart5_tx                            0x20000640   Data          96  usart.o(.bss)
    hdma_usart1_rx                           0x200006a0   Data          96  usart.o(.bss)
    hdma_usart1_tx                           0x20000700   Data          96  usart.o(.bss)
    hdma_usart2_rx                           0x20000760   Data          96  usart.o(.bss)
    hdma_usart2_tx                           0x200007c0   Data          96  usart.o(.bss)
    hdma_usart3_rx                           0x20000820   Data          96  usart.o(.bss)
    hdma_usart3_tx                           0x20000880   Data          96  usart.o(.bss)
    can_tx_message                           0x200045d0   Data          24  can_user.o(.bss)
    motor                                    0x200045e8   Data          64  can_user.o(.bss)
    rc_ctrl                                  0x20004628   Data          22  rc_potocal.o(.bss)
    judge_dma_buffer                         0x20004640   Data         400  uart_user.o(.bss)
    Rx                                       0x200047d0   Data         128  uart_user.o(.bss)
    Rx_nav                                   0x20004850   Data          40  uart_user.o(.bss)
    usart3_dma_rxbuf                         0x20004878   Data          48  uart_user.o(.bss)
    Judge_Hero                               0x200048bc   Data         191  judge.o(.bss)
    Sentry                                   0x2000497b   Data          67  judge.o(.bss)
    pid_3508                                 0x200049c0   Data          56  chassis_task.o(.bss)
    pid_chassis                              0x200049f8   Data          56  chassis_task.o(.bss)
    target_speed                             0x20004a30   Data          16  chassis_task.o(.bss)
    time_info                                0x20004a40   Data          20  chassis_task.o(.bss)
    Tx                                       0x20004a58   Data         128  exchange_task.o(.bss)
    Tx_nav                                   0x20004ad8   Data          56  exchange_task.o(.bss)
    pid_5010_s                               0x20004b10   Data          56  yaw_task.o(.bss)
    pid_5010_a                               0x20004b48   Data          56  yaw_task.o(.bss)
    _random_number_data                      0x20004b80   Data         228  rand.o(.bss)
    __libspace_start                         0x20004c64   Data          96  libspace.o(.bss)
    __temporary_stack_top$libspace           0x20004cc4   Data           0  libspace.o(.bss)



==============================================================================

Memory Map of the image

  Image Entry point : 0x080001c5

  Load Region LR_IROM1 (Base: 0x08000000, Size: 0x00007f9c, Max: 0x00040000, ABSOLUTE, COMPRESSED[0x00007e04])

    Execution Region ER_IROM1 (Exec base: 0x08000000, Load base: 0x08000000, Size: 0x00007de8, Max: 0x00040000, ABSOLUTE)

    Exec Addr    Load Addr    Size         Type   Attr      Idx    E Section Name        Object

    0x08000000   0x08000000   0x000001c4   Data   RO            3    RESET               startup_stm32f446xx.o
    0x080001c4   0x080001c4   0x00000008   Code   RO         5983  * !!!main             c_w.l(__main.o)
    0x080001cc   0x080001cc   0x00000034   Code   RO         6270    !!!scatter          c_w.l(__scatter.o)
    0x08000200   0x08000200   0x0000003a   Code   RO         6268    !!dczerorl          c_w.l(__dczerorl.o)
    0x0800023a   0x0800023a   0x00000002   PAD
    0x0800023c   0x0800023c   0x0000001c   Code   RO         6272    !!handler_zi        c_w.l(__scatter_zi.o)
    0x08000258   0x08000258   0x00000002   Code   RO         6192    .ARM.Collect$$libinit$$00000000  c_w.l(libinit.o)
    0x0800025a   0x0800025a   0x00000004   Code   RO         6056    .ARM.Collect$$libinit$$00000001  c_w.l(libinit2.o)
    0x0800025e   0x0800025e   0x00000000   Code   RO         6059    .ARM.Collect$$libinit$$00000004  c_w.l(libinit2.o)
    0x0800025e   0x0800025e   0x00000000   Code   RO         6062    .ARM.Collect$$libinit$$0000000A  c_w.l(libinit2.o)
    0x0800025e   0x0800025e   0x00000000   Code   RO         6064    .ARM.Collect$$libinit$$0000000C  c_w.l(libinit2.o)
    0x0800025e   0x0800025e   0x00000004   Code   RO         6065    .ARM.Collect$$libinit$$0000000D  c_w.l(libinit2.o)
    0x08000262   0x08000262   0x00000000   Code   RO         6066    .ARM.Collect$$libinit$$0000000E  c_w.l(libinit2.o)
    0x08000262   0x08000262   0x00000000   Code   RO         6069    .ARM.Collect$$libinit$$00000011  c_w.l(libinit2.o)
    0x08000262   0x08000262   0x00000000   Code   RO         6071    .ARM.Collect$$libinit$$00000013  c_w.l(libinit2.o)
    0x08000262   0x08000262   0x00000000   Code   RO         6073    .ARM.Collect$$libinit$$00000015  c_w.l(libinit2.o)
    0x08000262   0x08000262   0x00000000   Code   RO         6075    .ARM.Collect$$libinit$$00000017  c_w.l(libinit2.o)
    0x08000262   0x08000262   0x00000000   Code   RO         6077    .ARM.Collect$$libinit$$00000019  c_w.l(libinit2.o)
    0x08000262   0x08000262   0x00000000   Code   RO         6079    .ARM.Collect$$libinit$$0000001B  c_w.l(libinit2.o)
    0x08000262   0x08000262   0x00000000   Code   RO         6081    .ARM.Collect$$libinit$$0000001D  c_w.l(libinit2.o)
    0x08000262   0x08000262   0x00000000   Code   RO         6083    .ARM.Collect$$libinit$$0000001F  c_w.l(libinit2.o)
    0x08000262   0x08000262   0x00000000   Code   RO         6085    .ARM.Collect$$libinit$$00000021  c_w.l(libinit2.o)
    0x08000262   0x08000262   0x00000000   Code   RO         6087    .ARM.Collect$$libinit$$00000023  c_w.l(libinit2.o)
    0x08000262   0x08000262   0x00000000   Code   RO         6089    .ARM.Collect$$libinit$$00000025  c_w.l(libinit2.o)
    0x08000262   0x08000262   0x00000000   Code   RO         6093    .ARM.Collect$$libinit$$0000002C  c_w.l(libinit2.o)
    0x08000262   0x08000262   0x00000000   Code   RO         6095    .ARM.Collect$$libinit$$0000002E  c_w.l(libinit2.o)
    0x08000262   0x08000262   0x00000000   Code   RO         6097    .ARM.Collect$$libinit$$00000030  c_w.l(libinit2.o)
    0x08000262   0x08000262   0x00000000   Code   RO         6099    .ARM.Collect$$libinit$$00000032  c_w.l(libinit2.o)
    0x08000262   0x08000262   0x00000002   Code   RO         6100    .ARM.Collect$$libinit$$00000033  c_w.l(libinit2.o)
    0x08000264   0x08000264   0x00000002   Code   RO         6233    .ARM.Collect$$libshutdown$$00000000  c_w.l(libshutdown.o)
    0x08000266   0x08000266   0x00000000   Code   RO         6249    .ARM.Collect$$libshutdown$$00000002  c_w.l(libshutdown2.o)
    0x08000266   0x08000266   0x00000000   Code   RO         6251    .ARM.Collect$$libshutdown$$00000004  c_w.l(libshutdown2.o)
    0x08000266   0x08000266   0x00000000   Code   RO         6253    .ARM.Collect$$libshutdown$$00000006  c_w.l(libshutdown2.o)
    0x08000266   0x08000266   0x00000000   Code   RO         6256    .ARM.Collect$$libshutdown$$00000009  c_w.l(libshutdown2.o)
    0x08000266   0x08000266   0x00000000   Code   RO         6259    .ARM.Collect$$libshutdown$$0000000C  c_w.l(libshutdown2.o)
    0x08000266   0x08000266   0x00000000   Code   RO         6261    .ARM.Collect$$libshutdown$$0000000E  c_w.l(libshutdown2.o)
    0x08000266   0x08000266   0x00000000   Code   RO         6264    .ARM.Collect$$libshutdown$$00000011  c_w.l(libshutdown2.o)
    0x08000266   0x08000266   0x00000002   Code   RO         6265    .ARM.Collect$$libshutdown$$00000012  c_w.l(libshutdown2.o)
    0x08000268   0x08000268   0x00000000   Code   RO         6047    .ARM.Collect$$rtentry$$00000000  c_w.l(__rtentry.o)
    0x08000268   0x08000268   0x00000000   Code   RO         6143    .ARM.Collect$$rtentry$$00000002  c_w.l(__rtentry2.o)
    0x08000268   0x08000268   0x00000006   Code   RO         6155    .ARM.Collect$$rtentry$$00000004  c_w.l(__rtentry4.o)
    0x0800026e   0x0800026e   0x00000000   Code   RO         6145    .ARM.Collect$$rtentry$$00000009  c_w.l(__rtentry2.o)
    0x0800026e   0x0800026e   0x00000004   Code   RO         6146    .ARM.Collect$$rtentry$$0000000A  c_w.l(__rtentry2.o)
    0x08000272   0x08000272   0x00000000   Code   RO         6148    .ARM.Collect$$rtentry$$0000000C  c_w.l(__rtentry2.o)
    0x08000272   0x08000272   0x00000008   Code   RO         6149    .ARM.Collect$$rtentry$$0000000D  c_w.l(__rtentry2.o)
    0x0800027a   0x0800027a   0x00000002   Code   RO         6195    .ARM.Collect$$rtexit$$00000000  c_w.l(rtexit.o)
    0x0800027c   0x0800027c   0x00000000   Code   RO         6215    .ARM.Collect$$rtexit$$00000002  c_w.l(rtexit2.o)
    0x0800027c   0x0800027c   0x00000004   Code   RO         6216    .ARM.Collect$$rtexit$$00000003  c_w.l(rtexit2.o)
    0x08000280   0x08000280   0x00000006   Code   RO         6217    .ARM.Collect$$rtexit$$00000004  c_w.l(rtexit2.o)
    0x08000286   0x08000286   0x00000002   PAD
    0x08000288   0x08000288   0x000000be   Code   RO         5192    .emb_text           port.o
    0x08000346   0x08000346   0x00000002   PAD
    0x08000348   0x08000348   0x00000034   Code   RO         5968    .emb_text           c_w.l(rand.o)
    0x0800037c   0x0800037c   0x00000040   Code   RO            4    .text               startup_stm32f446xx.o
    0x080003bc   0x080003bc   0x000000ee   Code   RO         5966    .text               c_w.l(lludivv7m.o)
    0x080004aa   0x080004aa   0x00000002   PAD
    0x080004ac   0x080004ac   0x0000003c   Code   RO         5969    .text               c_w.l(rand.o)
    0x080004e8   0x080004e8   0x0000008a   Code   RO         5973    .text               c_w.l(rt_memcpy_v6.o)
    0x08000572   0x08000572   0x00000064   Code   RO         5975    .text               c_w.l(rt_memcpy_w.o)
    0x080005d6   0x080005d6   0x0000004e   Code   RO         5979    .text               c_w.l(rt_memclr_w.o)
    0x08000624   0x08000624   0x00000006   Code   RO         5981    .text               c_w.l(heapauxi.o)
    0x0800062a   0x0800062a   0x00000016   Code   RO         6052    .text               c_w.l(_rserrno.o)
    0x08000640   0x08000640   0x00000008   Code   RO         6162    .text               c_w.l(rt_errno_addr_intlibspace.o)
    0x08000648   0x08000648   0x00000008   Code   RO         6172    .text               c_w.l(libspace.o)
    0x08000650   0x08000650   0x0000004a   Code   RO         6175    .text               c_w.l(sys_stackheap_outer.o)
    0x0800069a   0x0800069a   0x00000012   Code   RO         6177    .text               c_w.l(exit.o)
    0x080006ac   0x080006ac   0x0000000c   Code   RO         6209    .text               c_w.l(sys_exit.o)
    0x080006b8   0x080006b8   0x00000002   Code   RO         6211    .text               c_w.l(use_no_semi.o)
    0x080006ba   0x080006ba   0x00000000   Code   RO         6213    .text               c_w.l(indicate_semi.o)
    0x080006ba   0x080006ba   0x00000002   Code   RO          525    i.BusFault_Handler  stm32f4xx_it.o
    0x080006bc   0x080006bc   0x0000003c   Code   RO         5272    i.CAN1_Init         can_user.o
    0x080006f8   0x080006f8   0x0000000c   Code   RO          526    i.CAN1_RX0_IRQHandler  stm32f4xx_it.o
    0x08000704   0x08000704   0x0000000c   Code   RO          527    i.CAN1_RX1_IRQHandler  stm32f4xx_it.o
    0x08000710   0x08000710   0x0000000c   Code   RO          528    i.CAN1_TX_IRQHandler  stm32f4xx_it.o
    0x0800071c   0x0800071c   0x0000003c   Code   RO         5273    i.CAN2_Init         can_user.o
    0x08000758   0x08000758   0x0000000c   Code   RO          529    i.CAN2_RX0_IRQHandler  stm32f4xx_it.o
    0x08000764   0x08000764   0x0000000c   Code   RO          530    i.CAN2_RX1_IRQHandler  stm32f4xx_it.o
    0x08000770   0x08000770   0x0000000c   Code   RO          531    i.CAN2_TX_IRQHandler  stm32f4xx_it.o
    0x0800077c   0x0800077c   0x00000348   Code   RO         5731    i.Chassis_Power_Limit  chassis_task.o
    0x08000ac4   0x08000ac4   0x00000280   Code   RO         5732    i.Chassis_Task      chassis_task.o
    0x08000d44   0x08000d44   0x0000000c   Code   RO          532    i.DMA1_Stream0_IRQHandler  stm32f4xx_it.o
    0x08000d50   0x08000d50   0x0000000c   Code   RO          533    i.DMA1_Stream1_IRQHandler  stm32f4xx_it.o
    0x08000d5c   0x08000d5c   0x0000000c   Code   RO          534    i.DMA1_Stream3_IRQHandler  stm32f4xx_it.o
    0x08000d68   0x08000d68   0x0000000c   Code   RO          535    i.DMA1_Stream5_IRQHandler  stm32f4xx_it.o
    0x08000d74   0x08000d74   0x0000000c   Code   RO          536    i.DMA1_Stream6_IRQHandler  stm32f4xx_it.o
    0x08000d80   0x08000d80   0x0000000c   Code   RO          537    i.DMA1_Stream7_IRQHandler  stm32f4xx_it.o
    0x08000d8c   0x08000d8c   0x0000000c   Code   RO          538    i.DMA2_Stream2_IRQHandler  stm32f4xx_it.o
    0x08000d98   0x08000d98   0x0000000c   Code   RO          539    i.DMA2_Stream7_IRQHandler  stm32f4xx_it.o
    0x08000da4   0x08000da4   0x00000244   Code   RO         5526    i.DMAEx_MultiBufferStart_NoIT  uart_user.o
    0x08000fe8   0x08000fe8   0x00000028   Code   RO         1504    i.DMA_CalcBaseAndBitshift  stm32f4xx_hal_dma.o
    0x08001010   0x08001010   0x00000054   Code   RO         1505    i.DMA_CheckFifoParam  stm32f4xx_hal_dma.o
    0x08001064   0x08001064   0x00000028   Code   RO         1506    i.DMA_SetConfig     stm32f4xx_hal_dma.o
    0x0800108c   0x0800108c   0x00000014   Code   RO         5527    i.DRV_UART5_IRQHandler  uart_user.o
    0x080010a0   0x080010a0   0x000000e0   Code   RO         5528    i.DRV_USART1_IRQHandler  uart_user.o
    0x08001180   0x08001180   0x00000024   Code   RO         5529    i.DRV_USART3_IRQHandler  uart_user.o
    0x080011a4   0x080011a4   0x00000002   Code   RO          540    i.DebugMon_Handler  stm32f4xx_it.o
    0x080011a6   0x080011a6   0x00000004   Code   RO           13    i.Error_Handler     main.o
    0x080011aa   0x080011aa   0x00000002   PAD
    0x080011ac   0x080011ac   0x000000f4   Code   RO         5820    i.Exchange_Task     exchange_task.o
    0x080012a0   0x080012a0   0x0000002c   Code   RO         5675    i.Get_CRC16_Check_Sum  crc.o
    0x080012cc   0x080012cc   0x0000001c   Code   RO         5676    i.Get_CRC8_Check_Sum  crc.o
    0x080012e8   0x080012e8   0x00000024   Code   RO          728    i.HAL_CAN_ActivateNotification  stm32f4xx_hal_can.o
    0x0800130c   0x0800130c   0x000000d0   Code   RO          729    i.HAL_CAN_AddTxMessage  stm32f4xx_hal_can.o
    0x080013dc   0x080013dc   0x0000010c   Code   RO          730    i.HAL_CAN_ConfigFilter  stm32f4xx_hal_can.o
    0x080014e8   0x080014e8   0x00000002   Code   RO          733    i.HAL_CAN_ErrorCallback  stm32f4xx_hal_can.o
    0x080014ea   0x080014ea   0x000000f4   Code   RO          736    i.HAL_CAN_GetRxMessage  stm32f4xx_hal_can.o
    0x080015de   0x080015de   0x000001fc   Code   RO          740    i.HAL_CAN_IRQHandler  stm32f4xx_hal_can.o
    0x080017da   0x080017da   0x0000011a   Code   RO          741    i.HAL_CAN_Init      stm32f4xx_hal_can.o
    0x080018f4   0x080018f4   0x00000140   Code   RO          309    i.HAL_CAN_MspInit   can.o
    0x08001a34   0x08001a34   0x00000002   Code   RO          748    i.HAL_CAN_RxFifo0FullCallback  stm32f4xx_hal_can.o
    0x08001a36   0x08001a36   0x00000002   PAD
    0x08001a38   0x08001a38   0x000000fc   Code   RO         5274    i.HAL_CAN_RxFifo0MsgPendingCallback  can_user.o
    0x08001b34   0x08001b34   0x00000002   Code   RO          750    i.HAL_CAN_RxFifo1FullCallback  stm32f4xx_hal_can.o
    0x08001b36   0x08001b36   0x00000002   Code   RO          751    i.HAL_CAN_RxFifo1MsgPendingCallback  stm32f4xx_hal_can.o
    0x08001b38   0x08001b38   0x00000002   Code   RO          752    i.HAL_CAN_SleepCallback  stm32f4xx_hal_can.o
    0x08001b3a   0x08001b3a   0x00000056   Code   RO          753    i.HAL_CAN_Start     stm32f4xx_hal_can.o
    0x08001b90   0x08001b90   0x00000002   Code   RO          755    i.HAL_CAN_TxMailbox0AbortCallback  stm32f4xx_hal_can.o
    0x08001b92   0x08001b92   0x00000002   Code   RO          756    i.HAL_CAN_TxMailbox0CompleteCallback  stm32f4xx_hal_can.o
    0x08001b94   0x08001b94   0x00000002   Code   RO          757    i.HAL_CAN_TxMailbox1AbortCallback  stm32f4xx_hal_can.o
    0x08001b96   0x08001b96   0x00000002   Code   RO          758    i.HAL_CAN_TxMailbox1CompleteCallback  stm32f4xx_hal_can.o
    0x08001b98   0x08001b98   0x00000002   Code   RO          759    i.HAL_CAN_TxMailbox2AbortCallback  stm32f4xx_hal_can.o
    0x08001b9a   0x08001b9a   0x00000002   Code   RO          760    i.HAL_CAN_TxMailbox2CompleteCallback  stm32f4xx_hal_can.o
    0x08001b9c   0x08001b9c   0x00000002   Code   RO          762    i.HAL_CAN_WakeUpFromRxMsgCallback  stm32f4xx_hal_can.o
    0x08001b9e   0x08001b9e   0x00000092   Code   RO         1507    i.HAL_DMA_Abort     stm32f4xx_hal_dma.o
    0x08001c30   0x08001c30   0x00000024   Code   RO         1508    i.HAL_DMA_Abort_IT  stm32f4xx_hal_dma.o
    0x08001c54   0x08001c54   0x000001a0   Code   RO         1512    i.HAL_DMA_IRQHandler  stm32f4xx_hal_dma.o
    0x08001df4   0x08001df4   0x000000d4   Code   RO         1513    i.HAL_DMA_Init      stm32f4xx_hal_dma.o
    0x08001ec8   0x08001ec8   0x0000006e   Code   RO         1517    i.HAL_DMA_Start_IT  stm32f4xx_hal_dma.o
    0x08001f36   0x08001f36   0x00000002   PAD
    0x08001f38   0x08001f38   0x000001c0   Code   RO         1400    i.HAL_GPIO_Init     stm32f4xx_hal_gpio.o
    0x080020f8   0x080020f8   0x0000000a   Code   RO         1404    i.HAL_GPIO_WritePin  stm32f4xx_hal_gpio.o
    0x08002102   0x08002102   0x00000002   PAD
    0x08002104   0x08002104   0x0000000c   Code   RO         1956    i.HAL_GetTick       stm32f4xx_hal.o
    0x08002110   0x08002110   0x00000010   Code   RO         1962    i.HAL_IncTick       stm32f4xx_hal.o
    0x08002120   0x08002120   0x00000034   Code   RO         1963    i.HAL_Init          stm32f4xx_hal.o
    0x08002154   0x08002154   0x00000040   Code   RO         1964    i.HAL_InitTick      stm32f4xx_hal.o
    0x08002194   0x08002194   0x00000038   Code   RO          703    i.HAL_MspInit       stm32f4xx_hal_msp.o
    0x080021cc   0x080021cc   0x0000001a   Code   RO         1808    i.HAL_NVIC_EnableIRQ  stm32f4xx_hal_cortex.o
    0x080021e6   0x080021e6   0x00000002   PAD
    0x080021e8   0x080021e8   0x00000040   Code   RO         1814    i.HAL_NVIC_SetPriority  stm32f4xx_hal_cortex.o
    0x08002228   0x08002228   0x00000024   Code   RO         1815    i.HAL_NVIC_SetPriorityGrouping  stm32f4xx_hal_cortex.o
    0x0800224c   0x0800224c   0x0000042c   Code   RO         1069    i.HAL_RCCEx_PeriphCLKConfig  stm32f4xx_hal_rcc_ex.o
    0x08002678   0x08002678   0x00000134   Code   RO          962    i.HAL_RCC_ClockConfig  stm32f4xx_hal_rcc.o
    0x080027ac   0x080027ac   0x00000020   Code   RO          969    i.HAL_RCC_GetPCLK1Freq  stm32f4xx_hal_rcc.o
    0x080027cc   0x080027cc   0x00000020   Code   RO          970    i.HAL_RCC_GetPCLK2Freq  stm32f4xx_hal_rcc.o
    0x080027ec   0x080027ec   0x00000098   Code   RO         1073    i.HAL_RCC_GetSysClockFreq  stm32f4xx_hal_rcc_ex.o
    0x08002884   0x08002884   0x0000038c   Code   RO         1074    i.HAL_RCC_OscConfig  stm32f4xx_hal_rcc_ex.o
    0x08002c10   0x08002c10   0x00000044   Code   RO         2211    i.HAL_RTC_GetDate   stm32f4xx_hal_rtc.o
    0x08002c54   0x08002c54   0x00000054   Code   RO         2213    i.HAL_RTC_GetTime   stm32f4xx_hal_rtc.o
    0x08002ca8   0x08002ca8   0x0000009c   Code   RO         2214    i.HAL_RTC_Init      stm32f4xx_hal_rtc.o
    0x08002d44   0x08002d44   0x0000003c   Code   RO          382    i.HAL_RTC_MspInit   rtc.o
    0x08002d80   0x08002d80   0x00000034   Code   RO         2222    i.HAL_RTC_WaitForSynchro  stm32f4xx_hal_rtc.o
    0x08002db4   0x08002db4   0x00000028   Code   RO         1819    i.HAL_SYSTICK_Config  stm32f4xx_hal_cortex.o
    0x08002ddc   0x08002ddc   0x00000002   Code   RO         3307    i.HAL_TIMEx_BreakCallback  stm32f4xx_hal_tim_ex.o
    0x08002dde   0x08002dde   0x00000002   Code   RO         3308    i.HAL_TIMEx_CommutCallback  stm32f4xx_hal_tim_ex.o
    0x08002de0   0x08002de0   0x00000090   Code   RO         3326    i.HAL_TIMEx_MasterConfigSynchronization  stm32f4xx_hal_tim_ex.o
    0x08002e70   0x08002e70   0x0000005a   Code   RO         2603    i.HAL_TIM_Base_Init  stm32f4xx_hal_tim.o
    0x08002eca   0x08002eca   0x00000002   PAD
    0x08002ecc   0x08002ecc   0x0000003c   Code   RO          424    i.HAL_TIM_Base_MspInit  tim.o
    0x08002f08   0x08002f08   0x00000080   Code   RO         2608    i.HAL_TIM_Base_Start_IT  stm32f4xx_hal_tim.o
    0x08002f88   0x08002f88   0x000000dc   Code   RO         2612    i.HAL_TIM_ConfigClockSource  stm32f4xx_hal_tim.o
    0x08003064   0x08003064   0x00000002   Code   RO         2637    i.HAL_TIM_IC_CaptureCallback  stm32f4xx_hal_tim.o
    0x08003066   0x08003066   0x00000130   Code   RO         2651    i.HAL_TIM_IRQHandler  stm32f4xx_hal_tim.o
    0x08003196   0x08003196   0x00000002   Code   RO         2654    i.HAL_TIM_OC_DelayElapsedCallback  stm32f4xx_hal_tim.o
    0x08003198   0x08003198   0x00000002   Code   RO         2681    i.HAL_TIM_PWM_PulseFinishedCallback  stm32f4xx_hal_tim.o
    0x0800319a   0x0800319a   0x00000002   PAD
    0x0800319c   0x0800319c   0x00000018   Code   RO         5865    i.HAL_TIM_PeriodElapsedCallback  yaw_task.o
    0x080031b4   0x080031b4   0x00000002   Code   RO         2694    i.HAL_TIM_TriggerCallback  stm32f4xx_hal_tim.o
    0x080031b6   0x080031b6   0x00000002   Code   RO         3586    i.HAL_UARTEx_RxEventCallback  stm32f4xx_hal_uart.o
    0x080031b8   0x080031b8   0x00000070   Code   RO         3598    i.HAL_UART_DMAStop  stm32f4xx_hal_uart.o
    0x08003228   0x08003228   0x00000002   Code   RO         3600    i.HAL_UART_ErrorCallback  stm32f4xx_hal_uart.o
    0x0800322a   0x0800322a   0x00000002   PAD
    0x0800322c   0x0800322c   0x00000270   Code   RO         3603    i.HAL_UART_IRQHandler  stm32f4xx_hal_uart.o
    0x0800349c   0x0800349c   0x00000064   Code   RO         3604    i.HAL_UART_Init     stm32f4xx_hal_uart.o
    0x08003500   0x08003500   0x000003b0   Code   RO          466    i.HAL_UART_MspInit  usart.o
    0x080038b0   0x080038b0   0x0000001c   Code   RO         3608    i.HAL_UART_Receive_DMA  stm32f4xx_hal_uart.o
    0x080038cc   0x080038cc   0x00000002   Code   RO         3610    i.HAL_UART_RxCpltCallback  stm32f4xx_hal_uart.o
    0x080038ce   0x080038ce   0x00000002   Code   RO         3611    i.HAL_UART_RxHalfCpltCallback  stm32f4xx_hal_uart.o
    0x080038d0   0x080038d0   0x0000007c   Code   RO         3613    i.HAL_UART_Transmit_DMA  stm32f4xx_hal_uart.o
    0x0800394c   0x0800394c   0x00000032   Code   RO         3614    i.HAL_UART_Transmit_IT  stm32f4xx_hal_uart.o
    0x0800397e   0x0800397e   0x00000002   PAD
    0x08003980   0x08003980   0x00000034   Code   RO         5821    i.HAL_UART_TxCpltCallback  exchange_task.o
    0x080039b4   0x080039b4   0x00000002   Code   RO         3616    i.HAL_UART_TxHalfCpltCallback  stm32f4xx_hal_uart.o
    0x080039b6   0x080039b6   0x00000002   Code   RO          541    i.HardFault_Handler  stm32f4xx_it.o
    0x080039b8   0x080039b8   0x000001c0   Code   RO         5622    i.JUDGE_Receive     judge.o
    0x08003b78   0x08003b78   0x0000008c   Code   RO         5623    i.JudgeSend         judge.o
    0x08003c04   0x08003c04   0x0000001c   Code   RO         5933    i.MG5010_init       mg5010_control.o
    0x08003c20   0x08003c20   0x00000044   Code   RO          310    i.MX_CAN1_Init      can.o
    0x08003c64   0x08003c64   0x00000044   Code   RO          311    i.MX_CAN2_Init      can.o
    0x08003ca8   0x08003ca8   0x000000ac   Code   RO          357    i.MX_DMA_Init       dma.o
    0x08003d54   0x08003d54   0x00000068   Code   RO          249    i.MX_FREERTOS_Init  freertos.o
    0x08003dbc   0x08003dbc   0x000000b4   Code   RO          225    i.MX_GPIO_Init      gpio.o
    0x08003e70   0x08003e70   0x00000034   Code   RO          383    i.MX_RTC_Init       rtc.o
    0x08003ea4   0x08003ea4   0x00000068   Code   RO          425    i.MX_TIM4_Init      tim.o
    0x08003f0c   0x08003f0c   0x00000038   Code   RO          467    i.MX_UART5_Init     usart.o
    0x08003f44   0x08003f44   0x00000038   Code   RO          468    i.MX_USART1_UART_Init  usart.o
    0x08003f7c   0x08003f7c   0x00000038   Code   RO          469    i.MX_USART2_UART_Init  usart.o
    0x08003fb4   0x08003fb4   0x0000003c   Code   RO          470    i.MX_USART3_UART_Init  usart.o
    0x08003ff0   0x08003ff0   0x00000002   Code   RO          542    i.MemManage_Handler  stm32f4xx_it.o
    0x08003ff2   0x08003ff2   0x0000007c   Code   RO         5733    i.Motor_Speed_limiting  chassis_task.o
    0x0800406e   0x0800406e   0x00000002   Code   RO          543    i.NMI_Handler       stm32f4xx_it.o
    0x08004070   0x08004070   0x00000148   Code   RO         5822    i.RS485_Trans       exchange_task.o
    0x080041b8   0x080041b8   0x00000012   Code   RO         2223    i.RTC_Bcd2ToByte    stm32f4xx_hal_rtc.o
    0x080041ca   0x080041ca   0x00000046   Code   RO         2225    i.RTC_EnterInitMode  stm32f4xx_hal_rtc.o
    0x08004210   0x08004210   0x0000002a   Code   RO         2226    i.RTC_ExitInitMode  stm32f4xx_hal_rtc.o
    0x0800423a   0x0800423a   0x00000002   PAD
    0x0800423c   0x0800423c   0x00000010   Code   RO         5624    i.RefereeSend       judge.o
    0x0800424c   0x0800424c   0x00000008   Code   RO          250    i.StartDefaultTask  freertos.o
    0x08004254   0x08004254   0x00000018   Code   RO          544    i.SysTick_Handler   stm32f4xx_it.o
    0x0800426c   0x0800426c   0x0000009c   Code   RO           14    i.SystemClock_Config  main.o
    0x08004308   0x08004308   0x00000010   Code   RO         3938    i.SystemInit        system_stm32f4xx.o
    0x08004318   0x08004318   0x0000000c   Code   RO          545    i.TIM4_IRQHandler   stm32f4xx_it.o
    0x08004324   0x08004324   0x000000d8   Code   RO         2696    i.TIM_Base_SetConfig  stm32f4xx_hal_tim.o
    0x080043fc   0x080043fc   0x00000014   Code   RO         2707    i.TIM_ETR_SetConfig  stm32f4xx_hal_tim.o
    0x08004410   0x08004410   0x00000010   Code   RO         2708    i.TIM_ITRx_SetConfig  stm32f4xx_hal_tim.o
    0x08004420   0x08004420   0x00000022   Code   RO         2714    i.TIM_TI1_ConfigInputStage  stm32f4xx_hal_tim.o
    0x08004442   0x08004442   0x00000024   Code   RO         2716    i.TIM_TI2_ConfigInputStage  stm32f4xx_hal_tim.o
    0x08004466   0x08004466   0x00000002   PAD
    0x08004468   0x08004468   0x00000018   Code   RO          546    i.UART5_IRQHandler  stm32f4xx_it.o
    0x08004480   0x08004480   0x0000003c   Code   RO         5530    i.UART5_Init        uart_user.o
    0x080044bc   0x080044bc   0x00000010   Code   RO         3617    i.UART_DMAAbortOnError  stm32f4xx_hal_uart.o
    0x080044cc   0x080044cc   0x0000004a   Code   RO         3618    i.UART_DMAError     stm32f4xx_hal_uart.o
    0x08004516   0x08004516   0x00000086   Code   RO         3619    i.UART_DMAReceiveCplt  stm32f4xx_hal_uart.o
    0x0800459c   0x0800459c   0x0000001e   Code   RO         3621    i.UART_DMARxHalfCplt  stm32f4xx_hal_uart.o
    0x080045ba   0x080045ba   0x00000042   Code   RO         3623    i.UART_DMATransmitCplt  stm32f4xx_hal_uart.o
    0x080045fc   0x080045fc   0x0000000a   Code   RO         3625    i.UART_DMATxHalfCplt  stm32f4xx_hal_uart.o
    0x08004606   0x08004606   0x0000004e   Code   RO         3627    i.UART_EndRxTransfer  stm32f4xx_hal_uart.o
    0x08004654   0x08004654   0x0000001c   Code   RO         3628    i.UART_EndTxTransfer  stm32f4xx_hal_uart.o
    0x08004670   0x08004670   0x000000c2   Code   RO         3629    i.UART_Receive_IT   stm32f4xx_hal_uart.o
    0x08004732   0x08004732   0x00000002   PAD
    0x08004734   0x08004734   0x0000010c   Code   RO         3630    i.UART_SetConfig    stm32f4xx_hal_uart.o
    0x08004840   0x08004840   0x00000094   Code   RO         3631    i.UART_Start_Receive_DMA  stm32f4xx_hal_uart.o
    0x080048d4   0x080048d4   0x00000018   Code   RO          547    i.USART1_IRQHandler  stm32f4xx_it.o
    0x080048ec   0x080048ec   0x00000044   Code   RO         5531    i.USART1_Init       uart_user.o
    0x08004930   0x08004930   0x0000000c   Code   RO          548    i.USART2_IRQHandler  stm32f4xx_it.o
    0x0800493c   0x0800493c   0x00000018   Code   RO          549    i.USART3_IRQHandler  stm32f4xx_it.o
    0x08004954   0x08004954   0x0000003c   Code   RO         5532    i.USART3_Init       uart_user.o
    0x08004990   0x08004990   0x00000190   Code   RO         5394    i.USART3_rxDataHandler  rc_potocal.o
    0x08004b20   0x08004b20   0x000000e0   Code   RO         5625    i.Update_data       judge.o
    0x08004c00   0x08004c00   0x00000002   Code   RO          550    i.UsageFault_Handler  stm32f4xx_it.o
    0x08004c02   0x08004c02   0x00000002   PAD
    0x08004c04   0x08004c04   0x0000003c   Code   RO         5677    i.Verify_CRC16_Check_Sum  crc.o
    0x08004c40   0x08004c40   0x00000026   Code   RO         5678    i.Verify_CRC8_Check_Sum  crc.o
    0x08004c66   0x08004c66   0x00000002   PAD
    0x08004c68   0x08004c68   0x00000044   Code   RO         5734    i.Yaw_Diff          chassis_task.o
    0x08004cac   0x08004cac   0x000001a4   Code   RO         5866    i.Yaw_task          yaw_task.o
    0x08004e50   0x08004e50   0x00000030   Code   RO         6168    i.__ARM_fpclassify  m_wm.l(fpclassify.o)
    0x08004e80   0x08004e80   0x00000020   Code   RO         1821    i.__NVIC_SetPriority  stm32f4xx_hal_cortex.o
    0x08004ea0   0x08004ea0   0x000000c8   Code   RO         6017    i.__hardfp_cos      m_wm.l(cos.o)
    0x08004f68   0x08004f68   0x00000014   Code   RO         6029    i.__hardfp_fabs     m_wm.l(fabs.o)
    0x08004f7c   0x08004f7c   0x00000004   PAD
    0x08004f80   0x08004f80   0x000000c8   Code   RO         6035    i.__hardfp_sin      m_wm.l(sin.o)
    0x08005048   0x08005048   0x00000438   Code   RO         6131    i.__ieee754_rem_pio2  m_wm.l(rred.o)
    0x08005480   0x08005480   0x00000170   Code   RO         6114    i.__kernel_cos      m_wm.l(cos_i.o)
    0x080055f0   0x080055f0   0x000000f8   Code   RO         6170    i.__kernel_poly     m_wm.l(poly.o)
    0x080056e8   0x080056e8   0x00000130   Code   RO         6136    i.__kernel_sin      m_wm.l(sin_i.o)
    0x08005818   0x08005818   0x00000014   Code   RO         6118    i.__mathlib_dbl_infnan  m_wm.l(dunder.o)
    0x0800582c   0x0800582c   0x00000004   PAD
    0x08005830   0x08005830   0x00000020   Code   RO         6120    i.__mathlib_dbl_invalid  m_wm.l(dunder.o)
    0x08005850   0x08005850   0x00000020   Code   RO         6123    i.__mathlib_dbl_underflow  m_wm.l(dunder.o)
    0x08005870   0x08005870   0x0000004c   Code   RO         5275    i.can_cmd_send_3508  can_user.o
    0x080058bc   0x080058bc   0x0000002c   Code   RO         5276    i.can_cmd_send_5010  can_user.o
    0x080058e8   0x080058e8   0x00000028   Code   RO         5278    i.can_remote        can_user.o
    0x08005910   0x08005910   0x0000023c   Code   RO         5735    i.chassis_calculate  chassis_task.o
    0x08005b4c   0x08005b4c   0x0000004c   Code   RO         5533    i.dma_m0_rxcplt_callback  uart_user.o
    0x08005b98   0x08005b98   0x0000004c   Code   RO         5534    i.dma_m1_rxcplt_callback  uart_user.o
    0x08005be4   0x08005be4   0x00000018   Code   RO         6031    i.fabs              m_wm.l(fabs.o)
    0x08005bfc   0x08005bfc   0x0000001e   Code   RO         5343    i.limit_max         pid_user.o
    0x08005c1a   0x08005c1a   0x0000004e   Code   RO           15    i.main              main.o
    0x08005c68   0x08005c68   0x0000000c   Code   RO         4758    i.makeFreeRtosPriority  cmsis_os.o
    0x08005c74   0x08005c74   0x00000084   Code   RO         5867    i.motor_value       yaw_task.o
    0x08005cf8   0x08005cf8   0x0000000e   Code   RO         4760    i.osDelay           cmsis_os.o
    0x08005d06   0x08005d06   0x0000000a   Code   RO         4763    i.osKernelStart     cmsis_os.o
    0x08005d10   0x08005d10   0x00000054   Code   RO         4797    i.osThreadCreate    cmsis_os.o
    0x08005d64   0x08005d64   0x00000114   Code   RO         5344    i.pid_I_control     pid_user.o
    0x08005e78   0x08005e78   0x000000b8   Code   RO         5345    i.pid_cal_a         pid_user.o
    0x08005f30   0x08005f30   0x00000080   Code   RO         5346    i.pid_cal_s         pid_user.o
    0x08005fb0   0x08005fb0   0x0000001c   Code   RO         5347    i.pid_init          pid_user.o
    0x08005fcc   0x08005fcc   0x00000070   Code   RO         4440    i.prvAddCurrentTaskToDelayedList  tasks.o
    0x0800603c   0x0800603c   0x000000d0   Code   RO         4441    i.prvAddNewTaskToReadyList  tasks.o
    0x0800610c   0x0800610c   0x00000034   Code   RO         4442    i.prvDeleteTCB      tasks.o
    0x08006140   0x08006140   0x0000004c   Code   RO         5125    i.prvHeapInit       heap_4.o
    0x0800618c   0x0800618c   0x0000005c   Code   RO         4443    i.prvIdleTask       tasks.o
    0x080061e8   0x080061e8   0x00000098   Code   RO         4444    i.prvInitialiseNewTask  tasks.o
    0x08006280   0x08006280   0x0000004c   Code   RO         5126    i.prvInsertBlockIntoFreeList  heap_4.o
    0x080062cc   0x080062cc   0x00000020   Code   RO         4445    i.prvResetNextTaskUnblockTime  tasks.o
    0x080062ec   0x080062ec   0x00000028   Code   RO         5193    i.prvTaskExitError  port.o
    0x08006314   0x08006314   0x000000dc   Code   RO         5127    i.pvPortMalloc      heap_4.o
    0x080063f0   0x080063f0   0x0000002c   Code   RO         5194    i.pxPortInitialiseStack  port.o
    0x0800641c   0x0800641c   0x00000024   Code   RO         5934    i.speed_control_send  mg5010_control.o
    0x08006440   0x08006440   0x00000054   Code   RO         5736    i.task_init         chassis_task.o
    0x08006494   0x08006494   0x0000009c   Code   RO         5535    i.uart_rx_idle_callback  uart_user.o
    0x08006530   0x08006530   0x00000026   Code   RO         4076    i.uxListRemove      list.o
    0x08006556   0x08006556   0x00000002   PAD
    0x08006558   0x08006558   0x00000014   Code   RO          251    i.vApplicationGetIdleTaskMemory  freertos.o
    0x0800656c   0x0800656c   0x00000016   Code   RO         4077    i.vListInitialise   list.o
    0x08006582   0x08006582   0x00000006   Code   RO         4078    i.vListInitialiseItem  list.o
    0x08006588   0x08006588   0x00000030   Code   RO         4079    i.vListInsert       list.o
    0x080065b8   0x080065b8   0x00000018   Code   RO         4080    i.vListInsertEnd    list.o
    0x080065d0   0x080065d0   0x00000040   Code   RO         5196    i.vPortEnterCritical  port.o
    0x08006610   0x08006610   0x00000028   Code   RO         5197    i.vPortExitCritical  port.o
    0x08006638   0x08006638   0x00000064   Code   RO         5128    i.vPortFree         heap_4.o
    0x0800669c   0x0800669c   0x00000024   Code   RO         5198    i.vPortSetupTimerInterrupt  port.o
    0x080066c0   0x080066c0   0x0000004c   Code   RO         4454    i.vTaskDelay        tasks.o
    0x0800670c   0x0800670c   0x0000006c   Code   RO         4467    i.vTaskStartScheduler  tasks.o
    0x08006778   0x08006778   0x00000010   Code   RO         4469    i.vTaskSuspendAll   tasks.o
    0x08006788   0x08006788   0x0000005c   Code   RO         4470    i.vTaskSwitchContext  tasks.o
    0x080067e4   0x080067e4   0x000000f4   Code   RO         5200    i.xPortStartScheduler  port.o
    0x080068d8   0x080068d8   0x0000002c   Code   RO         5201    i.xPortSysTickHandler  port.o
    0x08006904   0x08006904   0x0000005a   Code   RO         4473    i.xTaskCreate       tasks.o
    0x0800695e   0x0800695e   0x0000005a   Code   RO         4474    i.xTaskCreateStatic  tasks.o
    0x080069b8   0x080069b8   0x0000001c   Code   RO         4478    i.xTaskGetSchedulerState  tasks.o
    0x080069d4   0x080069d4   0x000000cc   Code   RO         4481    i.xTaskIncrementTick  tasks.o
    0x08006aa0   0x08006aa0   0x000000c4   Code   RO         4487    i.xTaskResumeAll    tasks.o
    0x08006b64   0x08006b64   0x00000098   Code   RO         5868    i.yaw_control       yaw_task.o
    0x08006bfc   0x08006bfc   0x00000064   Code   RO         5869    i.yaw_finding       yaw_task.o
    0x08006c60   0x08006c60   0x00000078   Code   RO         5870    i.yaw_init          yaw_task.o
    0x08006cd8   0x08006cd8   0x0000008c   Code   RO         5871    i.yaw_suoing        yaw_task.o
    0x08006d64   0x08006d64   0x00000018   Code   RO         6101    x$fpl$basic         fz_wm.l(basic.o)
    0x08006d7c   0x08006d7c   0x00000062   Code   RO         5985    x$fpl$d2f           fz_wm.l(d2f.o)
    0x08006dde   0x08006dde   0x00000002   PAD
    0x08006de0   0x08006de0   0x00000150   Code   RO         5987    x$fpl$dadd          fz_wm.l(daddsub_clz.o)
    0x08006f30   0x08006f30   0x00000018   Code   RO         6103    x$fpl$dcmpinf       fz_wm.l(dcmpi.o)
    0x08006f48   0x08006f48   0x000002b0   Code   RO         5994    x$fpl$ddiv          fz_wm.l(ddiv.o)
    0x080071f8   0x080071f8   0x00000078   Code   RO         5997    x$fpl$deqf          fz_wm.l(deqf.o)
    0x08007270   0x08007270   0x0000005e   Code   RO         5999    x$fpl$dfix          fz_wm.l(dfix.o)
    0x080072ce   0x080072ce   0x0000002e   Code   RO         6004    x$fpl$dflt          fz_wm.l(dflt_clz.o)
    0x080072fc   0x080072fc   0x00000026   Code   RO         6003    x$fpl$dfltu         fz_wm.l(dflt_clz.o)
    0x08007322   0x08007322   0x00000002   PAD
    0x08007324   0x08007324   0x00000078   Code   RO         6009    x$fpl$dleqf         fz_wm.l(dleqf.o)
    0x0800739c   0x0800739c   0x00000154   Code   RO         6011    x$fpl$dmul          fz_wm.l(dmul.o)
    0x080074f0   0x080074f0   0x0000009c   Code   RO         6105    x$fpl$dnaninf       fz_wm.l(dnaninf.o)
    0x0800758c   0x0800758c   0x0000000c   Code   RO         6107    x$fpl$dretinf       fz_wm.l(dretinf.o)
    0x08007598   0x08007598   0x0000006c   Code   RO         6013    x$fpl$drleqf        fz_wm.l(drleqf.o)
    0x08007604   0x08007604   0x00000016   Code   RO         5988    x$fpl$drsb          fz_wm.l(daddsub_clz.o)
    0x0800761a   0x0800761a   0x00000002   PAD
    0x0800761c   0x0800761c   0x000001d4   Code   RO         5989    x$fpl$dsub          fz_wm.l(daddsub_clz.o)
    0x080077f0   0x080077f0   0x00000056   Code   RO         6015    x$fpl$f2d           fz_wm.l(f2d.o)
    0x08007846   0x08007846   0x0000008c   Code   RO         6109    x$fpl$fnaninf       fz_wm.l(fnaninf.o)
    0x080078d2   0x080078d2   0x0000000a   Code   RO         6166    x$fpl$fpinit        fz_wm.l(fpinit.o)
    0x080078dc   0x080078dc   0x0000000a   Code   RO         6111    x$fpl$fretinf       fz_wm.l(fretinf.o)
    0x080078e6   0x080078e6   0x00000000   Code   RO         6113    x$fpl$usenofp       fz_wm.l(usenofp.o)
    0x080078e6   0x080078e6   0x00000002   PAD
    0x080078e8   0x080078e8   0x00000070   Data   RO          253    .constdata          freertos.o
    0x08007958   0x08007958   0x00000008   Data   RO         1519    .constdata          stm32f4xx_hal_dma.o
    0x08007960   0x08007960   0x00000010   Data   RO         3939    .constdata          system_stm32f4xx.o
    0x08007970   0x08007970   0x00000008   Data   RO         3940    .constdata          system_stm32f4xx.o
    0x08007978   0x08007978   0x00000300   Data   RO         5680    .constdata          crc.o
    0x08007c78   0x08007c78   0x00000030   Data   RO         6115    .constdata          m_wm.l(cos_i.o)
    0x08007ca8   0x08007ca8   0x000000c8   Data   RO         6133    .constdata          m_wm.l(rred.o)
    0x08007d70   0x08007d70   0x00000028   Data   RO         6137    .constdata          m_wm.l(sin_i.o)
    0x08007d98   0x08007d98   0x00000030   Data   RO          254    .conststring        freertos.o
    0x08007dc8   0x08007dc8   0x00000020   Data   RO         6266    Region$$Table       anon$$obj.o


    Execution Region RW_IRAM1 (Exec base: 0x20000000, Load base: 0x08007de8, Size: 0x000052c8, Max: 0x00020000, ABSOLUTE, COMPRESSED[0x0000001c])

    Exec Addr    Load Addr    Size         Type   Attr      Idx    E Section Name        Object

    0x20000000   COMPRESSED   0x00000010   Data   RW          255    .data               freertos.o
    0x20000010   COMPRESSED   0x00000004   Data   RW          313    .data               can.o
    0x20000014   COMPRESSED   0x0000000c   Data   RW         1970    .data               stm32f4xx_hal.o
    0x20000020   COMPRESSED   0x00000004   Data   RW         3941    .data               system_stm32f4xx.o
    0x20000024   COMPRESSED   0x0000003c   Data   RW         4490    .data               tasks.o
    0x20000060   COMPRESSED   0x00000020   Data   RW         5134    .data               heap_4.o
    0x20000080   COMPRESSED   0x0000000c   Data   RW         5202    .data               port.o
    0x2000008c   COMPRESSED   0x00000004   PAD
    0x20000090   COMPRESSED   0x00000038   Data   RW         5280    .data               can_user.o
    0x200000c8   COMPRESSED   0x0000003a   Data   RW         5397    .data               rc_potocal.o
    0x20000102   COMPRESSED   0x00000002   PAD
    0x20000104   COMPRESSED   0x00000010   Data   RW         5537    .data               uart_user.o
    0x20000114   COMPRESSED   0x00000001   Data   RW         5628    .data               judge.o
    0x20000115   COMPRESSED   0x00000001   PAD
    0x20000116   COMPRESSED   0x00000002   Data   RW         5681    .data               crc.o
    0x20000118   COMPRESSED   0x00000060   Data   RW         5738    .data               chassis_task.o
    0x20000178   COMPRESSED   0x00000010   Data   RW         5824    .data               exchange_task.o
    0x20000188   COMPRESSED   0x0000002c   Data   RW         5873    .data               yaw_task.o
    0x200001b4        -       0x00000254   Zero   RW          252    .bss                freertos.o
    0x20000408        -       0x00000050   Zero   RW          312    .bss                can.o
    0x20000458        -       0x00000020   Zero   RW          384    .bss                rtc.o
    0x20000478        -       0x00000048   Zero   RW          426    .bss                tim.o
    0x200004c0        -       0x00000420   Zero   RW          471    .bss                usart.o
    0x200008e0        -       0x000000f0   Zero   RW         4489    .bss                tasks.o
    0x200009d0        -       0x00003c00   Zero   RW         5133    .bss                heap_4.o
    0x200045d0        -       0x00000058   Zero   RW         5279    .bss                can_user.o
    0x20004628        -       0x00000016   Zero   RW         5395    .bss                rc_potocal.o
    0x2000463e   COMPRESSED   0x00000002   PAD
    0x20004640        -       0x00000268   Zero   RW         5536    .bss                uart_user.o
    0x200048a8        -       0x00000116   Zero   RW         5626    .bss                judge.o
    0x200049be   COMPRESSED   0x00000002   PAD
    0x200049c0        -       0x00000094   Zero   RW         5737    .bss                chassis_task.o
    0x20004a54   COMPRESSED   0x00000004   PAD
    0x20004a58        -       0x000000b8   Zero   RW         5823    .bss                exchange_task.o
    0x20004b10        -       0x00000070   Zero   RW         5872    .bss                yaw_task.o
    0x20004b80        -       0x000000e4   Zero   RW         5970    .bss                c_w.l(rand.o)
    0x20004c64        -       0x00000060   Zero   RW         6173    .bss                c_w.l(libspace.o)
    0x20004cc4   COMPRESSED   0x00000004   PAD
    0x20004cc8        -       0x00000200   Zero   RW            2    HEAP                startup_stm32f446xx.o
    0x20004ec8        -       0x00000400   Zero   RW            1    STACK               startup_stm32f446xx.o


==============================================================================

Image component sizes


      Code (inc. data)   RO Data    RW Data    ZI Data      Debug   Object Name

       456         36          0          4         80       2526   can.o
       532         46          0         56         88       5592   can_user.o
      2328        196          0         96        148       9531   chassis_task.o
       120          0          0          0          0      23325   cmsis_os.o
       170         18        768          2          0       3455   crc.o
       172          4          0          0          0        866   dma.o
         0          0          0          0          0      16952   event_groups.o
       624         74          0         16        184       3339   exchange_task.o
       132         12        160         16        596       3793   freertos.o
       180         14          0          0          0       1003   gpio.o
       472         24          0         32      15360       7507   heap_4.o
       828         34          0          1        278       9785   judge.o
       138          0          0          0          0       3554   list.o
       238          8          0          0          0     768964   main.o
        64         10          0          0          0       1015   mg5010_control.o
       646         44          0          0          0       4147   pid_user.o
       702         70          0         12          0      10980   port.o
       400          8          0         58         22       3890   rc_potocal.o
       112         16          0          0         32       1595   rtc.o
        64         26        452          0       1536        844   startup_stm32f446xx.o
       144         24          0         12          0       8625   stm32f4xx_hal.o
      1656          6          0          0          0      14607   stm32f4xx_hal_can.o
       198         14          0          0          0      33795   stm32f4xx_hal_cortex.o
      1084         16          8          0          0       7362   stm32f4xx_hal_dma.o
       458         40          0          0          0       2284   stm32f4xx_hal_gpio.o
        56          4          0          0          0        866   stm32f4xx_hal_msp.o
       372         44          0          0          0       2886   stm32f4xx_hal_rcc.o
      2128         74          0          0          0       4878   stm32f4xx_hal_rcc_ex.o
       490         22          0          0          0       5641   stm32f4xx_hal_rtc.o
      1072         74          0          0          0      10533   stm32f4xx_hal_tim.o
       148         28          0          0          0       2565   stm32f4xx_hal_tim_ex.o
      2094         44          0          0          0      16952   stm32f4xx_hal_uart.o
       300        114          0          0          0      12426   stm32f4xx_it.o
         0          0          0          0          0        432   stream_buffer.o
        16          4         24          4          0       1127   system_stm32f4xx.o
      1548        116          0         60        240      20179   tasks.o
       164         18          0          0         72       1694   tim.o
      1356        146          0         16        616       7405   uart_user.o
      1172         94          0          0       1056       4677   usart.o
      1088        188          0         44        112       5862   yaw_task.o

    ----------------------------------------------------------------------
     23954       1710       1444        436      20428    1047459   Object Totals
         0          0         32          0          0          0   (incl. Generated)
        32          0          0          7          8          0   (incl. Padding)

    ----------------------------------------------------------------------

      Code (inc. data)   RO Data    RW Data    ZI Data      Debug   Library Member Name

        58          0          0          0          0          0   __dczerorl.o
         8          0          0          0          0         68   __main.o
         0          0          0          0          0          0   __rtentry.o
        12          0          0          0          0          0   __rtentry2.o
         6          0          0          0          0          0   __rtentry4.o
        52          8          0          0          0          0   __scatter.o
        28          0          0          0          0          0   __scatter_zi.o
        22          0          0          0          0        100   _rserrno.o
        18          0          0          0          0         80   exit.o
         6          0          0          0          0        152   heapauxi.o
         0          0          0          0          0          0   indicate_semi.o
         2          0          0          0          0          0   libinit.o
        10          0          0          0          0          0   libinit2.o
         2          0          0          0          0          0   libshutdown.o
         2          0          0          0          0          0   libshutdown2.o
         8          4          0          0         96         68   libspace.o
       238          0          0          0          0        100   lludivv7m.o
       112         18          0          0        228        160   rand.o
         8          4          0          0          0         68   rt_errno_addr_intlibspace.o
        78          0          0          0          0         80   rt_memclr_w.o
       138          0          0          0          0         68   rt_memcpy_v6.o
       100          0          0          0          0         80   rt_memcpy_w.o
         2          0          0          0          0          0   rtexit.o
        10          0          0          0          0          0   rtexit2.o
        12          4          0          0          0         68   sys_exit.o
        74          0          0          0          0         80   sys_stackheap_outer.o
         2          0          0          0          0         68   use_no_semi.o
        24          0          0          0          0        164   basic.o
        98          4          0          0          0        140   d2f.o
       826         16          0          0          0        492   daddsub_clz.o
        24          0          0          0          0        116   dcmpi.o
       688        140          0          0          0        256   ddiv.o
       120          4          0          0          0        140   deqf.o
        94          4          0          0          0        140   dfix.o
        84          0          0          0          0        232   dflt_clz.o
       120          4          0          0          0        140   dleqf.o
       340         12          0          0          0        152   dmul.o
       156          4          0          0          0        140   dnaninf.o
        12          0          0          0          0        116   dretinf.o
       108          0          0          0          0        128   drleqf.o
        86          4          0          0          0        132   f2d.o
       140          4          0          0          0        132   fnaninf.o
        10          0          0          0          0        116   fpinit.o
        10          0          0          0          0        116   fretinf.o
         0          0          0          0          0          0   usenofp.o
       200         20          0          0          0        164   cos.o
       368         46         48          0          0        200   cos_i.o
        84         16          0          0          0        372   dunder.o
        44          0          0          0          0        248   fabs.o
        48          0          0          0          0        124   fpclassify.o
       248          0          0          0          0        152   poly.o
      1080        142        200          0          0        188   rred.o
       200         20          0          0          0        164   sin.o
       304         24         40          0          0        208   sin_i.o

    ----------------------------------------------------------------------
      6546        502        288          0        328       5912   Library Totals
        22          0          0          0          4          0   (incl. Padding)

    ----------------------------------------------------------------------

      Code (inc. data)   RO Data    RW Data    ZI Data      Debug   Library Name

      1008         38          0          0        324       1240   c_w.l
      2940        196          0          0          0       2852   fz_wm.l
      2576        268        288          0          0       1820   m_wm.l

    ----------------------------------------------------------------------
      6546        502        288          0        328       5912   Library Totals

    ----------------------------------------------------------------------

==============================================================================


      Code (inc. data)   RO Data    RW Data    ZI Data      Debug   

     30500       2212       1732        436      20756    1028699   Grand Totals
     30500       2212       1732         28      20756    1028699   ELF Image Totals (compressed)
     30500       2212       1732         28          0          0   ROM Totals

==============================================================================

    Total RO  Size (Code + RO Data)                32232 (  31.48kB)
    Total RW  Size (RW Data + ZI Data)             21192 (  20.70kB)
    Total ROM Size (Code + RO Data + RW Data)      32260 (  31.50kB)

==============================================================================

