<html>
<body>
<pre>
<h1>µVision Build Log</h1>
<h2>Tool Versions:</h2>
IDE-Version: ¦ÌVision V5.38.0.0
Copyright (C) 2022 ARM Ltd and ARM Germany GmbH. All rights reserved.
License Information: 1 Lenovo, 1, LIC=MPPLD-84V99-SB7EJ-UGV6F-K4DUW-TZS28
 
Tool Versions:
Toolchain:       MDK-ARM Plus  Version: 5.38.0.0
Toolchain Path:  D:\Keil_v5\Keil5\ARM\AC5\Bin
C Compiler:      Armcc.exe V5.06 update 7 (build 960)
Assembler:       Armasm.exe V5.06 update 7 (build 960)
Linker/Locator:  ArmLink.exe V5.06 update 7 (build 960)
Library Manager: ArmAr.exe V5.06 update 7 (build 960)
Hex Converter:   FromElf.exe V5.06 update 7 (build 960)
CPU DLL:         SARMCM3.DLL V5.38.0.0
Dialog DLL:      DCM.DLL V1.17.5.0
Target DLL:      STLink\ST-LINKIII-KEIL_SWO.dll V3.1.0.0
Dialog DLL:      TCM.DLL V1.56.4.0
 
<h2>Project:</h2>
D:\RM_SentinelRobot\Sentry\SB_Down\Chassis\MDK-ARM\Chassis.uvprojx
Project File Date:  10/17/2023

<h2>Output:</h2>
*** Using Compiler 'V5.06 update 7 (build 960)', folder: 'D:\Keil_v5\Keil5\ARM\AC5\Bin'
Build target 'Chassis'
compiling chassis.c...
../Core/Inc/chassis.h(5): warning:  #1-D: last line of file ends without a newline
  #endif
../Core/Inc/pid.h(19): warning:  #1-D: last line of file ends without a newline
  #endif
..\Core\Src\chassis.c(13): warning:  #177-D: variable "PID_angle"  was declared but never referenced
  		pidTypeDef PID_angle[4];
..\Core\Src\chassis.c(16): warning:  #177-D: variable "set_angle"  was declared but never referenced
  		float set_angle = 1365; //60degrees
..\Core\Src\chassis.c(17): warning:  #177-D: variable "Max_out_a"  was declared but never referenced
  		float Max_out_a = 2000;
..\Core\Src\chassis.c(18): warning:  #177-D: variable "Max_iout_a"  was declared but never referenced
  		float Max_iout_a = 2000;
..\Core\Src\chassis.c(21): warning:  #177-D: variable "angle"  was declared but never referenced
  		float angle[4];
..\Core\Src\chassis.c(22): warning:  #177-D: variable "speed"  was declared but never referenced
  		float speed[4];
..\Core\Src\chassis.c: 8 warnings, 0 errors
linking...
Program Size: Code=10108 RO-data=536 RW-data=148 ZI-data=18052  
FromELF: creating hex file...
"Chassis\Chassis.axf" - 0 Error(s), 8 Warning(s).

<h2>Software Packages used:</h2>

Package Vendor: ARM
                http://www.keil.com/pack/ARM.CMSIS.5.9.0.pack
                ARM.CMSIS.5.9.0
                CMSIS (Common Microcontroller Software Interface Standard)
   * Component: CORE Version: 5.6.0

Package Vendor: Keil
                https://www.keil.com/pack/Keil.STM32F4xx_DFP.2.17.1.pack
                Keil.STM32F4xx_DFP.2.17.1
                STMicroelectronics STM32F4 Series Device Support, Drivers and Examples

<h2>Collection of Component include folders:</h2>
  ./RTE/_Chassis
  D:/Keil_v5/Keil5 Pack/ARM/CMSIS/5.9.0/CMSIS/Core/Include
  D:/Keil_v5/Keil5 Pack/Keil/STM32F4xx_DFP/2.17.1/Drivers/CMSIS/Device/ST/STM32F4xx/Include

<h2>Collection of Component Files used:</h2>

   * Component: ARM::CMSIS:CORE:5.6.0
      Include file:  CMSIS/Core/Include/tz_context.h
Build Time Elapsed:  00:00:03
</pre>
</body>
</html>
