<html>
<body>
<pre>
<h1>µVision Build Log</h1>
<h2>Tool Versions:</h2>
IDE-Version: ¦ÌVision V5.38.0.0
Copyright (C) 2022 ARM Ltd and ARM Germany GmbH. All rights reserved.
License Information: 1 LuoYaqi, 1, LIC=TIVNB-2SM7B-PC4J8-3PHQG-ZAPNR-JLDXV
 
Tool Versions:
Toolchain:       MDK-ARM Plus  Version: 5.38.0.0
Toolchain Path:  D:\Software\KeilMDK538\KeilMDK538\ARM\AC5\Bin
C Compiler:      Armcc.exe V5.06 update 7 (build 960)
Assembler:       Armasm.exe V5.06 update 7 (build 960)
Linker/Locator:  ArmLink.exe V5.06 update 7 (build 960)
Library Manager: ArmAr.exe V5.06 update 7 (build 960)
Hex Converter:   FromElf.exe V5.06 update 7 (build 960)
CPU DLL:         SARMCM3.DLL V5.38.0.0
Dialog DLL:      DCM.DLL V1.17.5.0
Target DLL:      STLink\ST-LINKIII-KEIL_SWO.dll V3.1.0.0
Dialog DLL:      TCM.DLL V1.56.4.0
 
<h2>Project:</h2>
D:\Project\RM\Sentry\NewNew\SB_UP\MDK-ARM\SB_UP.uvprojx
Project File Date:  04/09/2024

<h2>Output:</h2>
*** Using Compiler 'V5.06 update 7 (build 960)', folder: 'D:\Software\KeilMDK538\KeilMDK538\ARM\AC5\Bin'
Build target 'SB_UP'
compiling fdcan.c...
compiling tim.c...
compiling dma.c...
compiling stm32h7xx_hal_pcd.c...
compiling stm32h7xx_hal_hsem.c...
compiling stm32h7xx_hal_gpio.c...
compiling stm32h7xx_hal_flash_ex.c...
compiling stm32h7xx_hal_mdma.c...
compiling stm32h7xx_hal_dma_ex.c...
compiling adc.c...
compiling stm32h7xx_hal_msp.c...
compiling stm32h7xx_hal_pcd_ex.c...
compiling gpio.c...
compiling stm32h7xx_ll_usb.c...
compiling stm32h7xx_it.c...
compiling usart.c...
compiling spi.c...
compiling stm32h7xx_hal_rcc_ex.c...
compiling freertos.c...
compiling stm32h7xx_hal_flash.c...
compiling imuekf.c...
compiling imuekf_initialize.c...
compiling imuekf_terminate.c...
compiling rt_nonfinite.c...
compiling rtGetInf.c...
compiling stm32h7xx_hal_rcc.c...
compiling rtGetNaN.c...
compiling main.c...
compiling stm32h7xx_hal_dma.c...
compiling stm32h7xx_hal_pwr.c...
compiling stm32h7xx_hal_spi_ex.c...
compiling stm32h7xx_hal_i2c_ex.c...
compiling stm32h7xx_hal.c...
compiling stm32h7xx_hal_cortex.c...
compiling bsp_dwt.c...
compiling stm32h7xx_hal_uart_ex.c...
compiling system_stm32h7xx.c...
compiling stm32h7xx_hal_tim_ex.c...
compiling pid_user.c...
compiling can_user.c...
compiling Yaw_task.c...
compiling stm32h7xx_hal_spi.c...
compiling stm32h7xx_hal_i2c.c...
compiling stm32h7xx_hal_adc_ex.c...
compiling stm32h7xx_hal_pwr_ex.c...
compiling stm32h7xx_hal_exti.c...
compiling stm32h7xx_hal_adc.c...
compiling imu_temp_ctrl.c...
compiling stm32h7xx_hal_fdcan.c...
compiling stm32h7xx_hal_uart.c...
compiling stm32h7xx_hal_tim.c...
compiling BMI088driver.c...
compiling BMI088Middleware.c...
linking...
Program Size: Code=67032 RO-data=1432 RW-data=956 ZI-data=29988  
FromELF: creating hex file...
"SB_UP\SB_UP.axf" - 0 Error(s), 0 Warning(s).

<h2>Software Packages used:</h2>

Package Vendor: ARM
                http://www.keil.com/pack/ARM.CMSIS.5.9.0.pack
                ARM.CMSIS.5.9.0
                CMSIS (Common Microcontroller Software Interface Standard)
   * Component: CORE Version: 5.6.0

Package Vendor: Keil
                https://www.keil.com/pack/Keil.STM32H7xx_DFP.3.1.1.pack
                Keil.STM32H7xx_DFP.3.1.1
                STMicroelectronics STM32H7 Series Device Support and Examples

<h2>Collection of Component include folders:</h2>
  ./RTE/_SB_UP
  D:/Software/KeilMDK538/KeilMDK538/ARM/Pack/ARM/CMSIS/5.9.0/CMSIS/Core/Include
  D:/Software/KeilMDK538/KeilMDK538/ARM/Pack/Keil/STM32H7xx_DFP/3.1.1/Drivers/CMSIS/Device/ST/STM32H7xx/Include

<h2>Collection of Component Files used:</h2>

   * Component: ARM::CMSIS:CORE:5.6.0
      Include file:  CMSIS/Core/Include/tz_context.h
Build Time Elapsed:  00:00:30
</pre>
</body>
</html>
