<html>
<body>
<pre>
<h1>µVision Build Log</h1>
<h2>Tool Versions:</h2>
IDE-Version: ¦ÌVision V5.38.0.0
Copyright (C) 2022 ARM Ltd and ARM Germany GmbH. All rights reserved.
License Information: Zhuming Li, SiNanChuan, LIC=WHYH9-40ZH6-EVB1R-KRV6F-ZKPDG-GKB7Q
 
Tool Versions:
Toolchain:       MDK-ARM Plus  Version: 5.35.0.2
Toolchain Path:  D:\RoboterMaster\keil\ARM\ARMCLANG\Bin
C Compiler:      ArmClang.exe V6.16
Assembler:       Armasm.exe V6.16
Linker/Locator:  ArmLink.exe V6.16
Library Manager: ArmAr.exe V6.16
Hex Converter:   FromElf.exe V6.16
CPU DLL:         SARMCM3.DLL V5.35.0.2
Dialog DLL:      DCM.DLL V1.17.3.0
Target DLL:      STLink\ST-LINKIII-KEIL_SWO.dll V3.0.9.0
Dialog DLL:      TCM.DLL V1.53.0.0
 
<h2>Project:</h2>
D:\Study\RoboMaster\Code\Sentry\NewNew\SB_UP\MDK-ARM\SB_UP.uvprojx
Project File Date:  05/15/2024

<h2>Output:</h2>
*** Using Compiler 'V6.16', folder: 'D:\RoboterMaster\keil\ARM\ARMCLANG\Bin'
Build target 'SB_UP'
compiling gpio.c...
compiling main.c...
compiling stm32h7xx_hal_pcd.c...
compiling stm32h7xx_ll_usb.c...
compiling tim.c...
compiling spi.c...
compiling freertos.c...
compiling stm32h7xx_hal_dma_ex.c...
compiling stm32h7xx_hal_mdma.c...
compiling stm32h7xx_hal_pwr.c...
compiling stm32h7xx_it.c...
compiling adc.c...
compiling stm32h7xx_hal_hsem.c...
compiling stm32h7xx_hal_cortex.c...
compiling croutine.c...
compiling stm32h7xx_hal_pcd_ex.c...
compiling stm32h7xx_hal_flash.c...
compiling stm32h7xx_hal_msp.c...
compiling dma.c...
compiling stm32h7xx_hal_i2c_ex.c...
compiling event_groups.c...
compiling usart.c...
compiling stm32h7xx_hal_spi_ex.c...
compiling list.c...
compiling stm32h7xx_hal_exti.c...
compiling stm32h7xx_hal_gpio.c...
compiling system_stm32h7xx.c...
compiling fdcan.c...
compiling stm32h7xx_hal_pwr_ex.c...
compiling stm32h7xx_hal_flash_ex.c...
compiling stm32h7xx_hal_uart_ex.c...
compiling stm32h7xx_hal.c...
compiling stm32h7xx_hal_rcc.c...
compiling stm32h7xx_hal_dma.c...
compiling stm32h7xx_hal_rcc_ex.c...
compiling stream_buffer.c...
compiling queue.c...
compiling stm32h7xx_hal_adc_ex.c...
compiling stm32h7xx_hal_tim_ex.c...
compiling stm32h7xx_hal_spi.c...
compiling stm32h7xx_hal_adc.c...
compiling timers.c...
compiling heap_4.c...
compiling port.c...
compiling stm32h7xx_hal_fdcan.c...
compiling stm32h7xx_hal_uart.c...
compiling tasks.c...
compiling stm32h7xx_hal_i2c.c...
compiling bsp_dwt.c...
compiling pid_user.c...
compiling can_user.c...
compiling CRC.c...
compiling stm32h7xx_hal_tim.c...
compiling cmsis_os2.c...
compiling mahony_filter.c...
compiling QuaternionEKF.c...
compiling Yaw_task.c...
compiling kalman_filter.c...
compiling Pitch_task.c...
compiling Exchange_task.c...
compiling usb_device.c...
compiling usbd_desc.c...
compiling Launch_task.c...
compiling imu_temp_ctrl.c...
compiling usbd_cdc_if.c...
compiling usbd_conf.c...
compiling usbd_ioreq.c...
compiling usbd_core.c...
compiling BMI088driver.c...
compiling BayesFunctions.c...
compiling BMI088Middleware.c...
compiling usbd_ctlreq.c...
compiling BasicMathFunctionsF16.c...
compiling BayesFunctionsF16.c...
compiling usbd_cdc.c...
compiling ComplexMathFunctions.c...
compiling BasicMathFunctions.c...
compiling ComplexMathFunctionsF16.c...
compiling ControllerFunctions.c...
compiling CommonTablesF16.c...
compiling DistanceFunctionsF16.c...
compiling FastMathFunctionsF16.c...
compiling DistanceFunctions.c...
compiling FastMathFunctions.c...
compiling FilteringFunctionsF16.c...
compiling InterpolationFunctionsF16.c...
compiling InterpolationFunctions.c...
compiling SVMFunctions.c...
compiling QuaternionMathFunctions.c...
compiling SVMFunctionsF16.c...
compiling MatrixFunctionsF16.c...
compiling StatisticsFunctionsF16.c...
compiling SupportFunctionsF16.c...
compiling StatisticsFunctions.c...
compiling SupportFunctions.c...
compiling TransformFunctionsF16.c...
compiling CommonTables.c...
compiling MatrixFunctions.c...
compiling TransformFunctions.c...
compiling FilteringFunctions.c...
linking...
Program Size: Code=68372 RO-data=1728 RW-data=308 ZI-data=31660  
FromELF: creating hex file...
"SB_UP\SB_UP.axf" - 0 Error(s), 0 Warning(s).

<h2>Software Packages used:</h2>

Package Vendor: ARM
                http://www.keil.com/pack/ARM.CMSIS.5.8.0.pack
                ARM.CMSIS.5.8.0
                CMSIS (Common Microcontroller Software Interface Standard)
   * Component: CORE Version: 5.5.0
   * Component: DSP Variant: Source Version: 1.9.0-dev

Package Vendor: Keil
                https://www.keil.com/pack/Keil.STM32H7xx_DFP.3.1.1.pack
                Keil.STM32H7xx_DFP.3.1.1
                STMicroelectronics STM32H7 Series Device Support and Examples

<h2>Collection of Component include folders:</h2>
  ./RTE/_SB_UP
  D:/RoboterMaster/keil/ARM/CMSIS/5.8.0/CMSIS/Core/Include
  D:/RoboterMaster/keil/ARM/CMSIS/5.8.0/CMSIS/DSP/Include
  D:/RoboterMaster/keil/ARM/CMSIS/5.8.0/CMSIS/DSP/PrivateInclude
  D:/RoboterMaster/keil/Keil/STM32H7xx_DFP/3.1.1/Drivers/CMSIS/Device/ST/STM32H7xx/Include

<h2>Collection of Component Files used:</h2>

   * Component: ARM::CMSIS:CORE:5.5.0
      Include file:  CMSIS/Core/Include/tz_context.h

   * Component: ARM::CMSIS:DSP:Source:1.9.0-dev
      Source file:   CMSIS/DSP/Source/CommonTables/CommonTables.c
      Source file:   CMSIS/DSP/Source/BasicMathFunctions/BasicMathFunctions.c
      Source file:   CMSIS/DSP/Source/SVMFunctions/SVMFunctions.c
      Include file:  CMSIS/DSP/Include/arm_math_f16.h
      Include file:  CMSIS/DSP/Include/arm_common_tables_f16.h
      Source file:   CMSIS/DSP/Source/InterpolationFunctions/InterpolationFunctions.c
      Source file:   CMSIS/DSP/Source/QuaternionMathFunctions/QuaternionMathFunctions.c
      Source file:   CMSIS/DSP/Source/BayesFunctions/BayesFunctions.c
      Source file:   CMSIS/DSP/Source/FastMathFunctions/FastMathFunctions.c
      Source file:   CMSIS/DSP/Source/FilteringFunctions/FilteringFunctions.c
      Source file:   CMSIS/DSP/Source/BasicMathFunctions/BasicMathFunctionsF16.c
      Source file:   CMSIS/DSP/Source/FilteringFunctions/FilteringFunctionsF16.c
      Include file:  CMSIS/DSP/Include/arm_const_structs.h
      Source file:   CMSIS/DSP/Source/TransformFunctions/TransformFunctions.c
      Source file:   CMSIS/DSP/Source/DistanceFunctions/DistanceFunctions.c
      Source file:   CMSIS/DSP/Source/StatisticsFunctions/StatisticsFunctions.c
      Include file:  CMSIS/DSP/Include/arm_const_structs_f16.h
      Source file:   CMSIS/DSP/Source/CommonTables/CommonTablesF16.c
      Source file:   CMSIS/DSP/Source/TransformFunctions/TransformFunctionsF16.c
      Source file:   CMSIS/DSP/Source/InterpolationFunctions/InterpolationFunctionsF16.c
      Source file:   CMSIS/DSP/Source/StatisticsFunctions/StatisticsFunctionsF16.c
      Source file:   CMSIS/DSP/Source/MatrixFunctions/MatrixFunctionsF16.c
      Source file:   CMSIS/DSP/Source/ComplexMathFunctions/ComplexMathFunctionsF16.c
      Source file:   CMSIS/DSP/Source/SupportFunctions/SupportFunctionsF16.c
      Include file:  CMSIS/DSP/Include/arm_math.h
      Include file:  CMSIS/DSP/Include/arm_common_tables.h
      Source file:   CMSIS/DSP/Source/ComplexMathFunctions/ComplexMathFunctions.c
      Source file:   CMSIS/DSP/Source/ControllerFunctions/ControllerFunctions.c
      Source file:   CMSIS/DSP/Source/MatrixFunctions/MatrixFunctions.c
      Source file:   CMSIS/DSP/Source/SupportFunctions/SupportFunctions.c
      Source file:   CMSIS/DSP/Source/FastMathFunctions/FastMathFunctionsF16.c
      Source file:   CMSIS/DSP/Source/BayesFunctions/BayesFunctionsF16.c
      Source file:   CMSIS/DSP/Source/SVMFunctions/SVMFunctionsF16.c
      Source file:   CMSIS/DSP/Source/DistanceFunctions/DistanceFunctionsF16.c
Build Time Elapsed:  00:00:06
</pre>
</body>
</html>
