Component: ARM Compiler 5.06 update 7 (build 960) Tool: armlink [4d3601]

==============================================================================

Section Cross References

    startup_stm32f446xx.o(STACK) refers (Special) to heapauxi.o(.text) for __use_two_region_memory
    startup_stm32f446xx.o(HEAP) refers (Special) to heapauxi.o(.text) for __use_two_region_memory
    startup_stm32f446xx.o(RESET) refers (Special) to heapauxi.o(.text) for __use_two_region_memory
    startup_stm32f446xx.o(RESET) refers to startup_stm32f446xx.o(STACK) for __initial_sp
    startup_stm32f446xx.o(RESET) refers to startup_stm32f446xx.o(.text) for Reset_Handler
    startup_stm32f446xx.o(RESET) refers to stm32f4xx_it.o(i.NMI_Handler) for NMI_Handler
    startup_stm32f446xx.o(RESET) refers to stm32f4xx_it.o(i.HardFault_Handler) for HardFault_Handler
    startup_stm32f446xx.o(RESET) refers to stm32f4xx_it.o(i.MemManage_Handler) for MemManage_Handler
    startup_stm32f446xx.o(RESET) refers to stm32f4xx_it.o(i.BusFault_Handler) for BusFault_Handler
    startup_stm32f446xx.o(RESET) refers to stm32f4xx_it.o(i.UsageFault_Handler) for UsageFault_Handler
    startup_stm32f446xx.o(RESET) refers to port.o(.emb_text) for SVC_Handler
    startup_stm32f446xx.o(RESET) refers to stm32f4xx_it.o(i.DebugMon_Handler) for DebugMon_Handler
    startup_stm32f446xx.o(RESET) refers to stm32f4xx_it.o(i.SysTick_Handler) for SysTick_Handler
    startup_stm32f446xx.o(RESET) refers to stm32f4xx_it.o(i.DMA1_Stream0_IRQHandler) for DMA1_Stream0_IRQHandler
    startup_stm32f446xx.o(RESET) refers to stm32f4xx_it.o(i.DMA1_Stream2_IRQHandler) for DMA1_Stream2_IRQHandler
    startup_stm32f446xx.o(RESET) refers to stm32f4xx_it.o(i.DMA1_Stream3_IRQHandler) for DMA1_Stream3_IRQHandler
    startup_stm32f446xx.o(RESET) refers to stm32f4xx_it.o(i.DMA1_Stream4_IRQHandler) for DMA1_Stream4_IRQHandler
    startup_stm32f446xx.o(RESET) refers to stm32f4xx_it.o(i.DMA1_Stream5_IRQHandler) for DMA1_Stream5_IRQHandler
    startup_stm32f446xx.o(RESET) refers to stm32f4xx_it.o(i.DMA1_Stream6_IRQHandler) for DMA1_Stream6_IRQHandler
    startup_stm32f446xx.o(RESET) refers to stm32f4xx_it.o(i.CAN1_TX_IRQHandler) for CAN1_TX_IRQHandler
    startup_stm32f446xx.o(RESET) refers to stm32f4xx_it.o(i.CAN1_RX0_IRQHandler) for CAN1_RX0_IRQHandler
    startup_stm32f446xx.o(RESET) refers to stm32f4xx_it.o(i.CAN1_RX1_IRQHandler) for CAN1_RX1_IRQHandler
    startup_stm32f446xx.o(RESET) refers to stm32f4xx_it.o(i.USART1_IRQHandler) for USART1_IRQHandler
    startup_stm32f446xx.o(RESET) refers to stm32f4xx_it.o(i.USART2_IRQHandler) for USART2_IRQHandler
    startup_stm32f446xx.o(RESET) refers to stm32f4xx_it.o(i.DMA1_Stream7_IRQHandler) for DMA1_Stream7_IRQHandler
    startup_stm32f446xx.o(RESET) refers to stm32f4xx_it.o(i.UART4_IRQHandler) for UART4_IRQHandler
    startup_stm32f446xx.o(RESET) refers to stm32f4xx_it.o(i.UART5_IRQHandler) for UART5_IRQHandler
    startup_stm32f446xx.o(RESET) refers to stm32f4xx_it.o(i.CAN2_TX_IRQHandler) for CAN2_TX_IRQHandler
    startup_stm32f446xx.o(RESET) refers to stm32f4xx_it.o(i.CAN2_RX0_IRQHandler) for CAN2_RX0_IRQHandler
    startup_stm32f446xx.o(RESET) refers to stm32f4xx_it.o(i.CAN2_RX1_IRQHandler) for CAN2_RX1_IRQHandler
    startup_stm32f446xx.o(RESET) refers to stm32f4xx_it.o(i.OTG_FS_IRQHandler) for OTG_FS_IRQHandler
    startup_stm32f446xx.o(RESET) refers to stm32f4xx_it.o(i.DMA2_Stream5_IRQHandler) for DMA2_Stream5_IRQHandler
    startup_stm32f446xx.o(RESET) refers to stm32f4xx_it.o(i.DMA2_Stream7_IRQHandler) for DMA2_Stream7_IRQHandler
    startup_stm32f446xx.o(.text) refers (Special) to heapauxi.o(.text) for __use_two_region_memory
    startup_stm32f446xx.o(.text) refers to system_stm32f4xx.o(i.SystemInit) for SystemInit
    startup_stm32f446xx.o(.text) refers to __main.o(!!!main) for __main
    startup_stm32f446xx.o(.text) refers to startup_stm32f446xx.o(HEAP) for Heap_Mem
    startup_stm32f446xx.o(.text) refers to startup_stm32f446xx.o(STACK) for Stack_Mem
    main.o(i.SystemClock_Config) refers to rt_memclr_w.o(.text) for __aeabi_memclr4
    main.o(i.SystemClock_Config) refers to stm32f4xx_hal_rcc_ex.o(i.HAL_RCC_OscConfig) for HAL_RCC_OscConfig
    main.o(i.SystemClock_Config) refers to main.o(i.Error_Handler) for Error_Handler
    main.o(i.SystemClock_Config) refers to stm32f4xx_hal_rcc.o(i.HAL_RCC_ClockConfig) for HAL_RCC_ClockConfig
    main.o(i.main) refers to stm32f4xx_hal.o(i.HAL_Init) for HAL_Init
    main.o(i.main) refers to main.o(i.SystemClock_Config) for SystemClock_Config
    main.o(i.main) refers to gpio.o(i.MX_GPIO_Init) for MX_GPIO_Init
    main.o(i.main) refers to dma.o(i.MX_DMA_Init) for MX_DMA_Init
    main.o(i.main) refers to can.o(i.MX_CAN1_Init) for MX_CAN1_Init
    main.o(i.main) refers to can.o(i.MX_CAN2_Init) for MX_CAN2_Init
    main.o(i.main) refers to usart.o(i.MX_USART1_UART_Init) for MX_USART1_UART_Init
    main.o(i.main) refers to usart.o(i.MX_USART2_UART_Init) for MX_USART2_UART_Init
[...]
    USB_DisableGlobalInt                     0x08008c5d   Thumb Code    14  stm32f4xx_ll_usb.o(i.USB_DisableGlobalInt)
    USB_EP0StartXfer                         0x08008c6d   Thumb Code   472  stm32f4xx_ll_usb.o(i.USB_EP0StartXfer)
    USB_EP0_OutStart                         0x08008e49   Thumb Code   106  stm32f4xx_ll_usb.o(i.USB_EP0_OutStart)
    USB_EPClearStall                         0x08008eb9   Thumb Code   142  stm32f4xx_ll_usb.o(i.USB_EPClearStall)
    USB_EPSetStall                           0x08008f47   Thumb Code   154  stm32f4xx_ll_usb.o(i.USB_EPSetStall)
    USB_EPStartXfer                          0x08008fe1   Thumb Code   836  stm32f4xx_ll_usb.o(i.USB_EPStartXfer)
    USB_EPStopXfer                           0x08009329   Thumb Code   236  stm32f4xx_ll_usb.o(i.USB_EPStopXfer)
    USB_EnableGlobalInt                      0x08009415   Thumb Code    14  stm32f4xx_ll_usb.o(i.USB_EnableGlobalInt)
    USB_FlushRxFifo                          0x08009425   Thumb Code    80  stm32f4xx_ll_usb.o(i.USB_FlushRxFifo)
    USB_FlushTxFifo                          0x08009479   Thumb Code    84  stm32f4xx_ll_usb.o(i.USB_FlushTxFifo)
    USB_GetDevSpeed                          0x080094d1   Thumb Code    38  stm32f4xx_ll_usb.o(i.USB_GetDevSpeed)
    USB_GetMode                              0x080094f7   Thumb Code    10  stm32f4xx_ll_usb.o(i.USB_GetMode)
    USB_ReadDevAllInEpInterrupt              0x08009501   Thumb Code    20  stm32f4xx_ll_usb.o(i.USB_ReadDevAllInEpInterrupt)
    USB_ReadDevAllOutEpInterrupt             0x08009515   Thumb Code    20  stm32f4xx_ll_usb.o(i.USB_ReadDevAllOutEpInterrupt)
    USB_ReadDevInEPInterrupt                 0x08009529   Thumb Code    50  stm32f4xx_ll_usb.o(i.USB_ReadDevInEPInterrupt)
    USB_ReadDevOutEPInterrupt                0x0800955b   Thumb Code    26  stm32f4xx_ll_usb.o(i.USB_ReadDevOutEPInterrupt)
    USB_ReadInterrupts                       0x08009575   Thumb Code    10  stm32f4xx_ll_usb.o(i.USB_ReadInterrupts)
    USB_ReadPacket                           0x0800957f   Thumb Code    96  stm32f4xx_ll_usb.o(i.USB_ReadPacket)
    USB_SetCurrentMode                       0x080095df   Thumb Code   104  stm32f4xx_ll_usb.o(i.USB_SetCurrentMode)
    USB_SetDevAddress                        0x08009647   Thumb Code    42  stm32f4xx_ll_usb.o(i.USB_SetDevAddress)
    USB_SetDevSpeed                          0x08009671   Thumb Code    18  stm32f4xx_ll_usb.o(i.USB_SetDevSpeed)
    USB_SetTurnaroundTime                    0x08009685   Thumb Code   192  stm32f4xx_ll_usb.o(i.USB_SetTurnaroundTime)
    USB_WritePacket                          0x0800976d   Thumb Code    68  stm32f4xx_ll_usb.o(i.USB_WritePacket)
    UsageFault_Handler                       0x080097b1   Thumb Code     4  stm32f4xx_it.o(i.UsageFault_Handler)
    VS_init                                  0x080097b5   Thumb Code   142  bsp_rc.o(i.VS_init)
    VS_init4                                 0x08009851   Thumb Code   142  bsp_rc.o(i.VS_init4)
    Yaw_task                                 0x0800a455   Thumb Code   198  yaw_task.o(i.Yaw_task)
    __ARM_fpclassifyf                        0x0800a58d   Thumb Code    38  fpclassifyf.o(i.__ARM_fpclassifyf)
    __hardfp_asinf                           0x0800a5ed   Thumb Code   258  asinf.o(i.__hardfp_asinf)
    __hardfp_atan2f                          0x0800a719   Thumb Code   594  atan2f.o(i.__hardfp_atan2f)
    __hardfp_fabs                            0x0800a9c5   Thumb Code    20  fabs.o(i.__hardfp_fabs)
    __mathlib_flt_infnan                     0x0800a9d9   Thumb Code     6  funder.o(i.__mathlib_flt_infnan)
    __mathlib_flt_infnan2                    0x0800a9df   Thumb Code     6  funder.o(i.__mathlib_flt_infnan2)
    __mathlib_flt_invalid                    0x0800a9e5   Thumb Code    10  funder.o(i.__mathlib_flt_invalid)
    __mathlib_flt_underflow                  0x0800a9f5   Thumb Code    10  funder.o(i.__mathlib_flt_underflow)
    bmi088_accel_init                        0x0800aa05   Thumb Code   290  bmi088driver.o(i.bmi088_accel_init)
    bmi088_gyro_init                         0x0800ab2d   Thumb Code   238  bmi088driver.o(i.bmi088_gyro_init)
    can_1_user_init                          0x0800ac21   Thumb Code    62  can_user.o(i.can_1_user_init)
    can_2_user_init                          0x0800ac65   Thumb Code    64  can_user.o(i.can_2_user_init)
    can_remote                               0x0800aca9   Thumb Code    36  can_user.o(i.can_remote)
    imu_pwm_set                              0x0800acd1   Thumb Code     6  bsp_imu_pwm.o(i.imu_pwm_set)
    imu_temp_control_task                    0x0800acdd   Thumb Code   472  imu_temp_control_task.o(i.imu_temp_control_task)
    imuekf                                   0x0800af09   Thumb Code 10582  imuekf.o(i.imuekf)
    main                                     0x0800d8b5   Thumb Code   134  main.o(i.main)
    motor_value                              0x0800d96d   Thumb Code   226  handle_value.o(i.motor_value)
    osDelay                                  0x0800da59   Thumb Code    24  cmsis_os.o(i.osDelay)
    osKernelStart                            0x0800da71   Thumb Code    10  cmsis_os.o(i.osKernelStart)
    osThreadCreate                           0x0800da7b   Thumb Code    94  cmsis_os.o(i.osThreadCreate)
    pid_calc                                 0x0800dad9   Thumb Code   254  pid.o(i.pid_calc)
    pid_calc_sita_span                       0x0800dbd9   Thumb Code   316  pid.o(i.pid_calc_sita_span)
    pid_calc_sita_span_left                  0x0800dd25   Thumb Code   484  pid.o(i.pid_calc_sita_span_left)
    pid_calc_sita_span_right                 0x0800df25   Thumb Code   484  pid.o(i.pid_calc_sita_span_right)
    pid_init                                 0x0800e125   Thumb Code    22  pid.o(i.pid_init)
    pvPortMalloc                             0x0800e5bd   Thumb Code   306  heap_4.o(i.pvPortMalloc)
    pxPortInitialiseStack                    0x0800e709   Thumb Code    38  port.o(i.pxPortInitialiseStack)
    rcLfFiter                                0x0800e735   Thumb Code   100  yaw_task.o(i.rcLfFiter)
    remote_control_init                      0x0800e7a9   Thumb Code    16  remote_control.o(i.remote_control_init)
    sqrtf                                    0x0800e7bd   Thumb Code    62  sqrtf.o(i.sqrtf)
    uart_send_UART4                          0x0800e7fd   Thumb Code    52  exchange_task.o(i.uart_send_UART4)
    uart_send_UART5                          0x0800e835   Thumb Code    52  exchange_task.o(i.uart_send_UART5)
    uxListRemove                             0x0800e86d   Thumb Code    40  list.o(i.uxListRemove)
    vApplicationGetIdleTaskMemory            0x0800e895   Thumb Code    14  freertos.o(i.vApplicationGetIdleTaskMemory)
    vListInitialise                          0x0800e8ad   Thumb Code    26  list.o(i.vListInitialise)
    vListInitialiseItem                      0x0800e8c7   Thumb Code     6  list.o(i.vListInitialiseItem)
    vListInsert                              0x0800e8cd   Thumb Code    52  list.o(i.vListInsert)
    vListInsertEnd                           0x0800e901   Thumb Code    24  list.o(i.vListInsertEnd)
    vPortEnterCritical                       0x0800e919   Thumb Code    76  port.o(i.vPortEnterCritical)
    vPortExitCritical                        0x0800e96d   Thumb Code    56  port.o(i.vPortExitCritical)
    vPortFree                                0x0800e9a9   Thumb Code   150  heap_4.o(i.vPortFree)
    vPortSetupTimerInterrupt                 0x0800ea4d   Thumb Code    36  port.o(i.vPortSetupTimerInterrupt)
    vTaskDelay                               0x0800ea75   Thumb Code    82  tasks.o(i.vTaskDelay)
    vTaskStartScheduler                      0x0800ead1   Thumb Code   146  tasks.o(i.vTaskStartScheduler)
    vTaskSuspendAll                          0x0800eb81   Thumb Code    12  tasks.o(i.vTaskSuspendAll)
    vTaskSwitchContext                       0x0800eb91   Thumb Code   118  tasks.o(i.vTaskSwitchContext)
    xPortStartScheduler                      0x0800ec1d   Thumb Code   330  port.o(i.xPortStartScheduler)
    xPortSysTickHandler                      0x0800ed85   Thumb Code    46  port.o(i.xPortSysTickHandler)
    xTaskCreate                              0x0800edb9   Thumb Code   100  tasks.o(i.xTaskCreate)
    xTaskCreateStatic                        0x0800ee1d   Thumb Code   186  tasks.o(i.xTaskCreateStatic)
    xTaskGetSchedulerState                   0x0800eed9   Thumb Code    24  tasks.o(i.xTaskGetSchedulerState)
    xTaskIncrementTick                       0x0800eef9   Thumb Code   282  tasks.o(i.xTaskIncrementTick)
    xTaskResumeAll                           0x0800f041   Thumb Code   224  tasks.o(i.xTaskResumeAll)
    __aeabi_dneg                             0x0800f145   Thumb Code     0  basic.o(x$fpl$basic)
    _dneg                                    0x0800f145   Thumb Code     6  basic.o(x$fpl$basic)
    __aeabi_fneg                             0x0800f14b   Thumb Code     0  basic.o(x$fpl$basic)
    _fneg                                    0x0800f14b   Thumb Code     6  basic.o(x$fpl$basic)
    _dabs                                    0x0800f151   Thumb Code     6  basic.o(x$fpl$basic)
    _fabs                                    0x0800f157   Thumb Code     6  basic.o(x$fpl$basic)
    __aeabi_d2f                              0x0800f15d   Thumb Code     0  d2f.o(x$fpl$d2f)
    _d2f                                     0x0800f15d   Thumb Code    98  d2f.o(x$fpl$d2f)
    __aeabi_dadd                             0x0800f1c1   Thumb Code     0  daddsub_clz.o(x$fpl$dadd)
    _dadd                                    0x0800f1c1   Thumb Code   332  daddsub_clz.o(x$fpl$dadd)
    __fpl_dcmp_Inf                           0x0800f311   Thumb Code    24  dcmpi.o(x$fpl$dcmpinf)
    __aeabi_ddiv                             0x0800f329   Thumb Code     0  ddiv.o(x$fpl$ddiv)
    _ddiv                                    0x0800f329   Thumb Code   552  ddiv.o(x$fpl$ddiv)
    __aeabi_i2d                              0x0800f5d9   Thumb Code     0  dflt_clz.o(x$fpl$dflt)
    _dflt                                    0x0800f5d9   Thumb Code    46  dflt_clz.o(x$fpl$dflt)
    __aeabi_l2d                              0x0800f609   Thumb Code     0  dfltll_clz.o(x$fpl$dfltll)
    _ll_sto_d                                0x0800f609   Thumb Code   162  dfltll_clz.o(x$fpl$dfltll)
    __aeabi_cdcmple                          0x0800f6ad   Thumb Code     0  dleqf.o(x$fpl$dleqf)
    _dcmple                                  0x0800f6ad   Thumb Code   120  dleqf.o(x$fpl$dleqf)
    __fpl_dcmple_InfNaN                      0x0800f70f   Thumb Code     0  dleqf.o(x$fpl$dleqf)
    __aeabi_dmul                             0x0800f725   Thumb Code     0  dmul.o(x$fpl$dmul)
    _dmul                                    0x0800f725   Thumb Code   332  dmul.o(x$fpl$dmul)
    __fpl_dnaninf                            0x0800f879   Thumb Code   156  dnaninf.o(x$fpl$dnaninf)
    __fpl_dretinf                            0x0800f915   Thumb Code    12  dretinf.o(x$fpl$dretinf)
    __aeabi_cdrcmple                         0x0800f921   Thumb Code     0  drleqf.o(x$fpl$drleqf)
    _drcmple                                 0x0800f921   Thumb Code   108  drleqf.o(x$fpl$drleqf)
    __aeabi_drsub                            0x0800f98d   Thumb Code     0  daddsub_clz.o(x$fpl$drsb)
    _drsb                                    0x0800f98d   Thumb Code    22  daddsub_clz.o(x$fpl$drsb)
    __aeabi_dsub                             0x0800f9a5   Thumb Code     0  daddsub_clz.o(x$fpl$dsub)
    _dsub                                    0x0800f9a5   Thumb Code   464  daddsub_clz.o(x$fpl$dsub)
    __aeabi_f2d                              0x0800fb79   Thumb Code     0  f2d.o(x$fpl$f2d)
    _f2d                                     0x0800fb79   Thumb Code    86  f2d.o(x$fpl$f2d)
    __fpl_fnaninf                            0x0800fbcf   Thumb Code   140  fnaninf.o(x$fpl$fnaninf)
    _fp_init                                 0x0800fc5b   Thumb Code    10  fpinit.o(x$fpl$fpinit)
    __fplib_config_fpu_vfp                   0x0800fc63   Thumb Code     0  fpinit.o(x$fpl$fpinit)
    __fplib_config_pureend_doubles           0x0800fc63   Thumb Code     0  fpinit.o(x$fpl$fpinit)
    __fpl_fretinf                            0x0800fc65   Thumb Code    10  fretinf.o(x$fpl$fretinf)
    __I$use$fp                               0x0800fc6e   Number         0  usenofp.o(x$fpl$usenofp)
    AHBPrescTable                            0x0800fd20   Data          16  system_stm32f4xx.o(.constdata)
    APBPrescTable                            0x0800fd30   Data           8  system_stm32f4xx.o(.constdata)
    CRC8_INIT                                0x0800fd38   Data           1  crc.o(.constdata)
    CRC8_TAB                                 0x0800fd39   Data         256  crc.o(.constdata)
    wCRC_Table                               0x0800fe3a   Data         512  crc.o(.constdata)
    imu_temp_PID                             0x0801003c   Data          12  imu_temp_control_task.o(.constdata)
    Region$$Table$$Base                      0x0801022c   Number         0  anon$$obj.o(Region$$Table)
    Region$$Table$$Limit                     0x0801024c   Number         0  anon$$obj.o(Region$$Table)
    defaultTaskHandle                        0x20000000   Data           4  freertos.o(.data)
    yawTaskHandle                            0x20000004   Data           4  freertos.o(.data)
    pitchTaskHandle                          0x20000008   Data           4  freertos.o(.data)
    exchangeHandle                           0x2000000c   Data           4  freertos.o(.data)
    insTaskHandle                            0x20000010   Data           4  freertos.o(.data)
    insHandle                                0x20000014   Data           4  freertos.o(.data)
    uwTick                                   0x2000001c   Data           4  stm32f4xx_hal.o(.data)
    uwTickPrio                               0x20000020   Data           4  stm32f4xx_hal.o(.data)
    uwTickFreq                               0x20000024   Data           1  stm32f4xx_hal.o(.data)
    SystemCoreClock                          0x20000028   Data           4  system_stm32f4xx.o(.data)
    pxCurrentTCB                             0x2000002c   Data           4  tasks.o(.data)
    target_yaw_left                          0x20000094   Data           4  yaw_task.o(.data)
    target_yaw_right                         0x20000098   Data           4  yaw_task.o(.data)
    target_yaw_remote_left                   0x2000009c   Data           4  yaw_task.o(.data)
    target_yaw_remote_right                  0x200000a0   Data           4  yaw_task.o(.data)
    target_yaw_middle                        0x200000a4   Data           4  yaw_task.o(.data)
    Init_encoder_left                        0x200000a8   Data           2  yaw_task.o(.data)
    Init_encoder_right                       0x200000aa   Data           2  yaw_task.o(.data)
    Init_encoder_middle                      0x200000ac   Data           2  yaw_task.o(.data)
    Yaw_middle_c                             0x200000b0   Data           4  yaw_task.o(.data)
    Yaw_value                                0x200000b4   Data           4  yaw_task.o(.data)
    Yaw_left                                 0x200000b8   Data           4  yaw_task.o(.data)
    Yaw_right                                0x200000bc   Data           4  yaw_task.o(.data)
    Yaw_left_c                               0x200000c0   Data           4  yaw_task.o(.data)
    Yaw_right_c                              0x200000c4   Data           4  yaw_task.o(.data)
    angle                                    0x200000c8   Data           8  yaw_task.o(.data)
    get_flag                                 0x200000d0   Data           1  yaw_task.o(.data)
    Init_encoder_left_gimbal                 0x200000d4   Data           2  pitch_task.o(.data)
    Init_encoder_right_gimbal                0x200000d6   Data           2  pitch_task.o(.data)
    target_gimbal_left                       0x200000d8   Data           4  pitch_task.o(.data)
    target_gimbal_right                      0x200000dc   Data           4  pitch_task.o(.data)
    Gimbal_left                              0x200000e0   Data           4  pitch_task.o(.data)
    Gimbal_right                             0x200000e4   Data           4  pitch_task.o(.data)
    Tx                                       0x200000e8   Data           8  ins_task.o(.data)
    Tx_z0                                    0x200000f0   Data           8  ins_task.o(.data)
    Tx_key                                   0x200000f8   Data           8  ins_task.o(.data)
    Tx_save                                  0x20000100   Data           8  ins_task.o(.data)
    GX                                       0x20000108   Data           2  ins_task.o(.data)
    GY                                       0x2000010a   Data           2  ins_task.o(.data)
    GZ                                       0x2000010c   Data           2  ins_task.o(.data)
    Roll                                     0x20000110   Data           4  ins_task.o(.data)
    Pitch                                    0x20000114   Data           4  ins_task.o(.data)
    Yaw                                      0x20000118   Data           4  ins_task.o(.data)
    error_uart                               0x2000011c   Data           4  ins_task.o(.data)
    debugl                                   0x20000120   Data           4  remote_control.o(.data)
    BMI088_ACCEL_SEN                         0x2000012c   Data           4  bmi088driver.o(.data)
    BMI088_GYRO_SEN                          0x20000130   Data           4  bmi088driver.o(.data)
    INS_task_local_handler                   0x20000158   Data           4  imu_temp_control_task.o(.data)
    imu_start_flag                           0x2000015c   Data           1  imu_temp_control_task.o(.data)
    temp                                     0x20000160   Data           4  imu_temp_control_task.o(.data)
    yaw12                                    0x20000168   Data           8  imu_temp_control_task.o(.data)
    pitch12                                  0x20000170   Data           8  imu_temp_control_task.o(.data)
    roll12                                   0x20000178   Data           8  imu_temp_control_task.o(.data)
    INSAccelLPF                              0x20000180   Data           8  imu_temp_control_task.o(.data)
    a                                        0x20000188   Data           8  imu_temp_control_task.o(.data)
    b                                        0x20000190   Data           8  imu_temp_control_task.o(.data)
    c                                        0x20000198   Data           8  imu_temp_control_task.o(.data)
    p                                        0x200001a0   Data         288  imu_temp_control_task.o(.data)
    qt                                       0x200002c0   Data          48  imu_temp_control_task.o(.data)
    dt1                                      0x200002f0   Data           8  imu_temp_control_task.o(.data)
    INS_DWT_Count                            0x200002f8   Data           4  imu_temp_control_task.o(.data)
    SysTime                                  0x20000300   Data           8  bsp_dwt.o(.data)
    CYCCNT64                                 0x20000320   Data           8  bsp_dwt.o(.data)
    FS_Desc                                  0x20000340   Data          32  usbd_desc.o(.data)
    USBD_FS_DeviceDesc                       0x20000360   Data          18  usbd_desc.o(.data)
    USBD_FS_BOSDesc                          0x20000374   Data          12  usbd_desc.o(.data)
    USBD_LangIDDesc                          0x20000380   Data           4  usbd_desc.o(.data)
    USBD_StringSerial                        0x20000384   Data          26  usbd_desc.o(.data)
    USBD_Interface_fops_FS                   0x200003a0   Data          20  usbd_cdc_if.o(.data)
    USBD_CDC                                 0x200003c4   Data          56  usbd_cdc.o(.data)
    Rx                                       0x20000444   Data         128  main.o(.bss)
    Rx_R                                     0x200004c4   Data         128  main.o(.bss)
    Rx_1                                     0x20000544   Data         128  main.o(.bss)
    Rx_2                                     0x200005c4   Data         128  main.o(.bss)
    Rx_3                                     0x20000644   Data         128  main.o(.bss)
    Rx_4                                     0x200006c4   Data         128  main.o(.bss)
    hcan1                                    0x20000998   Data          40  can.o(.bss)
    hcan2                                    0x200009c0   Data          40  can.o(.bss)
    hspi2                                    0x200009e8   Data          88  spi.o(.bss)
    hdma_spi2_rx                             0x20000a40   Data          96  spi.o(.bss)
    hdma_usart3_rx                           0x20000aa0   Data          96  usart.o(.bss)
    huart3                                   0x20000b00   Data          68  usart.o(.bss)
    huart4                                   0x20000b44   Data          68  usart.o(.bss)
    huart5                                   0x20000b88   Data          68  usart.o(.bss)
    huart1                                   0x20000bcc   Data          68  usart.o(.bss)
    huart2                                   0x20000c10   Data          68  usart.o(.bss)
    hdma_uart4_rx                            0x20000c54   Data          96  usart.o(.bss)
    hdma_uart4_tx                            0x20000cb4   Data          96  usart.o(.bss)
    hdma_uart5_rx                            0x20000d14   Data          96  usart.o(.bss)
    hdma_uart5_tx                            0x20000d74   Data          96  usart.o(.bss)
    hdma_usart1_rx                           0x20000dd4   Data          96  usart.o(.bss)
    hdma_usart1_tx                           0x20000e34   Data          96  usart.o(.bss)
    hdma_usart2_rx                           0x20000e94   Data          96  usart.o(.bss)
    hdma_usart2_tx                           0x20000ef4   Data          96  usart.o(.bss)
    rx_buffer_L                              0x20004c44   Data         100  exchange_task.o(.bss)
    rx_buffer_R                              0x20004ca8   Data         100  exchange_task.o(.bss)
    vision_send_L                            0x20004d0c   Data         100  exchange_task.o(.bss)
    vision_send_R                            0x20004d70   Data         100  exchange_task.o(.bss)
    vision                                   0x20004dd4   Data          28  exchange_task.o(.bss)
    vision_receive                           0x20004df0   Data          56  exchange_task.o(.bss)
    remote                                   0x20004e28   Data          10  exchange_task.o(.bss)
    Sentry                                   0x20004e34   Data          32  exchange_task.o(.bss)
    target_speed                             0x20004e54   Data          32  motor.o(.bss)
    target_speed_can_2                       0x20004e74   Data          32  motor.o(.bss)
    motor_info                               0x20004e94   Data         160  motor.o(.bss)
    motor_info_can_2                         0x20004f34   Data         160  motor.o(.bss)
    rc_ctrl                                  0x20004fd4   Data          22  remote_control.o(.bss)
    motor_pid                                0x20005034   Data         416  pid.o(.bss)
    motor_pid_sita                           0x200051d4   Data         416  pid.o(.bss)
    motor_pid_can_2                          0x20005374   Data         416  pid.o(.bss)
    motor_pid_sita_can_2                     0x20005514   Data         416  pid.o(.bss)
    gyro                                     0x200056b8   Data          12  imu_temp_control_task.o(.bss)
    accel                                    0x200056c4   Data          12  imu_temp_control_task.o(.bss)
    imu_temp_pid                             0x200056d0   Data          72  imu_temp_control_task.o(.bss)
    INSMotionAccel_b                         0x20005718   Data          24  imu_temp_control_task.o(.bss)
    INSMotionAccel_n                         0x20005730   Data          24  imu_temp_control_task.o(.bss)
    insb                                     0x20005748   Data          24  imu_temp_control_task.o(.bss)
    hUsbDeviceFS                             0x20005760   Data         732  usb_device.o(.bss)
    USBD_StrDesc                             0x20005a3c   Data         512  usbd_desc.o(.bss)
    UserRxBufferFS                           0x20005c3c   Data        2048  usbd_cdc_if.o(.bss)
    UserTxBufferFS                           0x2000643c   Data        2048  usbd_cdc_if.o(.bss)
    hpcd_USB_OTG_FS                          0x20006c3c   Data        1292  usbd_conf.o(.bss)
    __libspace_start                         0x20007368   Data          96  libspace.o(.bss)
    __temporary_stack_top$libspace           0x200073c8   Data           0  libspace.o(.bss)



==============================================================================

Memory Map of the image

  Image Entry point : 0x080001c5

  Load Region LR_IROM1 (Base: 0x08000000, Size: 0x00010690, Max: 0x00040000, ABSOLUTE, COMPRESSED[0x000103a8])

    Execution Region ER_IROM1 (Exec base: 0x08000000, Load base: 0x08000000, Size: 0x0001024c, Max: 0x00040000, ABSOLUTE)

    Exec Addr    Load Addr    Size         Type   Attr      Idx    E Section Name        Object

    0x08000000   0x08000000   0x000001c4   Data   RO            3    RESET               startup_stm32f446xx.o
    0x080001c4   0x080001c4   0x00000008   Code   RO         7248  * !!!main             c_w.l(__main.o)
    0x080001cc   0x080001cc   0x00000034   Code   RO         7604    !!!scatter          c_w.l(__scatter.o)
    0x08000200   0x08000200   0x0000005a   Code   RO         7602    !!dczerorl2         c_w.l(__dczerorl2.o)
    0x0800025a   0x0800025a   0x00000002   PAD
    0x0800025c   0x0800025c   0x0000001c   Code   RO         7606    !!handler_zi        c_w.l(__scatter_zi.o)
    0x08000278   0x08000278   0x00000002   Code   RO         7473    .ARM.Collect$$libinit$$00000000  c_w.l(libinit.o)
    0x0800027a   0x0800027a   0x00000004   Code   RO         7482    .ARM.Collect$$libinit$$00000001  c_w.l(libinit2.o)
    0x0800027e   0x0800027e   0x00000000   Code   RO         7485    .ARM.Collect$$libinit$$00000004  c_w.l(libinit2.o)
    0x0800027e   0x0800027e   0x00000000   Code   RO         7488    .ARM.Collect$$libinit$$0000000A  c_w.l(libinit2.o)
    0x0800027e   0x0800027e   0x00000000   Code   RO         7490    .ARM.Collect$$libinit$$0000000C  c_w.l(libinit2.o)
    0x0800027e   0x0800027e   0x00000000   Code   RO         7492    .ARM.Collect$$libinit$$0000000E  c_w.l(libinit2.o)
    0x0800027e   0x0800027e   0x00000000   Code   RO         7495    .ARM.Collect$$libinit$$00000011  c_w.l(libinit2.o)
    0x0800027e   0x0800027e   0x00000000   Code   RO         7497    .ARM.Collect$$libinit$$00000013  c_w.l(libinit2.o)
    0x0800027e   0x0800027e   0x00000000   Code   RO         7499    .ARM.Collect$$libinit$$00000015  c_w.l(libinit2.o)
    0x0800027e   0x0800027e   0x00000000   Code   RO         7501    .ARM.Collect$$libinit$$00000017  c_w.l(libinit2.o)
    0x0800027e   0x0800027e   0x00000000   Code   RO         7503    .ARM.Collect$$libinit$$00000019  c_w.l(libinit2.o)
    0x0800027e   0x0800027e   0x00000000   Code   RO         7505    .ARM.Collect$$libinit$$0000001B  c_w.l(libinit2.o)
    0x0800027e   0x0800027e   0x00000000   Code   RO         7507    .ARM.Collect$$libinit$$0000001D  c_w.l(libinit2.o)
    0x0800027e   0x0800027e   0x00000000   Code   RO         7509    .ARM.Collect$$libinit$$0000001F  c_w.l(libinit2.o)
    0x0800027e   0x0800027e   0x00000000   Code   RO         7511    .ARM.Collect$$libinit$$00000021  c_w.l(libinit2.o)
    0x0800027e   0x0800027e   0x00000000   Code   RO         7513    .ARM.Collect$$libinit$$00000023  c_w.l(libinit2.o)
    0x0800027e   0x0800027e   0x00000000   Code   RO         7515    .ARM.Collect$$libinit$$00000025  c_w.l(libinit2.o)
    0x0800027e   0x0800027e   0x00000000   Code   RO         7519    .ARM.Collect$$libinit$$0000002C  c_w.l(libinit2.o)
    0x0800027e   0x0800027e   0x00000000   Code   RO         7521    .ARM.Collect$$libinit$$0000002E  c_w.l(libinit2.o)
    0x0800027e   0x0800027e   0x00000000   Code   RO         7523    .ARM.Collect$$libinit$$00000030  c_w.l(libinit2.o)
    0x0800027e   0x0800027e   0x00000000   Code   RO         7525    .ARM.Collect$$libinit$$00000032  c_w.l(libinit2.o)
    0x0800027e   0x0800027e   0x00000002   Code   RO         7526    .ARM.Collect$$libinit$$00000033  c_w.l(libinit2.o)
    0x08000280   0x08000280   0x00000002   Code   RO         7557    .ARM.Collect$$libshutdown$$00000000  c_w.l(libshutdown.o)
    0x08000282   0x08000282   0x00000000   Code   RO         7583    .ARM.Collect$$libshutdown$$00000002  c_w.l(libshutdown2.o)
    0x08000282   0x08000282   0x00000000   Code   RO         7585    .ARM.Collect$$libshutdown$$00000004  c_w.l(libshutdown2.o)
    0x08000282   0x08000282   0x00000000   Code   RO         7587    .ARM.Collect$$libshutdown$$00000006  c_w.l(libshutdown2.o)
    0x08000282   0x08000282   0x00000000   Code   RO         7590    .ARM.Collect$$libshutdown$$00000009  c_w.l(libshutdown2.o)
    0x08000282   0x08000282   0x00000000   Code   RO         7593    .ARM.Collect$$libshutdown$$0000000C  c_w.l(libshutdown2.o)
    0x08000282   0x08000282   0x00000000   Code   RO         7595    .ARM.Collect$$libshutdown$$0000000E  c_w.l(libshutdown2.o)
    0x08000282   0x08000282   0x00000000   Code   RO         7598    .ARM.Collect$$libshutdown$$00000011  c_w.l(libshutdown2.o)
    0x08000282   0x08000282   0x00000002   Code   RO         7599    .ARM.Collect$$libshutdown$$00000012  c_w.l(libshutdown2.o)
    0x08000284   0x08000284   0x00000000   Code   RO         7354    .ARM.Collect$$rtentry$$00000000  c_w.l(__rtentry.o)
    0x08000284   0x08000284   0x00000000   Code   RO         7434    .ARM.Collect$$rtentry$$00000002  c_w.l(__rtentry2.o)
    0x08000284   0x08000284   0x00000006   Code   RO         7446    .ARM.Collect$$rtentry$$00000004  c_w.l(__rtentry4.o)
    0x0800028a   0x0800028a   0x00000000   Code   RO         7436    .ARM.Collect$$rtentry$$00000009  c_w.l(__rtentry2.o)
    0x0800028a   0x0800028a   0x00000004   Code   RO         7437    .ARM.Collect$$rtentry$$0000000A  c_w.l(__rtentry2.o)
    0x0800028e   0x0800028e   0x00000000   Code   RO         7439    .ARM.Collect$$rtentry$$0000000C  c_w.l(__rtentry2.o)
    0x0800028e   0x0800028e   0x00000008   Code   RO         7440    .ARM.Collect$$rtentry$$0000000D  c_w.l(__rtentry2.o)
    0x08000296   0x08000296   0x00000002   Code   RO         7474    .ARM.Collect$$rtexit$$00000000  c_w.l(rtexit.o)
    0x08000298   0x08000298   0x00000000   Code   RO         7530    .ARM.Collect$$rtexit$$00000002  c_w.l(rtexit2.o)
    0x08000298   0x08000298   0x00000004   Code   RO         7531    .ARM.Collect$$rtexit$$00000003  c_w.l(rtexit2.o)
    0x0800029c   0x0800029c   0x00000006   Code   RO         7532    .ARM.Collect$$rtexit$$00000004  c_w.l(rtexit2.o)
    0x080002a2   0x080002a2   0x00000002   PAD
    0x080002a4   0x080002a4   0x000000be   Code   RO         4975    .emb_text           port.o
    0x08000362   0x08000362   0x00000002   PAD
    0x08000364   0x08000364   0x00000040   Code   RO            4    .text               startup_stm32f446xx.o
    0x080003a4   0x080003a4   0x000000ee   Code   RO         7236    .text               c_w.l(lludivv7m.o)
    0x08000492   0x08000492   0x00000064   Code   RO         7240    .text               c_w.l(rt_memcpy_w.o)
    0x080004f6   0x080004f6   0x0000004e   Code   RO         7244    .text               c_w.l(rt_memclr_w.o)
    0x08000544   0x08000544   0x00000006   Code   RO         7246    .text               c_w.l(heapauxi.o)
    0x0800054a   0x0800054a   0x00000016   Code   RO         7359    .text               c_w.l(_rserrno.o)
    0x08000560   0x08000560   0x00000008   Code   RO         7453    .text               c_w.l(rt_errno_addr_intlibspace.o)
    0x08000568   0x08000568   0x00000008   Code   RO         7457    .text               c_w.l(libspace.o)
    0x08000570   0x08000570   0x0000004a   Code   RO         7460    .text               c_w.l(sys_stackheap_outer.o)
    0x080005ba   0x080005ba   0x00000012   Code   RO         7462    .text               c_w.l(exit.o)
    0x080005cc   0x080005cc   0x0000000c   Code   RO         7527    .text               c_w.l(sys_exit.o)
    0x080005d8   0x080005d8   0x00000002   Code   RO         7546    .text               c_w.l(use_no_semi.o)
    0x080005da   0x080005da   0x00000000   Code   RO         7548    .text               c_w.l(indicate_semi.o)
    0x080005da   0x080005da   0x00000002   PAD
    0x080005dc   0x080005dc   0x00000014   Code   RO         5947    i.BMI088_ACCEL_NS_H  bmi088middleware.o
    0x080005f0   0x080005f0   0x00000014   Code   RO         5948    i.BMI088_ACCEL_NS_L  bmi088middleware.o
    0x08000604   0x08000604   0x00000002   Code   RO         5949    i.BMI088_GPIO_init  bmi088middleware.o
    0x08000606   0x08000606   0x00000002   PAD
    0x08000608   0x08000608   0x00000014   Code   RO         5950    i.BMI088_GYRO_NS_H  bmi088middleware.o
    0x0800061c   0x0800061c   0x00000014   Code   RO         5951    i.BMI088_GYRO_NS_L  bmi088middleware.o
    0x08000630   0x08000630   0x00000002   Code   RO         5952    i.BMI088_com_init   bmi088middleware.o
    0x08000632   0x08000632   0x0000001a   Code   RO         5953    i.BMI088_delay_ms   bmi088middleware.o
    0x0800064c   0x0800064c   0x0000004a   Code   RO         5954    i.BMI088_delay_us   bmi088middleware.o
    0x08000696   0x08000696   0x0000001c   Code   RO         5878    i.BMI088_init       bmi088driver.o
    0x080006b2   0x080006b2   0x00000002   PAD
    0x080006b4   0x080006b4   0x0000017c   Code   RO         5879    i.BMI088_read       bmi088driver.o
    0x08000830   0x08000830   0x00000026   Code   RO         5880    i.BMI088_read_muli_reg  bmi088driver.o
    0x08000856   0x08000856   0x00000018   Code   RO         5881    i.BMI088_read_single_reg  bmi088driver.o
    0x0800086e   0x0800086e   0x00000002   PAD
    0x08000870   0x08000870   0x00000020   Code   RO         5955    i.BMI088_read_write_byte  bmi088middleware.o
    0x08000890   0x08000890   0x00000014   Code   RO         5882    i.BMI088_write_single_reg  bmi088driver.o
    0x080008a4   0x080008a4   0x00000004   Code   RO          598    i.BusFault_Handler  stm32f4xx_it.o
    0x080008a8   0x080008a8   0x00000010   Code   RO          599    i.CAN1_RX0_IRQHandler  stm32f4xx_it.o
    0x080008b8   0x080008b8   0x00000010   Code   RO          600    i.CAN1_RX1_IRQHandler  stm32f4xx_it.o
    0x080008c8   0x080008c8   0x00000010   Code   RO          601    i.CAN1_TX_IRQHandler  stm32f4xx_it.o
    0x080008d8   0x080008d8   0x00000010   Code   RO          602    i.CAN2_RX0_IRQHandler  stm32f4xx_it.o
    0x080008e8   0x080008e8   0x00000010   Code   RO          603    i.CAN2_RX1_IRQHandler  stm32f4xx_it.o
    0x080008f8   0x080008f8   0x00000010   Code   RO          604    i.CAN2_TX_IRQHandler  stm32f4xx_it.o
    0x08000908   0x08000908   0x00000044   Code   RO         6528    i.CDC_Control_FS    usbd_cdc_if.o
    0x0800094c   0x0800094c   0x00000004   Code   RO         6529    i.CDC_DeInit_FS     usbd_cdc_if.o
    0x08000950   0x08000950   0x00000024   Code   RO         6530    i.CDC_Init_FS       usbd_cdc_if.o
    0x08000974   0x08000974   0x0000001c   Code   RO         6531    i.CDC_Receive_FS    usbd_cdc_if.o
    0x08000990   0x08000990   0x0000000c   Code   RO         6532    i.CDC_TransmitCplt_FS  usbd_cdc_if.o
    0x0800099c   0x0800099c   0x00000060   Code   RO         5385    i.Current_Control_MF_send  mf_user.o
    0x080009fc   0x080009fc   0x00000010   Code   RO          605    i.DMA1_Stream0_IRQHandler  stm32f4xx_it.o
    0x08000a0c   0x08000a0c   0x00000010   Code   RO          606    i.DMA1_Stream2_IRQHandler  stm32f4xx_it.o
    0x08000a1c   0x08000a1c   0x00000010   Code   RO          607    i.DMA1_Stream3_IRQHandler  stm32f4xx_it.o
    0x08000a2c   0x08000a2c   0x00000010   Code   RO          608    i.DMA1_Stream4_IRQHandler  stm32f4xx_it.o
    0x08000a3c   0x08000a3c   0x00000010   Code   RO          609    i.DMA1_Stream5_IRQHandler  stm32f4xx_it.o
    0x08000a4c   0x08000a4c   0x00000010   Code   RO          610    i.DMA1_Stream6_IRQHandler  stm32f4xx_it.o
    0x08000a5c   0x08000a5c   0x00000010   Code   RO          611    i.DMA1_Stream7_IRQHandler  stm32f4xx_it.o
    0x08000a6c   0x08000a6c   0x00000010   Code   RO          612    i.DMA2_Stream5_IRQHandler  stm32f4xx_it.o
    0x08000a7c   0x08000a7c   0x00000010   Code   RO          613    i.DMA2_Stream7_IRQHandler  stm32f4xx_it.o
    0x08000a8c   0x08000a8c   0x00000034   Code   RO         2015    i.DMA_CalcBaseAndBitshift  stm32f4xx_hal_dma.o
    0x08000ac0   0x08000ac0   0x000000aa   Code   RO         2016    i.DMA_CheckFifoParam  stm32f4xx_hal_dma.o
    0x08000b6a   0x08000b6a   0x0000002c   Code   RO         2017    i.DMA_SetConfig     stm32f4xx_hal_dma.o
    0x08000b96   0x08000b96   0x00000002   PAD
    0x08000b98   0x08000b98   0x00000044   Code   RO         5347    i.DRV_USART2_IRQHandler  ins_task.o
    0x08000bdc   0x08000bdc   0x00000030   Code   RO         6143    i.DWT_CNT_Update    bsp_dwt.o
    0x08000c0c   0x08000c0c   0x0000004c   Code   RO         6145    i.DWT_GetDeltaT     bsp_dwt.o
    0x08000c58   0x08000c58   0x00000068   Code   RO         6150    i.DWT_Init          bsp_dwt.o
    0x08000cc0   0x08000cc0   0x00000002   Code   RO          614    i.DebugMon_Handler  stm32f4xx_it.o
    0x08000cc2   0x08000cc2   0x00000002   PAD
    0x08000cc4   0x08000cc4   0x00000050   Code   RO         5387    i.Encoder_MF_read   mf_user.o
    0x08000d14   0x08000d14   0x00000006   Code   RO           13    i.Error_Handler     main.o
    0x08000d1a   0x08000d1a   0x00000002   PAD
    0x08000d1c   0x08000d1c   0x00000044   Code   RO         5261    i.Exchange_task     exchange_task.o
    0x08000d60   0x08000d60   0x00000034   Code   RO         5700    i.Get_CRC16_Check_Sum  crc.o
    0x08000d94   0x08000d94   0x00000034   Code   RO         6432    i.Get_SerialNum     usbd_desc.o
    0x08000dc8   0x08000dc8   0x00000038   Code   RO         5262    i.Get_keyboard      exchange_task.o
    0x08000e00   0x08000e00   0x0000007c   Code   RO         5177    i.Gimbal_can_send   pitch_task.o
    0x08000e7c   0x08000e7c   0x000000ac   Code   RO         5179    i.Gimbal_init       pitch_task.o
    0x08000f28   0x08000f28   0x0000009c   Code   RO         5180    i.Gimbal_mode_control_sita  pitch_task.o
    0x08000fc4   0x08000fc4   0x00000148   Code   RO         5181    i.Gimbal_mode_judge  pitch_task.o
    0x0800110c   0x0800110c   0x000001c4   Code   RO         5182    i.Gimbal_mode_searching  pitch_task.o
    0x080012d0   0x080012d0   0x0000004c   Code   RO         5183    i.Gimbal_read_motor  pitch_task.o
    0x0800131c   0x0800131c   0x00000080   Code   RO         5184    i.Gimbal_target_restrict  pitch_task.o
    0x0800139c   0x0800139c   0x000000c0   Code   RO         5185    i.Gimbal_voltage_calc  pitch_task.o
    0x0800145c   0x0800145c   0x0000001c   Code   RO         5186    i.Gimbal_zero       pitch_task.o
    0x08001478   0x08001478   0x0000002a   Code   RO         2712    i.HAL_CAN_ActivateNotification  stm32f4xx_hal_can.o
    0x080014a2   0x080014a2   0x00000156   Code   RO         2713    i.HAL_CAN_AddTxMessage  stm32f4xx_hal_can.o
    0x080015f8   0x080015f8   0x00000124   Code   RO         2714    i.HAL_CAN_ConfigFilter  stm32f4xx_hal_can.o
    0x0800171c   0x0800171c   0x00000002   Code   RO         2717    i.HAL_CAN_ErrorCallback  stm32f4xx_hal_can.o
    0x0800171e   0x0800171e   0x0000017a   Code   RO         2720    i.HAL_CAN_GetRxMessage  stm32f4xx_hal_can.o
    0x08001898   0x08001898   0x0000024e   Code   RO         2724    i.HAL_CAN_IRQHandler  stm32f4xx_hal_can.o
    0x08001ae6   0x08001ae6   0x00000174   Code   RO         2725    i.HAL_CAN_Init      stm32f4xx_hal_can.o
    0x08001c5a   0x08001c5a   0x00000002   PAD
    0x08001c5c   0x08001c5c   0x000001a0   Code   RO          397    i.HAL_CAN_MspInit   can.o
    0x08001dfc   0x08001dfc   0x00000002   Code   RO         2732    i.HAL_CAN_RxFifo0FullCallback  stm32f4xx_hal_can.o
    0x08001dfe   0x08001dfe   0x00000002   PAD
    0x08001e00   0x08001e00   0x00000264   Code   RO         5525    i.HAL_CAN_RxFifo0MsgPendingCallback  can_user.o
    0x08002064   0x08002064   0x00000002   Code   RO         2734    i.HAL_CAN_RxFifo1FullCallback  stm32f4xx_hal_can.o
    0x08002066   0x08002066   0x00000002   Code   RO         2735    i.HAL_CAN_RxFifo1MsgPendingCallback  stm32f4xx_hal_can.o
    0x08002068   0x08002068   0x00000002   Code   RO         2736    i.HAL_CAN_SleepCallback  stm32f4xx_hal_can.o
    0x0800206a   0x0800206a   0x0000005e   Code   RO         2737    i.HAL_CAN_Start     stm32f4xx_hal_can.o
    0x080020c8   0x080020c8   0x00000002   Code   RO         2739    i.HAL_CAN_TxMailbox0AbortCallback  stm32f4xx_hal_can.o
    0x080020ca   0x080020ca   0x00000002   Code   RO         2740    i.HAL_CAN_TxMailbox0CompleteCallback  stm32f4xx_hal_can.o
    0x080020cc   0x080020cc   0x00000002   Code   RO         2741    i.HAL_CAN_TxMailbox1AbortCallback  stm32f4xx_hal_can.o
    0x080020ce   0x080020ce   0x00000002   Code   RO         2742    i.HAL_CAN_TxMailbox1CompleteCallback  stm32f4xx_hal_can.o
    0x080020d0   0x080020d0   0x00000002   Code   RO         2743    i.HAL_CAN_TxMailbox2AbortCallback  stm32f4xx_hal_can.o
    0x080020d2   0x080020d2   0x00000002   Code   RO         2744    i.HAL_CAN_TxMailbox2CompleteCallback  stm32f4xx_hal_can.o
    0x080020d4   0x080020d4   0x00000002   Code   RO         2746    i.HAL_CAN_WakeUpFromRxMsgCallback  stm32f4xx_hal_can.o
    0x080020d6   0x080020d6   0x000000ac   Code   RO         2018    i.HAL_DMA_Abort     stm32f4xx_hal_dma.o
    0x08002182   0x08002182   0x00000028   Code   RO         2019    i.HAL_DMA_Abort_IT  stm32f4xx_hal_dma.o
    0x080021aa   0x080021aa   0x00000002   PAD
    0x080021ac   0x080021ac   0x00000240   Code   RO         2023    i.HAL_DMA_IRQHandler  stm32f4xx_hal_dma.o
    0x080023ec   0x080023ec   0x000000ec   Code   RO         2024    i.HAL_DMA_Init      stm32f4xx_hal_dma.o
    0x080024d8   0x080024d8   0x00000092   Code   RO         2028    i.HAL_DMA_Start_IT  stm32f4xx_hal_dma.o
    0x0800256a   0x0800256a   0x00000002   PAD
    0x0800256c   0x0800256c   0x00000028   Code   RO         2460    i.HAL_Delay         stm32f4xx_hal.o
    0x08002594   0x08002594   0x000001e4   Code   RO         1911    i.HAL_GPIO_Init     stm32f4xx_hal_gpio.o
    0x08002778   0x08002778   0x0000000c   Code   RO         1915    i.HAL_GPIO_WritePin  stm32f4xx_hal_gpio.o
    0x08002784   0x08002784   0x0000000c   Code   RO         2466    i.HAL_GetTick       stm32f4xx_hal.o
    0x08002790   0x08002790   0x00000018   Code   RO         2472    i.HAL_IncTick       stm32f4xx_hal.o
    0x080027a8   0x080027a8   0x0000003c   Code   RO         2473    i.HAL_Init          stm32f4xx_hal.o
    0x080027e4   0x080027e4   0x0000004c   Code   RO         2474    i.HAL_InitTick      stm32f4xx_hal.o
    0x08002830   0x08002830   0x00000054   Code   RO          785    i.HAL_MspInit       stm32f4xx_hal_msp.o
    0x08002884   0x08002884   0x00000020   Code   RO         2318    i.HAL_NVIC_EnableIRQ  stm32f4xx_hal_cortex.o
    0x080028a4   0x080028a4   0x0000007c   Code   RO         2324    i.HAL_NVIC_SetPriority  stm32f4xx_hal_cortex.o
    0x08002920   0x08002920   0x00000028   Code   RO         2325    i.HAL_NVIC_SetPriorityGrouping  stm32f4xx_hal_cortex.o
    0x08002948   0x08002948   0x00000028   Code   RO         1052    i.HAL_PCDEx_ActivateLPM  stm32f4xx_hal_pcd_ex.o
    0x08002970   0x08002970   0x00000070   Code   RO         6594    i.HAL_PCDEx_LPM_Callback  usbd_conf.o
    0x080029e0   0x080029e0   0x0000000a   Code   RO         1056    i.HAL_PCDEx_SetRxFiFo  stm32f4xx_hal_pcd_ex.o
    0x080029ea   0x080029ea   0x0000004e   Code   RO         1057    i.HAL_PCDEx_SetTxFiFo  stm32f4xx_hal_pcd_ex.o
    0x08002a38   0x08002a38   0x0000000e   Code   RO         6595    i.HAL_PCD_ConnectCallback  usbd_conf.o
    0x08002a46   0x08002a46   0x00000020   Code   RO         6596    i.HAL_PCD_DataInStageCallback  usbd_conf.o
    0x08002a66   0x08002a66   0x00000020   Code   RO         6597    i.HAL_PCD_DataOutStageCallback  usbd_conf.o
    0x08002a86   0x08002a86   0x0000000e   Code   RO         6598    i.HAL_PCD_DisconnectCallback  usbd_conf.o
    0x08002a94   0x08002a94   0x00000042   Code   RO          818    i.HAL_PCD_EP_Abort  stm32f4xx_hal_pcd.o
    0x08002ad6   0x08002ad6   0x0000006a   Code   RO          819    i.HAL_PCD_EP_Close  stm32f4xx_hal_pcd.o
    0x08002b40   0x08002b40   0x0000007c   Code   RO          820    i.HAL_PCD_EP_ClrStall  stm32f4xx_hal_pcd.o
    0x08002bbc   0x08002bbc   0x00000016   Code   RO          822    i.HAL_PCD_EP_GetRxCount  stm32f4xx_hal_pcd.o
    0x08002bd2   0x08002bd2   0x0000008c   Code   RO          823    i.HAL_PCD_EP_Open   stm32f4xx_hal_pcd.o
    0x08002c5e   0x08002c5e   0x00000058   Code   RO          824    i.HAL_PCD_EP_Receive  stm32f4xx_hal_pcd.o
    0x08002cb6   0x08002cb6   0x0000008a   Code   RO          825    i.HAL_PCD_EP_SetStall  stm32f4xx_hal_pcd.o
    0x08002d40   0x08002d40   0x0000005a   Code   RO          826    i.HAL_PCD_EP_Transmit  stm32f4xx_hal_pcd.o
    0x08002d9a   0x08002d9a   0x0000070e   Code   RO          828    i.HAL_PCD_IRQHandler  stm32f4xx_hal_pcd.o
    0x080034a8   0x080034a8   0x00000012   Code   RO         6599    i.HAL_PCD_ISOINIncompleteCallback  usbd_conf.o
    0x080034ba   0x080034ba   0x00000012   Code   RO         6600    i.HAL_PCD_ISOOUTIncompleteCallback  usbd_conf.o
    0x080034cc   0x080034cc   0x00000172   Code   RO          831    i.HAL_PCD_Init      stm32f4xx_hal_pcd.o
    0x0800363e   0x0800363e   0x00000002   PAD
    0x08003640   0x08003640   0x000000c8   Code   RO         6602    i.HAL_PCD_MspInit   usbd_conf.o
    0x08003708   0x08003708   0x00000030   Code   RO         6603    i.HAL_PCD_ResetCallback  usbd_conf.o
    0x08003738   0x08003738   0x0000000e   Code   RO         6604    i.HAL_PCD_ResumeCallback  usbd_conf.o
    0x08003746   0x08003746   0x0000000e   Code   RO         6605    i.HAL_PCD_SOFCallback  usbd_conf.o
    0x08003754   0x08003754   0x00000036   Code   RO          837    i.HAL_PCD_SetAddress  stm32f4xx_hal_pcd.o
    0x0800378a   0x0800378a   0x00000012   Code   RO         6606    i.HAL_PCD_SetupStageCallback  usbd_conf.o
    0x0800379c   0x0800379c   0x0000004a   Code   RO          840    i.HAL_PCD_Start     stm32f4xx_hal_pcd.o
    0x080037e6   0x080037e6   0x00000002   PAD
    0x080037e8   0x080037e8   0x00000034   Code   RO         6607    i.HAL_PCD_SuspendCallback  usbd_conf.o
    0x0800381c   0x0800381c   0x00000558   Code   RO         1525    i.HAL_RCCEx_PeriphCLKConfig  stm32f4xx_hal_rcc_ex.o
    0x08003d74   0x08003d74   0x00000184   Code   RO         1418    i.HAL_RCC_ClockConfig  stm32f4xx_hal_rcc.o
    0x08003ef8   0x08003ef8   0x0000000c   Code   RO         1423    i.HAL_RCC_GetHCLKFreq  stm32f4xx_hal_rcc.o
    0x08003f04   0x08003f04   0x00000020   Code   RO         1425    i.HAL_RCC_GetPCLK1Freq  stm32f4xx_hal_rcc.o
    0x08003f24   0x08003f24   0x00000020   Code   RO         1426    i.HAL_RCC_GetPCLK2Freq  stm32f4xx_hal_rcc.o
    0x08003f44   0x08003f44   0x00000118   Code   RO         1529    i.HAL_RCC_GetSysClockFreq  stm32f4xx_hal_rcc_ex.o
    0x0800405c   0x0800405c   0x000004e8   Code   RO         1530    i.HAL_RCC_OscConfig  stm32f4xx_hal_rcc_ex.o
    0x08004544   0x08004544   0x000000c8   Code   RO         2986    i.HAL_SPI_Init      stm32f4xx_hal_spi.o
    0x0800460c   0x0800460c   0x000000c8   Code   RO          497    i.HAL_SPI_MspInit   spi.o
    0x080046d4   0x080046d4   0x0000022a   Code   RO         2995    i.HAL_SPI_TransmitReceive  stm32f4xx_hal_spi.o
    0x080048fe   0x080048fe   0x00000034   Code   RO         2329    i.HAL_SYSTICK_Config  stm32f4xx_hal_cortex.o
    0x08004932   0x08004932   0x00000002   Code   RO         3344    i.HAL_UARTEx_RxEventCallback  stm32f4xx_hal_uart.o
    0x08004934   0x08004934   0x00000002   Code   RO         3358    i.HAL_UART_ErrorCallback  stm32f4xx_hal_uart.o
    0x08004936   0x08004936   0x00000002   PAD
    0x08004938   0x08004938   0x000002e0   Code   RO         3361    i.HAL_UART_IRQHandler  stm32f4xx_hal_uart.o
    0x08004c18   0x08004c18   0x00000072   Code   RO         3362    i.HAL_UART_Init     stm32f4xx_hal_uart.o
    0x08004c8a   0x08004c8a   0x00000002   PAD
    0x08004c8c   0x08004c8c   0x00000494   Code   RO          539    i.HAL_UART_MspInit  usart.o
    0x08005120   0x08005120   0x00000042   Code   RO         3366    i.HAL_UART_Receive_DMA  stm32f4xx_hal_uart.o
    0x08005162   0x08005162   0x00000002   Code   RO         3368    i.HAL_UART_RxCpltCallback  stm32f4xx_hal_uart.o
    0x08005164   0x08005164   0x00000002   Code   RO         3369    i.HAL_UART_RxHalfCpltCallback  stm32f4xx_hal_uart.o
    0x08005166   0x08005166   0x00000002   Code   RO         3373    i.HAL_UART_TxCpltCallback  stm32f4xx_hal_uart.o
    0x08005168   0x08005168   0x00000004   Code   RO          615    i.HardFault_Handler  stm32f4xx_it.o
    0x0800516c   0x0800516c   0x00000048   Code   RO         5348    i.InsTask           ins_task.o
    0x080051b4   0x080051b4   0x0000003e   Code   RO         6433    i.IntToUnicode      usbd_desc.o
    0x080051f2   0x080051f2   0x00000002   PAD
    0x080051f4   0x080051f4   0x000001b0   Code   RO         5263    i.Judge_minipc      exchange_task.o
    0x080053a4   0x080053a4   0x000000e0   Code   RO         5388    i.MF_value          mf_user.o
    0x08005484   0x08005484   0x00000044   Code   RO          398    i.MX_CAN1_Init      can.o
    0x080054c8   0x080054c8   0x00000044   Code   RO          399    i.MX_CAN2_Init      can.o
    0x0800550c   0x0800550c   0x000000d8   Code   RO          442    i.MX_DMA_Init       dma.o
    0x080055e4   0x080055e4   0x000000b4   Code   RO          286    i.MX_FREERTOS_Init  freertos.o
    0x08005698   0x08005698   0x00000148   Code   RO          262    i.MX_GPIO_Init      gpio.o
    0x080057e0   0x080057e0   0x00000048   Code   RO          498    i.MX_SPI2_Init      spi.o
    0x08005828   0x08005828   0x00000038   Code   RO          540    i.MX_UART4_Init     usart.o
    0x08005860   0x08005860   0x00000038   Code   RO          541    i.MX_UART5_Init     usart.o
    0x08005898   0x08005898   0x00000038   Code   RO          542    i.MX_USART1_UART_Init  usart.o
    0x080058d0   0x080058d0   0x00000038   Code   RO          543    i.MX_USART2_UART_Init  usart.o
    0x08005908   0x08005908   0x0000004c   Code   RO         6384    i.MX_USB_DEVICE_Init  usb_device.o
    0x08005954   0x08005954   0x00000004   Code   RO          616    i.MemManage_Handler  stm32f4xx_it.o
    0x08005958   0x08005958   0x00000004   Code   RO          617    i.NMI_Handler       stm32f4xx_it.o
    0x0800595c   0x0800595c   0x00000010   Code   RO          618    i.OTG_FS_IRQHandler  stm32f4xx_it.o
    0x0800596c   0x0800596c   0x00000064   Code   RO          844    i.PCD_EP_OutSetupPacket_int  stm32f4xx_hal_pcd.o
    0x080059d0   0x080059d0   0x00000144   Code   RO          845    i.PCD_EP_OutXfrComplete_int  stm32f4xx_hal_pcd.o
    0x08005b14   0x08005b14   0x000000b6   Code   RO          846    i.PCD_WriteEmptyTxFifo  stm32f4xx_hal_pcd.o
    0x08005bca   0x08005bca   0x00000002   PAD
    0x08005bcc   0x08005bcc   0x000001f0   Code   RO         6107    i.PID_calc          pid_imu.o
    0x08005dbc   0x08005dbc   0x00000060   Code   RO         6109    i.PID_init          pid_imu.o
    0x08005e1c   0x08005e1c   0x0000002e   Code   RO         5187    i.Pitch_task        pitch_task.o
    0x08005e4a   0x08005e4a   0x00000002   PAD
    0x08005e4c   0x08005e4c   0x0000009c   Code   RO         5586    i.RC_init           bsp_rc.o
    0x08005ee8   0x08005ee8   0x0000006c   Code   RO         3024    i.SPI_EndRxTxTransaction  stm32f4xx_hal_spi.o
    0x08005f54   0x08005f54   0x000000d8   Code   RO         3029    i.SPI_WaitFlagStateUntilTimeout  stm32f4xx_hal_spi.o
    0x0800602c   0x0800602c   0x00000012   Code   RO         6969    i.SWAPBYTE          usbd_ctlreq.o
    0x0800603e   0x0800603e   0x00000002   PAD
    0x08006040   0x08006040   0x00000068   Code   RO         5056    i.Searching_Control_MF  yaw_task.o
    0x080060a8   0x080060a8   0x00000074   Code   RO         5264    i.Send_to_CAN1      exchange_task.o
    0x0800611c   0x0800611c   0x00000020   Code   RO         5265    i.Sentry_Init       exchange_task.o
    0x0800613c   0x0800613c   0x000000b0   Code   RO         5057    i.Site_Control_MF   yaw_task.o
    0x080061ec   0x080061ec   0x0000000e   Code   RO          287    i.StartDefaultTask  freertos.o
    0x080061fa   0x080061fa   0x00000002   PAD
    0x080061fc   0x080061fc   0x00000050   Code   RO         5389    i.Start_MF_send     mf_user.o
    0x0800624c   0x0800624c   0x00000104   Code   RO         5266    i.Stm_pc_send       exchange_task.o
    0x08006350   0x08006350   0x00000014   Code   RO          619    i.SysTick_Handler   stm32f4xx_it.o
    0x08006364   0x08006364   0x000000bc   Code   RO           14    i.SystemClock_Config  main.o
    0x08006420   0x08006420   0x00000014   Code   RO         3701    i.SystemInit        system_stm32f4xx.o
    0x08006434   0x08006434   0x00000014   Code   RO          620    i.UART4_IRQHandler  stm32f4xx_it.o
    0x08006448   0x08006448   0x000001ac   Code   RO         5464    i.UART4_IRQHandler_remote  remote_control.o
    0x080065f4   0x080065f4   0x0000001c   Code   RO          621    i.UART5_IRQHandler  stm32f4xx_it.o
    0x08006610   0x08006610   0x00000180   Code   RO         5465    i.UART5_IRQHandler_remote  remote_control.o
    0x08006790   0x08006790   0x00000014   Code   RO         3375    i.UART_DMAAbortOnError  stm32f4xx_hal_uart.o
    0x080067a4   0x080067a4   0x00000050   Code   RO         3376    i.UART_DMAError     stm32f4xx_hal_uart.o
    0x080067f4   0x080067f4   0x000000b0   Code   RO         3377    i.UART_DMAReceiveCplt  stm32f4xx_hal_uart.o
    0x080068a4   0x080068a4   0x00000020   Code   RO         3379    i.UART_DMARxHalfCplt  stm32f4xx_hal_uart.o
    0x080068c4   0x080068c4   0x0000006c   Code   RO         3385    i.UART_EndRxTransfer  stm32f4xx_hal_uart.o
    0x08006930   0x08006930   0x00000020   Code   RO         3386    i.UART_EndTransmit_IT  stm32f4xx_hal_uart.o
    0x08006950   0x08006950   0x00000026   Code   RO         3387    i.UART_EndTxTransfer  stm32f4xx_hal_uart.o
    0x08006976   0x08006976   0x000000f8   Code   RO         3388    i.UART_Receive_IT   stm32f4xx_hal_uart.o
    0x08006a6e   0x08006a6e   0x00000002   PAD
    0x08006a70   0x08006a70   0x0000022c   Code   RO         3389    i.UART_SetConfig    stm32f4xx_hal_uart.o
    0x08006c9c   0x08006c9c   0x000000d0   Code   RO         3390    i.UART_Start_Receive_DMA  stm32f4xx_hal_uart.o
    0x08006d6c   0x08006d6c   0x00000060   Code   RO         3392    i.UART_Transmit_IT  stm32f4xx_hal_uart.o
    0x08006dcc   0x08006dcc   0x00000010   Code   RO          622    i.USART1_IRQHandler  stm32f4xx_it.o
    0x08006ddc   0x08006ddc   0x00000014   Code   RO          623    i.USART2_IRQHandler  stm32f4xx_it.o
    0x08006df0   0x08006df0   0x000000c4   Code   RO         7132    i.USBD_CDC_DataIn   usbd_cdc.o
    0x08006eb4   0x08006eb4   0x00000048   Code   RO         7133    i.USBD_CDC_DataOut  usbd_cdc.o
    0x08006efc   0x08006efc   0x000000d4   Code   RO         7134    i.USBD_CDC_DeInit   usbd_cdc.o
    0x08006fd0   0x08006fd0   0x00000050   Code   RO         7135    i.USBD_CDC_EP0_RxReady  usbd_cdc.o
    0x08007020   0x08007020   0x00000010   Code   RO         7136    i.USBD_CDC_GetDeviceQualifierDescriptor  usbd_cdc.o
    0x08007030   0x08007030   0x00000044   Code   RO         7137    i.USBD_CDC_GetFSCfgDesc  usbd_cdc.o
    0x08007074   0x08007074   0x00000048   Code   RO         7138    i.USBD_CDC_GetHSCfgDesc  usbd_cdc.o
    0x080070bc   0x080070bc   0x00000044   Code   RO         7139    i.USBD_CDC_GetOtherSpeedCfgDesc  usbd_cdc.o
    0x08007100   0x08007100   0x000001a0   Code   RO         7140    i.USBD_CDC_Init     usbd_cdc.o
    0x080072a0   0x080072a0   0x00000050   Code   RO         7141    i.USBD_CDC_ReceivePacket  usbd_cdc.o
    0x080072f0   0x080072f0   0x00000018   Code   RO         7142    i.USBD_CDC_RegisterInterface  usbd_cdc.o
    0x08007308   0x08007308   0x0000001e   Code   RO         7143    i.USBD_CDC_SetRxBuffer  usbd_cdc.o
    0x08007326   0x08007326   0x00000024   Code   RO         7144    i.USBD_CDC_SetTxBuffer  usbd_cdc.o
    0x0800734a   0x0800734a   0x00000140   Code   RO         7145    i.USBD_CDC_Setup    usbd_cdc.o
    0x0800748a   0x0800748a   0x0000001c   Code   RO         6807    i.USBD_ClrClassConfig  usbd_core.o
    0x080074a6   0x080074a6   0x0000003e   Code   RO         6970    i.USBD_ClrFeature   usbd_ctlreq.o
    0x080074e4   0x080074e4   0x00000006   Code   RO         6808    i.USBD_CoreFindEP   usbd_core.o
    0x080074ea   0x080074ea   0x00000006   Code   RO         6809    i.USBD_CoreFindIF   usbd_core.o
    0x080074f0   0x080074f0   0x00000018   Code   RO         7072    i.USBD_CtlContinueRx  usbd_ioreq.o
    0x08007508   0x08007508   0x00000018   Code   RO         7073    i.USBD_CtlContinueSendData  usbd_ioreq.o
    0x08007520   0x08007520   0x00000018   Code   RO         6971    i.USBD_CtlError     usbd_ctlreq.o
    0x08007538   0x08007538   0x00000028   Code   RO         7074    i.USBD_CtlPrepareRx  usbd_ioreq.o
    0x08007560   0x08007560   0x0000001a   Code   RO         7075    i.USBD_CtlReceiveStatus  usbd_ioreq.o
    0x0800757a   0x0800757a   0x00000022   Code   RO         7076    i.USBD_CtlSendData  usbd_ioreq.o
    0x0800759c   0x0800759c   0x0000001a   Code   RO         7077    i.USBD_CtlSendStatus  usbd_ioreq.o
    0x080075b6   0x080075b6   0x00000002   PAD
    0x080075b8   0x080075b8   0x00000034   Code   RO         6434    i.USBD_FS_ConfigStrDescriptor  usbd_desc.o
    0x080075ec   0x080075ec   0x00000010   Code   RO         6435    i.USBD_FS_DeviceDescriptor  usbd_desc.o
    0x080075fc   0x080075fc   0x00000038   Code   RO         6436    i.USBD_FS_InterfaceStrDescriptor  usbd_desc.o
    0x08007634   0x08007634   0x00000010   Code   RO         6437    i.USBD_FS_LangIDStrDescriptor  usbd_desc.o
    0x08007644   0x08007644   0x0000002c   Code   RO         6438    i.USBD_FS_ManufacturerStrDescriptor  usbd_desc.o
    0x08007670   0x08007670   0x00000040   Code   RO         6439    i.USBD_FS_ProductStrDescriptor  usbd_desc.o
    0x080076b0   0x080076b0   0x00000018   Code   RO         6440    i.USBD_FS_SerialStrDescriptor  usbd_desc.o
    0x080076c8   0x080076c8   0x00000010   Code   RO         6441    i.USBD_FS_USR_BOSDescriptor  usbd_desc.o
    0x080076d8   0x080076d8   0x00000056   Code   RO         6972    i.USBD_GetConfig    usbd_ctlreq.o
    0x0800772e   0x0800772e   0x00000232   Code   RO         6973    i.USBD_GetDescriptor  usbd_ctlreq.o
    0x08007960   0x08007960   0x00000050   Code   RO         6811    i.USBD_GetEpDesc    usbd_core.o
    0x080079b0   0x080079b0   0x00000016   Code   RO         6974    i.USBD_GetLen       usbd_ctlreq.o
    0x080079c6   0x080079c6   0x00000014   Code   RO         6812    i.USBD_GetNextDesc  usbd_core.o
    0x080079da   0x080079da   0x0000005a   Code   RO         6975    i.USBD_GetStatus    usbd_ctlreq.o
    0x08007a34   0x08007a34   0x00000054   Code   RO         6976    i.USBD_GetString    usbd_ctlreq.o
    0x08007a88   0x08007a88   0x0000002c   Code   RO         6608    i.USBD_Get_USB_Status  usbd_conf.o
    0x08007ab4   0x08007ab4   0x0000003a   Code   RO         6813    i.USBD_Init         usbd_core.o
    0x08007aee   0x08007aee   0x00000026   Code   RO         6609    i.USBD_LL_ClearStallEP  usbd_conf.o
    0x08007b14   0x08007b14   0x00000026   Code   RO         6610    i.USBD_LL_CloseEP   usbd_conf.o
    0x08007b3a   0x08007b3a   0x00000108   Code   RO         6814    i.USBD_LL_DataInStage  usbd_core.o
    0x08007c42   0x08007c42   0x00000102   Code   RO         6815    i.USBD_LL_DataOutStage  usbd_core.o
    0x08007d44   0x08007d44   0x00000006   Code   RO         6816    i.USBD_LL_DevConnected  usbd_core.o
    0x08007d4a   0x08007d4a   0x00000026   Code   RO         6817    i.USBD_LL_DevDisconnected  usbd_core.o
    0x08007d70   0x08007d70   0x00000012   Code   RO         6614    i.USBD_LL_GetRxDataSize  usbd_conf.o
    0x08007d82   0x08007d82   0x00000002   PAD
    0x08007d84   0x08007d84   0x00000068   Code   RO         6615    i.USBD_LL_Init      usbd_conf.o
    0x08007dec   0x08007dec   0x00000038   Code   RO         6616    i.USBD_LL_IsStallEP  usbd_conf.o
    0x08007e24   0x08007e24   0x00000048   Code   RO         6818    i.USBD_LL_IsoINIncomplete  usbd_core.o
    0x08007e6c   0x08007e6c   0x00000048   Code   RO         6819    i.USBD_LL_IsoOUTIncomplete  usbd_core.o
    0x08007eb4   0x08007eb4   0x00000030   Code   RO         6617    i.USBD_LL_OpenEP    usbd_conf.o
    0x08007ee4   0x08007ee4   0x00000030   Code   RO         6618    i.USBD_LL_PrepareReceive  usbd_conf.o
    0x08007f14   0x08007f14   0x0000006c   Code   RO         6820    i.USBD_LL_Reset     usbd_core.o
    0x08007f80   0x08007f80   0x00000016   Code   RO         6821    i.USBD_LL_Resume    usbd_core.o
    0x08007f96   0x08007f96   0x00000028   Code   RO         6822    i.USBD_LL_SOF       usbd_core.o
    0x08007fbe   0x08007fbe   0x00000008   Code   RO         6823    i.USBD_LL_SetSpeed  usbd_core.o
    0x08007fc6   0x08007fc6   0x00000026   Code   RO         6619    i.USBD_LL_SetUSBAddress  usbd_conf.o
    0x08007fec   0x08007fec   0x00000076   Code   RO         6824    i.USBD_LL_SetupStage  usbd_core.o
    0x08008062   0x08008062   0x00000026   Code   RO         6620    i.USBD_LL_StallEP   usbd_conf.o
    0x08008088   0x08008088   0x0000001e   Code   RO         6621    i.USBD_LL_Start     usbd_conf.o
    0x080080a6   0x080080a6   0x00000014   Code   RO         6825    i.USBD_LL_Suspend   usbd_core.o
    0x080080ba   0x080080ba   0x00000030   Code   RO         6623    i.USBD_LL_Transmit  usbd_conf.o
    0x080080ea   0x080080ea   0x00000036   Code   RO         6977    i.USBD_ParseSetupRequest  usbd_ctlreq.o
    0x08008120   0x08008120   0x00000048   Code   RO         6826    i.USBD_RegisterClass  usbd_core.o
    0x08008168   0x08008168   0x00000006   Code   RO         6827    i.USBD_RunTestMode  usbd_core.o
    0x0800816e   0x0800816e   0x0000005a   Code   RO         6978    i.USBD_SetAddress   usbd_ctlreq.o
    0x080081c8   0x080081c8   0x00000020   Code   RO         6828    i.USBD_SetClassConfig  usbd_core.o
    0x080081e8   0x080081e8   0x00000104   Code   RO         6979    i.USBD_SetConfig    usbd_ctlreq.o
    0x080082ec   0x080082ec   0x00000038   Code   RO         6980    i.USBD_SetFeature   usbd_ctlreq.o
    0x08008324   0x08008324   0x0000000c   Code   RO         6829    i.USBD_Start        usbd_core.o
    0x08008330   0x08008330   0x000000ae   Code   RO         6981    i.USBD_StdDevReq    usbd_ctlreq.o
    0x080083de   0x080083de   0x00000280   Code   RO         6982    i.USBD_StdEPReq     usbd_ctlreq.o
    0x0800865e   0x0800865e   0x000000ae   Code   RO         6983    i.USBD_StdItfReq    usbd_ctlreq.o
    0x0800870c   0x0800870c   0x00000002   Code   RO         6624    i.USBD_static_free  usbd_conf.o
    0x0800870e   0x0800870e   0x00000002   PAD
    0x08008710   0x08008710   0x0000000c   Code   RO         6625    i.USBD_static_malloc  usbd_conf.o
    0x0800871c   0x0800871c   0x000000d0   Code   RO         1107    i.USB_ActivateEndpoint  stm32f4xx_ll_usb.o
    0x080087ec   0x080087ec   0x00000028   Code   RO         1109    i.USB_ActivateSetup  stm32f4xx_ll_usb.o
    0x08008814   0x08008814   0x00000084   Code   RO         1111    i.USB_CoreInit      stm32f4xx_ll_usb.o
    0x08008898   0x08008898   0x00000058   Code   RO         1112    i.USB_CoreReset     stm32f4xx_ll_usb.o
    0x080088f0   0x080088f0   0x0000014c   Code   RO         1115    i.USB_DeactivateEndpoint  stm32f4xx_ll_usb.o
    0x08008a3c   0x08008a3c   0x00000024   Code   RO         1116    i.USB_DevConnect    stm32f4xx_ll_usb.o
    0x08008a60   0x08008a60   0x00000024   Code   RO         1117    i.USB_DevDisconnect  stm32f4xx_ll_usb.o
    0x08008a84   0x08008a84   0x000001d8   Code   RO         1118    i.USB_DevInit       stm32f4xx_ll_usb.o
    0x08008c5c   0x08008c5c   0x0000000e   Code   RO         1119    i.USB_DisableGlobalInt  stm32f4xx_ll_usb.o
    0x08008c6a   0x08008c6a   0x00000002   PAD
    0x08008c6c   0x08008c6c   0x000001dc   Code   RO         1122    i.USB_EP0StartXfer  stm32f4xx_ll_usb.o
    0x08008e48   0x08008e48   0x00000070   Code   RO         1123    i.USB_EP0_OutStart  stm32f4xx_ll_usb.o
    0x08008eb8   0x08008eb8   0x0000008e   Code   RO         1124    i.USB_EPClearStall  stm32f4xx_ll_usb.o
    0x08008f46   0x08008f46   0x0000009a   Code   RO         1125    i.USB_EPSetStall    stm32f4xx_ll_usb.o
    0x08008fe0   0x08008fe0   0x00000348   Code   RO         1126    i.USB_EPStartXfer   stm32f4xx_ll_usb.o
    0x08009328   0x08009328   0x000000ec   Code   RO         1127    i.USB_EPStopXfer    stm32f4xx_ll_usb.o
    0x08009414   0x08009414   0x0000000e   Code   RO         1128    i.USB_EnableGlobalInt  stm32f4xx_ll_usb.o
    0x08009422   0x08009422   0x00000002   PAD
    0x08009424   0x08009424   0x00000054   Code   RO         1129    i.USB_FlushRxFifo   stm32f4xx_ll_usb.o
    0x08009478   0x08009478   0x00000058   Code   RO         1130    i.USB_FlushTxFifo   stm32f4xx_ll_usb.o
    0x080094d0   0x080094d0   0x00000026   Code   RO         1132    i.USB_GetDevSpeed   stm32f4xx_ll_usb.o
    0x080094f6   0x080094f6   0x0000000a   Code   RO         1134    i.USB_GetMode       stm32f4xx_ll_usb.o
    0x08009500   0x08009500   0x00000014   Code   RO         1141    i.USB_ReadDevAllInEpInterrupt  stm32f4xx_ll_usb.o
    0x08009514   0x08009514   0x00000014   Code   RO         1142    i.USB_ReadDevAllOutEpInterrupt  stm32f4xx_ll_usb.o
    0x08009528   0x08009528   0x00000032   Code   RO         1143    i.USB_ReadDevInEPInterrupt  stm32f4xx_ll_usb.o
    0x0800955a   0x0800955a   0x0000001a   Code   RO         1144    i.USB_ReadDevOutEPInterrupt  stm32f4xx_ll_usb.o
    0x08009574   0x08009574   0x0000000a   Code   RO         1145    i.USB_ReadInterrupts  stm32f4xx_ll_usb.o
    0x0800957e   0x0800957e   0x00000060   Code   RO         1146    i.USB_ReadPacket    stm32f4xx_ll_usb.o
    0x080095de   0x080095de   0x00000068   Code   RO         1148    i.USB_SetCurrentMode  stm32f4xx_ll_usb.o
    0x08009646   0x08009646   0x0000002a   Code   RO         1149    i.USB_SetDevAddress  stm32f4xx_ll_usb.o
    0x08009670   0x08009670   0x00000012   Code   RO         1150    i.USB_SetDevSpeed   stm32f4xx_ll_usb.o
    0x08009682   0x08009682   0x00000002   PAD
    0x08009684   0x08009684   0x000000e8   Code   RO         1151    i.USB_SetTurnaroundTime  stm32f4xx_ll_usb.o
    0x0800976c   0x0800976c   0x00000044   Code   RO         1154    i.USB_WritePacket   stm32f4xx_ll_usb.o
    0x080097b0   0x080097b0   0x00000004   Code   RO          624    i.UsageFault_Handler  stm32f4xx_it.o
    0x080097b4   0x080097b4   0x0000009c   Code   RO         5587    i.VS_init           bsp_rc.o
    0x08009850   0x08009850   0x000000a0   Code   RO         5588    i.VS_init4          bsp_rc.o
    0x080098f0   0x080098f0   0x00000050   Code   RO         5267    i.Vision_Init       exchange_task.o
    0x08009940   0x08009940   0x00000068   Code   RO         5058    i.Voltage_Control_MF  yaw_task.o
    0x080099a8   0x080099a8   0x0000007c   Code   RO         5059    i.Yaw_can_send      yaw_task.o
    0x08009a24   0x08009a24   0x00000178   Code   RO         5060    i.Yaw_init          yaw_task.o
    0x08009b9c   0x08009b9c   0x00000024   Code   RO         5061    i.Yaw_loop_init     yaw_task.o
    0x08009bc0   0x08009bc0   0x00000280   Code   RO         5062    i.Yaw_mode_judge    yaw_task.o
    0x08009e40   0x08009e40   0x00000114   Code   RO         5063    i.Yaw_mode_remote_site  yaw_task.o
    0x08009f54   0x08009f54   0x000001d4   Code   RO         5064    i.Yaw_mode_searching  yaw_task.o
    0x0800a128   0x0800a128   0x0000015c   Code   RO         5065    i.Yaw_read_imu      yaw_task.o
    0x0800a284   0x0800a284   0x000000fc   Code   RO         5066    i.Yaw_remote_restrict  yaw_task.o
    0x0800a380   0x0800a380   0x00000060   Code   RO         5067    i.Yaw_speed_calc    yaw_task.o
    0x0800a3e0   0x0800a3e0   0x00000074   Code   RO         5068    i.Yaw_target_restrict  yaw_task.o
    0x0800a454   0x0800a454   0x000000d0   Code   RO         5069    i.Yaw_task          yaw_task.o
    0x0800a524   0x0800a524   0x00000068   Code   RO         5070    i.Yaw_voltage_calc  yaw_task.o
    0x0800a58c   0x0800a58c   0x00000026   Code   RO         7390    i.__ARM_fpclassifyf  m_wm.l(fpclassifyf.o)
    0x0800a5b2   0x0800a5b2   0x00000002   PAD
    0x0800a5b4   0x0800a5b4   0x00000010   Code   RO         2331    i.__NVIC_GetPriorityGrouping  stm32f4xx_hal_cortex.o
    0x0800a5c4   0x0800a5c4   0x00000028   Code   RO         2332    i.__NVIC_SetPriority  stm32f4xx_hal_cortex.o
    0x0800a5ec   0x0800a5ec   0x0000012c   Code   RO         7298    i.__hardfp_asinf    m_wm.l(asinf.o)
    0x0800a718   0x0800a718   0x000002ac   Code   RO         7336    i.__hardfp_atan2f   m_wm.l(atan2f.o)
    0x0800a9c4   0x0800a9c4   0x00000014   Code   RO         7348    i.__hardfp_fabs     m_wm.l(fabs.o)
    0x0800a9d8   0x0800a9d8   0x00000006   Code   RO         7393    i.__mathlib_flt_infnan  m_wm.l(funder.o)
    0x0800a9de   0x0800a9de   0x00000006   Code   RO         7394    i.__mathlib_flt_infnan2  m_wm.l(funder.o)
    0x0800a9e4   0x0800a9e4   0x00000010   Code   RO         7395    i.__mathlib_flt_invalid  m_wm.l(funder.o)
    0x0800a9f4   0x0800a9f4   0x00000010   Code   RO         7398    i.__mathlib_flt_underflow  m_wm.l(funder.o)
    0x0800aa04   0x0800aa04   0x00000128   Code   RO         5883    i.bmi088_accel_init  bmi088driver.o
    0x0800ab2c   0x0800ab2c   0x000000f4   Code   RO         5884    i.bmi088_gyro_init  bmi088driver.o
    0x0800ac20   0x0800ac20   0x00000044   Code   RO         5526    i.can_1_user_init   can_user.o
    0x0800ac64   0x0800ac64   0x00000044   Code   RO         5527    i.can_2_user_init   can_user.o
    0x0800aca8   0x0800aca8   0x00000028   Code   RO         5528    i.can_remote        can_user.o
    0x0800acd0   0x0800acd0   0x0000000c   Code   RO         6020    i.imu_pwm_set       bsp_imu_pwm.o
    0x0800acdc   0x0800acdc   0x0000022c   Code   RO         6050    i.imu_temp_control_task  imu_temp_control_task.o
    0x0800af08   0x0800af08   0x00002970   Code   RO         6217    i.imuekf            imuekf.o
    0x0800d878   0x0800d878   0x0000003c   Code   RO         6218    i.invSqrt           imuekf.o
    0x0800d8b4   0x0800d8b4   0x000000a8   Code   RO           15    i.main              main.o
    0x0800d95c   0x0800d95c   0x0000000e   Code   RO         4541    i.makeFreeRtosPriority  cmsis_os.o
    0x0800d96a   0x0800d96a   0x00000002   PAD
    0x0800d96c   0x0800d96c   0x000000ec   Code   RO         5819    i.motor_value       handle_value.o
    0x0800da58   0x0800da58   0x00000018   Code   RO         4543    i.osDelay           cmsis_os.o
    0x0800da70   0x0800da70   0x0000000a   Code   RO         4546    i.osKernelStart     cmsis_os.o
    0x0800da7a   0x0800da7a   0x0000005e   Code   RO         4580    i.osThreadCreate    cmsis_os.o
    0x0800dad8   0x0800dad8   0x000000fe   Code   RO         5759    i.pid_calc          pid.o
    0x0800dbd6   0x0800dbd6   0x00000002   PAD
    0x0800dbd8   0x0800dbd8   0x0000014c   Code   RO         5761    i.pid_calc_sita_span  pid.o
    0x0800dd24   0x0800dd24   0x00000200   Code   RO         5762    i.pid_calc_sita_span_left  pid.o
    0x0800df24   0x0800df24   0x00000200   Code   RO         5763    i.pid_calc_sita_span_right  pid.o
    0x0800e124   0x0800e124   0x00000016   Code   RO         5764    i.pid_init          pid.o
    0x0800e13a   0x0800e13a   0x00000002   PAD
    0x0800e13c   0x0800e13c   0x00000098   Code   RO         4212    i.prvAddCurrentTaskToDelayedList  tasks.o
    0x0800e1d4   0x0800e1d4   0x000000b4   Code   RO         4213    i.prvAddNewTaskToReadyList  tasks.o
    0x0800e288   0x0800e288   0x00000048   Code   RO         4214    i.prvCheckTasksWaitingTermination  tasks.o
    0x0800e2d0   0x0800e2d0   0x00000050   Code   RO         4215    i.prvDeleteTCB      tasks.o
    0x0800e320   0x0800e320   0x0000007c   Code   RO         4908    i.prvHeapInit       heap_4.o
    0x0800e39c   0x0800e39c   0x00000028   Code   RO         4216    i.prvIdleTask       tasks.o
    0x0800e3c4   0x0800e3c4   0x000000b4   Code   RO         4217    i.prvInitialiseNewTask  tasks.o
    0x0800e478   0x0800e478   0x00000068   Code   RO         4218    i.prvInitialiseTaskLists  tasks.o
    0x0800e4e0   0x0800e4e0   0x00000068   Code   RO         4909    i.prvInsertBlockIntoFreeList  heap_4.o
    0x0800e548   0x0800e548   0x00000034   Code   RO         4219    i.prvResetNextTaskUnblockTime  tasks.o
    0x0800e57c   0x0800e57c   0x00000040   Code   RO         4976    i.prvTaskExitError  port.o
    0x0800e5bc   0x0800e5bc   0x0000014c   Code   RO         4910    i.pvPortMalloc      heap_4.o
    0x0800e708   0x0800e708   0x0000002c   Code   RO         4977    i.pxPortInitialiseStack  port.o
    0x0800e734   0x0800e734   0x00000074   Code   RO         5071    i.rcLfFiter         yaw_task.o
    0x0800e7a8   0x0800e7a8   0x00000014   Code   RO         5468    i.remote_control_init  remote_control.o
    0x0800e7bc   0x0800e7bc   0x0000003e   Code   RO         7423    i.sqrtf             m_wm.l(sqrtf.o)
    0x0800e7fa   0x0800e7fa   0x00000002   PAD
    0x0800e7fc   0x0800e7fc   0x00000038   Code   RO         5270    i.uart_send_UART4   exchange_task.o
    0x0800e834   0x0800e834   0x00000038   Code   RO         5271    i.uart_send_UART5   exchange_task.o
    0x0800e86c   0x0800e86c   0x00000028   Code   RO         3838    i.uxListRemove      list.o
    0x0800e894   0x0800e894   0x00000018   Code   RO          288    i.vApplicationGetIdleTaskMemory  freertos.o
    0x0800e8ac   0x0800e8ac   0x0000001a   Code   RO         3839    i.vListInitialise   list.o
    0x0800e8c6   0x0800e8c6   0x00000006   Code   RO         3840    i.vListInitialiseItem  list.o
    0x0800e8cc   0x0800e8cc   0x00000034   Code   RO         3841    i.vListInsert       list.o
    0x0800e900   0x0800e900   0x00000018   Code   RO         3842    i.vListInsertEnd    list.o
    0x0800e918   0x0800e918   0x00000054   Code   RO         4979    i.vPortEnterCritical  port.o
    0x0800e96c   0x0800e96c   0x0000003c   Code   RO         4980    i.vPortExitCritical  port.o
    0x0800e9a8   0x0800e9a8   0x000000a4   Code   RO         4911    i.vPortFree         heap_4.o
    0x0800ea4c   0x0800ea4c   0x00000028   Code   RO         4981    i.vPortSetupTimerInterrupt  port.o
    0x0800ea74   0x0800ea74   0x0000005c   Code   RO         4228    i.vTaskDelay        tasks.o
    0x0800ead0   0x0800ead0   0x000000b0   Code   RO         4241    i.vTaskStartScheduler  tasks.o
    0x0800eb80   0x0800eb80   0x00000010   Code   RO         4243    i.vTaskSuspendAll   tasks.o
    0x0800eb90   0x0800eb90   0x0000008c   Code   RO         4244    i.vTaskSwitchContext  tasks.o
    0x0800ec1c   0x0800ec1c   0x00000168   Code   RO         4983    i.xPortStartScheduler  port.o
    0x0800ed84   0x0800ed84   0x00000034   Code   RO         4984    i.xPortSysTickHandler  port.o
    0x0800edb8   0x0800edb8   0x00000064   Code   RO         4247    i.xTaskCreate       tasks.o
    0x0800ee1c   0x0800ee1c   0x000000ba   Code   RO         4248    i.xTaskCreateStatic  tasks.o
    0x0800eed6   0x0800eed6   0x00000002   PAD
    0x0800eed8   0x0800eed8   0x00000020   Code   RO         4252    i.xTaskGetSchedulerState  tasks.o
    0x0800eef8   0x0800eef8   0x00000148   Code   RO         4255    i.xTaskIncrementTick  tasks.o
    0x0800f040   0x0800f040   0x00000104   Code   RO         4261    i.xTaskResumeAll    tasks.o
    0x0800f144   0x0800f144   0x00000018   Code   RO         7250    x$fpl$basic         fz_wm.l(basic.o)
    0x0800f15c   0x0800f15c   0x00000062   Code   RO         7252    x$fpl$d2f           fz_wm.l(d2f.o)
    0x0800f1be   0x0800f1be   0x00000002   PAD
    0x0800f1c0   0x0800f1c0   0x00000150   Code   RO         7254    x$fpl$dadd          fz_wm.l(daddsub_clz.o)
    0x0800f310   0x0800f310   0x00000018   Code   RO         7363    x$fpl$dcmpinf       fz_wm.l(dcmpi.o)
    0x0800f328   0x0800f328   0x000002b0   Code   RO         7261    x$fpl$ddiv          fz_wm.l(ddiv.o)
    0x0800f5d8   0x0800f5d8   0x0000002e   Code   RO         7267    x$fpl$dflt          fz_wm.l(dflt_clz.o)
    0x0800f606   0x0800f606   0x00000002   PAD
    0x0800f608   0x0800f608   0x000000a2   Code   RO         7272    x$fpl$dfltll        fz_wm.l(dfltll_clz.o)
    0x0800f6aa   0x0800f6aa   0x00000002   PAD
    0x0800f6ac   0x0800f6ac   0x00000078   Code   RO         7276    x$fpl$dleqf         fz_wm.l(dleqf.o)
    0x0800f724   0x0800f724   0x00000154   Code   RO         7278    x$fpl$dmul          fz_wm.l(dmul.o)
    0x0800f878   0x0800f878   0x0000009c   Code   RO         7365    x$fpl$dnaninf       fz_wm.l(dnaninf.o)
    0x0800f914   0x0800f914   0x0000000c   Code   RO         7367    x$fpl$dretinf       fz_wm.l(dretinf.o)
    0x0800f920   0x0800f920   0x0000006c   Code   RO         7280    x$fpl$drleqf        fz_wm.l(drleqf.o)
    0x0800f98c   0x0800f98c   0x00000016   Code   RO         7255    x$fpl$drsb          fz_wm.l(daddsub_clz.o)
    0x0800f9a2   0x0800f9a2   0x00000002   PAD
    0x0800f9a4   0x0800f9a4   0x000001d4   Code   RO         7256    x$fpl$dsub          fz_wm.l(daddsub_clz.o)
    0x0800fb78   0x0800fb78   0x00000056   Code   RO         7282    x$fpl$f2d           fz_wm.l(f2d.o)
    0x0800fbce   0x0800fbce   0x0000008c   Code   RO         7369    x$fpl$fnaninf       fz_wm.l(fnaninf.o)
    0x0800fc5a   0x0800fc5a   0x0000000a   Code   RO         7542    x$fpl$fpinit        fz_wm.l(fpinit.o)
    0x0800fc64   0x0800fc64   0x0000000a   Code   RO         7371    x$fpl$fretinf       fz_wm.l(fretinf.o)
    0x0800fc6e   0x0800fc6e   0x00000000   Code   RO         7373    x$fpl$usenofp       fz_wm.l(usenofp.o)
    0x0800fc6e   0x0800fc6e   0x00000002   PAD
    0x0800fc70   0x0800fc70   0x000000a8   Data   RO          290    .constdata          freertos.o
    0x0800fd18   0x0800fd18   0x00000008   Data   RO         2030    .constdata          stm32f4xx_hal_dma.o
    0x0800fd20   0x0800fd20   0x00000018   Data   RO         3702    .constdata          system_stm32f4xx.o
    0x0800fd38   0x0800fd38   0x00000302   Data   RO         5704    .constdata          crc.o
    0x0801003a   0x0801003a   0x00000002   PAD
    0x0801003c   0x0801003c   0x00000018   Data   RO         6052    .constdata          imu_temp_control_task.o
    0x08010054   0x08010054   0x00000004   PAD
    0x08010058   0x08010058   0x00000198   Data   RO         6220    .constdata          imuekf.o
    0x080101f0   0x080101f0   0x0000003c   Data   RO          291    .conststring        freertos.o
    0x0801022c   0x0801022c   0x00000020   Data   RO         7600    Region$$Table       anon$$obj.o


    Execution Region RW_IRAM1 (Exec base: 0x20000000, Load base: 0x0801024c, Size: 0x0000b3c8, Max: 0x00020000, ABSOLUTE, COMPRESSED[0x0000015c])

    Exec Addr    Load Addr    Size         Type   Attr      Idx    E Section Name        Object

    0x20000000   COMPRESSED   0x00000018   Data   RW          292    .data               freertos.o
    0x20000018   COMPRESSED   0x00000004   Data   RW          401    .data               can.o
    0x2000001c   COMPRESSED   0x00000009   Data   RW         2480    .data               stm32f4xx_hal.o
    0x20000025   COMPRESSED   0x00000003   PAD
    0x20000028   COMPRESSED   0x00000004   Data   RW         3703    .data               system_stm32f4xx.o
    0x2000002c   COMPRESSED   0x0000003c   Data   RW         4264    .data               tasks.o
    0x20000068   COMPRESSED   0x00000020   Data   RW         4917    .data               heap_4.o
    0x20000088   COMPRESSED   0x0000000c   Data   RW         4985    .data               port.o
    0x20000094   COMPRESSED   0x0000003d   Data   RW         5072    .data               yaw_task.o
    0x200000d1   COMPRESSED   0x00000003   PAD
    0x200000d4   COMPRESSED   0x00000014   Data   RW         5188    .data               pitch_task.o
    0x200000e8   COMPRESSED   0x00000038   Data   RW         5349    .data               ins_task.o
    0x20000120   COMPRESSED   0x0000000a   Data   RW         5471    .data               remote_control.o
    0x2000012a   COMPRESSED   0x00000002   PAD
    0x2000012c   COMPRESSED   0x0000002c   Data   RW         5885    .data               bmi088driver.o
    0x20000158   COMPRESSED   0x000001a8   Data   RW         6053    .data               imu_temp_control_task.o
    0x20000300   COMPRESSED   0x00000040   Data   RW         6152    .data               bsp_dwt.o
    0x20000340   COMPRESSED   0x0000005e   Data   RW         6443    .data               usbd_desc.o
    0x2000039e   COMPRESSED   0x00000002   PAD
    0x200003a0   COMPRESSED   0x00000014   Data   RW         6535    .data               usbd_cdc_if.o
    0x200003b4   COMPRESSED   0x00000001   Data   RW         6984    .data               usbd_ctlreq.o
    0x200003b5   COMPRESSED   0x00000003   PAD
    0x200003b8   COMPRESSED   0x0000008a   Data   RW         7147    .data               usbd_cdc.o
    0x20000442   COMPRESSED   0x00000002   PAD
    0x20000444        -       0x00000300   Zero   RW           16    .bss                main.o
    0x20000744        -       0x00000254   Zero   RW          289    .bss                freertos.o
    0x20000998        -       0x00000050   Zero   RW          400    .bss                can.o
    0x200009e8        -       0x000000b8   Zero   RW          499    .bss                spi.o
    0x20000aa0        -       0x000004b4   Zero   RW          544    .bss                usart.o
    0x20000f54        -       0x000000f0   Zero   RW         4263    .bss                tasks.o
    0x20001044        -       0x00003c00   Zero   RW         4916    .bss                heap_4.o
    0x20004c44        -       0x00000210   Zero   RW         5272    .bss                exchange_task.o
    0x20004e54        -       0x00000180   Zero   RW         5440    .bss                motor.o
    0x20004fd4        -       0x0000005e   Zero   RW         5470    .bss                remote_control.o
    0x20005032   COMPRESSED   0x00000002   PAD
    0x20005034        -       0x00000680   Zero   RW         5765    .bss                pid.o
    0x200056b4   COMPRESSED   0x00000004   PAD
    0x200056b8        -       0x000000a8   Zero   RW         6051    .bss                imu_temp_control_task.o
    0x20005760        -       0x000002dc   Zero   RW         6385    .bss                usb_device.o
    0x20005a3c        -       0x00000200   Zero   RW         6442    .bss                usbd_desc.o
    0x20005c3c        -       0x00001000   Zero   RW         6534    .bss                usbd_cdc_if.o
    0x20006c3c        -       0x0000072c   Zero   RW         6626    .bss                usbd_conf.o
    0x20007368        -       0x00000060   Zero   RW         7458    .bss                c_w.l(libspace.o)
    0x200073c8        -       0x00002000   Zero   RW            2    HEAP                startup_stm32f446xx.o
    0x200093c8        -       0x00002000   Zero   RW            1    STACK               startup_stm32f446xx.o


==============================================================================

Image component sizes


      Code (inc. data)   RO Data    RW Data    ZI Data      Debug   Object Name

      1030         20          0         44          0       6490   bmi088driver.o
       216         28          0          0          0       4976   bmi088middleware.o
       228         50          0         64          0       3370   bsp_dwt.o
        12          6          0          0          0        510   bsp_imu_pwm.o
       472         46          0          0          0     597477   bsp_rc.o
       552         40          0          4         80       2630   can.o
       788         34          0          0          0       3501   can_user.o
       142          0          0          0          0      23339   cmsis_os.o
        52          6        770          0          0       1543   crc.o
       216          6          0          0          0        930   dma.o
         0          0          0          0          0      17084   event_groups.o
      1156        110          0          0        528       8720   exchange_task.o
       218         40        228         24        596       7775   freertos.o
       328         14          0          0          0       1151   gpio.o
       236         10          0          0          0        846   handle_value.o
       724         74          0         32      15360       7655   heap_4.o
       556         84         24        424        168       3733   imu_temp_control_task.o
     10668        192        408          0          0       4093   imuekf.o
       140         32          0         56          0       2469   ins_task.o
       148          0          0          0          0       3774   list.o
       362         42          0          0        768     741602   main.o
       480         22          0          0          0       3071   mf_user.o
         0          0          0          0        384       1230   motor.o
      1632         72          0          0       1664       5472   pid.o
       592          8          0          0          0       1902   pid_imu.o
      1702        206          0         20          0       6046   pitch_task.o
       894         78          0         12          0      11500   port.o
       832         80          0         10         94       5596   remote_control.o
       272         30          0          0        184       1890   spi.o
        64         26        452          0      16384        876   startup_stm32f446xx.o
       212         36          0          9          0       9509   stm32f4xx_hal.o
      2134          6          0          0          0      14939   stm32f4xx_hal_can.o
       304         22          0          0          0      34695   stm32f4xx_hal_cortex.o
      1436         16          8          0          0       7314   stm32f4xx_hal_dma.o
       496         40          0          0          0       2196   stm32f4xx_hal_gpio.o
        84          6          0          0          0        922   stm32f4xx_hal_msp.o
      3684         16          0          0          0      14368   stm32f4xx_hal_pcd.o
       128          4          0          0          0       2604   stm32f4xx_hal_pcd_ex.o
       464         46          0          0          0       3450   stm32f4xx_hal_rcc.o
      2904         72          0          0          0       4754   stm32f4xx_hal_rcc_ex.o
      1078         14          0          0          0       4825   stm32f4xx_hal_spi.o
      2520         26          0          0          0      15266   stm32f4xx_hal_uart.o
       382        120          0          0          0      14225   stm32f4xx_it.o
      4238         98          0          0          0      24663   stm32f4xx_ll_usb.o
         0          0          0          0          0        432   stream_buffer.o
        20          6         24          4          0       1223   system_stm32f4xx.o
      2190        278          0         60        240      21666   tasks.o
      1396        116          0          0       1204       4835   usart.o
        76         16          0          0        732       2687   usb_device.o
      1690         48          0        138          0      14011   usbd_cdc.o
       148         16          0         20       4096       3770   usbd_cdc_if.o
      1148         32          0          0       1836      19265   usbd_conf.o
      1346          0          0          0          0      17269   usbd_core.o
      2396         22          0          1          0      18444   usbd_ctlreq.o
       402        128          0         94        512       7937   usbd_desc.o
       174          0          0          0          0       4936   usbd_ioreq.o
      3544        476          0         61          0      10431   yaw_task.o

    ----------------------------------------------------------------------
     59368       3016       1952       1092      44836    1761887   Object Totals
         0          0         32          0          0          0   (incl. Generated)
        62          0          6         15          6          0   (incl. Padding)

    ----------------------------------------------------------------------

      Code (inc. data)   RO Data    RW Data    ZI Data      Debug   Library Member Name

        90          0          0          0          0          0   __dczerorl2.o
         8          0          0          0          0         68   __main.o
         0          0          0          0          0          0   __rtentry.o
        12          0          0          0          0          0   __rtentry2.o
         6          0          0          0          0          0   __rtentry4.o
        52          8          0          0          0          0   __scatter.o
        28          0          0          0          0          0   __scatter_zi.o
        22          0          0          0          0        100   _rserrno.o
        18          0          0          0          0         80   exit.o
         6          0          0          0          0        152   heapauxi.o
         0          0          0          0          0          0   indicate_semi.o
         2          0          0          0          0          0   libinit.o
         6          0          0          0          0          0   libinit2.o
         2          0          0          0          0          0   libshutdown.o
         2          0          0          0          0          0   libshutdown2.o
         8          4          0          0         96         68   libspace.o
       238          0          0          0          0        100   lludivv7m.o
         8          4          0          0          0         68   rt_errno_addr_intlibspace.o
        78          0          0          0          0         80   rt_memclr_w.o
       100          0          0          0          0         80   rt_memcpy_w.o
         2          0          0          0          0          0   rtexit.o
        10          0          0          0          0          0   rtexit2.o
        12          4          0          0          0         68   sys_exit.o
        74          0          0          0          0         80   sys_stackheap_outer.o
         2          0          0          0          0         68   use_no_semi.o
        24          0          0          0          0        164   basic.o
        98          4          0          0          0        140   d2f.o
       826         16          0          0          0        492   daddsub_clz.o
        24          0          0          0          0        116   dcmpi.o
       688        140          0          0          0        256   ddiv.o
        46          0          0          0          0        116   dflt_clz.o
       162          0          0          0          0        132   dfltll_clz.o
       120          4          0          0          0        140   dleqf.o
       340         12          0          0          0        152   dmul.o
       156          4          0          0          0        140   dnaninf.o
        12          0          0          0          0        116   dretinf.o
       108          0          0          0          0        128   drleqf.o
        86          4          0          0          0        132   f2d.o
       140          4          0          0          0        132   fnaninf.o
        10          0          0          0          0        116   fpinit.o
        10          0          0          0          0        116   fretinf.o
         0          0          0          0          0          0   usenofp.o
       300         42          0          0          0        176   asinf.o
       684         90          0          0          0        208   atan2f.o
        20          0          0          0          0        124   fabs.o
        38          0          0          0          0        116   fpclassifyf.o
        44         12          0          0          0        464   funder.o
        62          0          0          0          0        136   sqrtf.o

    ----------------------------------------------------------------------
      4804        352          0          0         96       4824   Library Totals
        20          0          0          0          0          0   (incl. Padding)

    ----------------------------------------------------------------------

      Code (inc. data)   RO Data    RW Data    ZI Data      Debug   Library Name

       786         20          0          0         96       1012   c_w.l
      2850        188          0          0          0       2588   fz_wm.l
      1148        144          0          0          0       1224   m_wm.l

    ----------------------------------------------------------------------
      4804        352          0          0         96       4824   Library Totals

    ----------------------------------------------------------------------

==============================================================================


      Code (inc. data)   RO Data    RW Data    ZI Data      Debug   

     64172       3368       1952       1092      44932    1726095   Grand Totals
     64172       3368       1952        348      44932    1726095   ELF Image Totals (compressed)
     64172       3368       1952        348          0          0   ROM Totals

==============================================================================

    Total RO  Size (Code + RO Data)                66124 (  64.57kB)
    Total RW  Size (RW Data + ZI Data)             46024 (  44.95kB)
    Total ROM Size (Code + RO Data + RW Data)      66472 (  64.91kB)

==============================================================================

