<html>
<body>
<pre>
<h1>µVision Build Log</h1>
<h2>Tool Versions:</h2>
IDE-Version: ¦ÌVision V5.38.0.0
Copyright (C) 2022 ARM Ltd and ARM Germany GmbH. All rights reserved.
License Information: 1 LuoYaqi, 1, LIC=TIVNB-2SM7B-PC4J8-3PHQG-ZAPNR-JLDXV
 
Tool Versions:
Toolchain:       MDK-ARM Plus  Version: 5.38.0.0
Toolchain Path:  D:\Software\KeilMDK538\KeilMDK538\ARM\AC5\Bin
C Compiler:      Armcc.exe V5.06 update 7 (build 960)
Assembler:       Armasm.exe V5.06 update 7 (build 960)
Linker/Locator:  ArmLink.exe V5.06 update 7 (build 960)
Library Manager: ArmAr.exe V5.06 update 7 (build 960)
Hex Converter:   FromElf.exe V5.06 update 7 (build 960)
CPU DLL:         SARMCM3.DLL V5.38.0.0
Dialog DLL:      DCM.DLL V1.17.5.0
Target DLL:      STLink\ST-LINKIII-KEIL_SWO.dll V3.1.0.0
Dialog DLL:      TCM.DLL V1.56.4.0
 
<h2>Project:</h2>
D:\Project\RM\Sentry\New\Backup\DAMIAO_A_BMI088\DAMIAO_A(1)\DAMIAO_A\MDK-ARM\DAMIAO_Test.uvprojx
Project File Date:  03/21/2024

<h2>Output:</h2>
*** Using Compiler 'V5.06 update 7 (build 960)', folder: 'D:\Software\KeilMDK538\KeilMDK538\ARM\AC5\Bin'
Rebuild target 'DAMIAO_Test'
assembling startup_stm32f446xx.s...
compiling dma.c...
compiling stm32f4xx_hal_flash_ramfunc.c...
compiling stm32f4xx_hal_dma.c...
compiling stm32f4xx_hal_gpio.c...
compiling spi.c...
compiling stm32f4xx_hal_msp.c...
compiling can.c...
compiling gpio.c...
compiling iwdg.c...
compiling stm32f4xx_hal_pwr_ex.c...
compiling stm32f4xx_hal_pcd.c...
compiling stm32f4xx_hal_flash.c...
compiling stm32f4xx_hal_pcd_ex.c...
compiling croutine.c...
compiling usart.c...
compiling stm32f4xx_hal_flash_ex.c...
compiling list.c...
compiling event_groups.c...
compiling stm32f4xx_hal_rcc.c...
compiling stm32f4xx_hal_dma_ex.c...
compiling timers.c...
compiling stm32f4xx_hal_pwr.c...
compiling stm32f4xx_hal_rcc_ex.c...
compiling stream_buffer.c...
compiling queue.c...
compiling heap_4.c...
compiling main.c...
compiling tasks.c...
compiling stm32f4xx_ll_usb.c...
compiling freertos.c...
compiling stm32f4xx_it.c...
compiling port.c...
compiling cmsis_os.c...
compiling stm32f4xx_hal_cortex.c...
compiling stm32f4xx_hal_iwdg.c...
compiling stm32f4xx_hal_exti.c...
compiling stm32f4xx_hal_can.c...
compiling Motor.c...
compiling stm32f4xx_hal.c...
compiling MF_User.c...
compiling system_stm32f4xx.c...
compiling CRC.c...
compiling stm32f4xx_hal_spi.c...
compiling stm32f4xx_hal_tim.c...
compiling stm32f4xx_hal_tim_ex.c...
compiling imuekf_initialize.c...
compiling imuekf_terminate.c...
compiling rt_nonfinite.c...
compiling bsp_rc.c...
compiling rtGetNaN.c...
compiling rtGetInf.c...
compiling stm32f4xx_hal_uart.c...
compiling imuekf.c...
compiling Ins_task.c...
compiling handle_value.c...
compiling remote_control.c...
compiling Pitch_task.c...
compiling PID.c...
compiling Exchange_task.c...
compiling Communicate.c...
compiling Can_user.c...
compiling Yaw_task.c...
compiling BMI088driver.c...
compiling BMI088Middleware.c...
compiling imu_temp_control_task.c...
compiling pid_imu.c...
compiling bsp_imu_pwm.c...
compiling bsp_dwt.c...
compiling usbd_ioreq.c...
../Drivers/CMSIS/Device/ST/STM32F4xx/Include/stm32f446xx.h(51): warning:  #47-D: incompatible redefinition of macro "__FPU_PRESENT" 
  #define __FPU_PRESENT             1U       /*!< FPU present                                   */
../Middlewares/ST/STM32_USB_Device_Library/Core/Src/usbd_ioreq.c: 1 warning, 0 errors
compiling usbd_ctlreq.c...
../Drivers/CMSIS/Device/ST/STM32F4xx/Include/stm32f446xx.h(51): warning:  #47-D: incompatible redefinition of macro "__FPU_PRESENT" 
  #define __FPU_PRESENT             1U       /*!< FPU present                                   */
../Middlewares/ST/STM32_USB_Device_Library/Core/Src/usbd_ctlreq.c: 1 warning, 0 errors
compiling usbd_desc.c...
../Drivers/CMSIS/Device/ST/STM32F4xx/Include/stm32f446xx.h(51): warning:  #47-D: incompatible redefinition of macro "__FPU_PRESENT" 
  #define __FPU_PRESENT             1U       /*!< FPU present                                   */
../USB_DEVICE/App/usbd_desc.c: 1 warning, 0 errors
compiling usbd_conf.c...
../Drivers/CMSIS/Device/ST/STM32F4xx/Include/stm32f446xx.h(51): warning:  #47-D: incompatible redefinition of macro "__FPU_PRESENT" 
  #define __FPU_PRESENT             1U       /*!< FPU present                                   */
../USB_DEVICE/Target/usbd_conf.c: 1 warning, 0 errors
compiling usbd_cdc.c...
../Drivers/CMSIS/Device/ST/STM32F4xx/Include/stm32f446xx.h(51): warning:  #47-D: incompatible redefinition of macro "__FPU_PRESENT" 
  #define __FPU_PRESENT             1U       /*!< FPU present                                   */
../Middlewares/ST/STM32_USB_Device_Library/Class/CDC/Src/usbd_cdc.c: 1 warning, 0 errors
compiling usb_device.c...
../Drivers/CMSIS/Device/ST/STM32F4xx/Include/stm32f446xx.h(51): warning:  #47-D: incompatible redefinition of macro "__FPU_PRESENT" 
  #define __FPU_PRESENT             1U       /*!< FPU present                                   */
../USB_DEVICE/App/usb_device.c: 1 warning, 0 errors
compiling usbd_core.c...
../Drivers/CMSIS/Device/ST/STM32F4xx/Include/stm32f446xx.h(51): warning:  #47-D: incompatible redefinition of macro "__FPU_PRESENT" 
  #define __FPU_PRESENT             1U       /*!< FPU present                                   */
../Middlewares/ST/STM32_USB_Device_Library/Core/Src/usbd_core.c: 1 warning, 0 errors
compiling usbd_cdc_if.c...
../Drivers/CMSIS/Device/ST/STM32F4xx/Include/stm32f446xx.h(51): warning:  #47-D: incompatible redefinition of macro "__FPU_PRESENT" 
  #define __FPU_PRESENT             1U       /*!< FPU present                                   */
../USER/AlgorithmLayer/PID.h(47): warning:  #1-D: last line of file ends without a newline
  							
../USER/DriverLayer/Can_user.h(14): warning:  #1-D: last line of file ends without a newline
  #endif
../USER/AlgorithmLayer/SolveTrajectory.h(84): warning:  #1-D: last line of file ends without a newline
  #endif /*__SOLVETRAJECTORY_H__*/
../USER/PotocaLayer/Motor.h(31): warning:  #1-D: last line of file ends without a newline
  #endif
../USER/AlgorithmLayer/handle_value.h(8): warning:  #1-D: last line of file ends without a newline
  #endif
../USER/PotocaLayer/MF_User.h(20): warning:  #1-D: last line of file ends without a newline
  #endif
../USER/Task/Exchange_task.h(136): warning:  #1-D: last line of file ends without a newline
  #endif
../USER/Task/Yaw_task.h(30): warning:  #1295-D: Deprecated declaration Yaw_can_send - give arg types
  static void Yaw_can_send();
../USER/Task/Yaw_task.h(37): warning:  #1-D: last line of file ends without a newline
  #endif
../USER/Task/Pitch_task.h(39): warning:  #1-D: last line of file ends without a newline
  #endif
../USER/Task/Exchange_task.h(136): warning:  #1-D: last line of file ends without a newline
  #endif
../USB_DEVICE/App/usbd_cdc_if.c: 12 warnings, 0 errors
linking...
Program Size: Code=64168 RO-data=1948 RW-data=1092 ZI-data=44932  
FromELF: creating hex file...
"DAMIAO_Test\DAMIAO_Test.axf" - 0 Error(s), 19 Warning(s).

<h2>Software Packages used:</h2>

Package Vendor: Keil
                https://www.keil.com/pack/Keil.STM32F4xx_DFP.2.17.1.pack
                Keil.STM32F4xx_DFP.2.17.1
                STMicroelectronics STM32F4 Series Device Support, Drivers and Examples

<h2>Collection of Component include folders:</h2>
  D:/Software/KeilMDK538/KeilMDK538/ARM/Pack/Keil/STM32F4xx_DFP/2.17.1/Drivers/CMSIS/Device/ST/STM32F4xx/Include

<h2>Collection of Component Files used:</h2>
Build Time Elapsed:  00:00:07
</pre>
</body>
</html>
