<html>
<body>
<pre>
<h1>�Vision Build Log</h1>
<h2>Tool Versions:</h2>
IDE-Version: ��Vision V5.38.0.0
Copyright (C) 2022 ARM Ltd and ARM Germany GmbH. All rights reserved.
License Information: 1 LuoYaqi, 1, LIC=TIVNB-2SM7B-PC4J8-3PHQG-ZAPNR-JLDXV
 
Tool Versions:
Toolchain:       MDK-ARM Plus  Version: 5.38.0.0
Toolchain Path:  D:\Software\KeilMDK538\KeilMDK538\ARM\AC5\Bin
C Compiler:      Armcc.exe V5.06 update 7 (build 960)
Assembler:       Armasm.exe V5.06 update 7 (build 960)
Linker/Locator:  ArmLink.exe V5.06 update 7 (build 960)
Library Manager: ArmAr.exe V5.06 update 7 (build 960)
Hex Converter:   FromElf.exe V5.06 update 7 (build 960)
CPU DLL:         SARMCM3.DLL V5.38.0.0
Dialog DLL:      DCM.DLL V1.17.5.0
Target DLL:      STLink\ST-LINKIII-KEIL_SWO.dll V3.1.0.0
Dialog DLL:      TCM.DLL V1.56.4.0
 
<h2>Project:</h2>
D:\Project\RM\Sentry\New\SB_Down\SB_Down\SB_Down\Chassis\MDK-ARM\Chassis.uvprojx
Project File Date:  03/19/2024

<h2>Output:</h2>
*** Using Compiler 'V5.06 update 7 (build 960)', folder: 'D:\Software\KeilMDK538\KeilMDK538\ARM\AC5\Bin'
Build target 'Chassis'
compiling handle_value.c...
..\USER\Task\chassis.h(7): warning:  #1-D: last line of file ends without a newline
  #endif
..\USER\Task\chassis.h(6): warning:  #1295-D: Deprecated declaration Yaw_Diff - give arg types
  void Yaw_Diff();
..\USER\Task\chassis.h(7): warning:  #1-D: last line of file ends without a newline
  #endif
../USER/DriverLayer/drv_can.h(13): warning:  #1-D: last line of file ends without a newline
  #endif
../USER/PotocaLayer/rc_potocal.h(55): warning:  #1-D: last line of file ends without a newline
  #endif
..\USER\handle_value.h(8): warning:  #1-D: last line of file ends without a newline
  #endif
..\USER\handle_value.c(12): warning:  #1035-D: single-precision operand implicitly converted to double-precision
  		alpha = alpha * 180 / PI; //得到角度
..\USER\handle_value.c(17): warning:  #1035-D: single-precision operand implicitly converted to double-precision
  		alpha = alpha * 180 / PI;
..\USER\handle_value.c(23): warning:  #1035-D: single-precision operand implicitly converted to double-precision
  		alpha = alpha * 180 / PI;
..\USER\handle_value.c(73): warning:  #1-D: last line of file ends without a newline
  }
..\USER\handle_value.c(73): warning:  #940-D: missing return statement at end of non-void function "motor_value" 
  }
..\USER\handle_value.c: 11 warnings, 0 errors
compiling drv_usart.c...
..\USER\Task\chassis.h(7): warning:  #1-D: last line of file ends without a newline
  #endif
..\USER\Task\chassis.h(6): warning:  #1295-D: Deprecated declaration Yaw_Diff - give arg types
  void Yaw_Diff();
..\USER\Task\chassis.h(7): warning:  #1-D: last line of file ends without a newline
  #endif
../USER/DriverLayer/drv_can.h(13): warning:  #1-D: last line of file ends without a newline
  #endif
../USER/PotocaLayer/rc_potocal.h(55): warning:  #1-D: last line of file ends without a newline
  #endif
../USER/PotocaLayer/judge.h(351): warning:  #1-D: last line of file ends without a newline
  #endif
..\USER\DriverLayer\drv_usart.c: 6 warnings, 0 errors
compiling channel_changes.c...
..\USER\Control\channel_changes.h(4): warning:  #1295-D: Deprecated declaration translational_control - give arg types
  void translational_control();
..\USER\Control\channel_changes.h(5): warning:  #1295-D: Deprecated declaration compound_control - give arg types
  void compound_control();
..\USER\Control\channel_changes.h(6): warning:  #1295-D: Deprecated declaration rotate_control - give arg types
  void rotate_control();
..\USER\Control\channel_changes.h(7): warning:  #1295-D: Deprecated declaration rotate_control_none - give arg types
  void rotate_control_none();
..\USER\Control\channel_changes.h(8): warning:  #1295-D: Deprecated declaration navigation_control - give arg types
  void navigation_control();
..\USER\Control\channel_changes.h(9): warning:  #1-D: last line of file ends without a newline
  #endif
..\USER\Task\chassis.h(7): warning:  #1-D: last line of file ends without a newline
  #endif
..\USER\Task\chassis.h(6): warning:  #1295-D: Deprecated declaration Yaw_Diff - give arg types
  void Yaw_Diff();
..\USER\Task\chassis.h(7): warning:  #1-D: last line of file ends without a newline
  #endif
../USER/DriverLayer/drv_can.h(13): warning:  #1-D: last line of file ends without a newline
  #endif
../USER/PotocaLayer/rc_potocal.h(55): warning:  #1-D: last line of file ends without a newline
  #endif
../USER/motion_overlay.h(12): warning:  #1295-D: Deprecated declaration rotate_6020 - give arg types
  void rotate_6020();
../USER/motion_overlay.h(14): warning:  #1-D: last line of file ends without a newline
  #endif
../USER/handle_value.h(8): warning:  #1-D: last line of file ends without a newline
  #endif
../USER/DriverLayer/user_can.h(5): warning:  #1295-D: Deprecated declaration CAN1_Init - give arg types
  void CAN1_Init();
../USER/DriverLayer/user_can.h(6): warning:  #1295-D: Deprecated declaration CAN2_Init - give arg types
  void CAN2_Init();
../USER/DriverLayer/user_can.h(26): warning:  #1-D: last line of file ends without a newline
  #endif
../USER/DriverLayer/user_pid.h(21): warning:  #1-D: last line of file ends without a newline
  	
../USER/PotocaLayer/judge.h(351): warning:  #1-D: last line of file ends without a newline
  #endif
..\USER\Control\channel_changes.c: 19 warnings, 0 errors
compiling chassis.c...
..\USER\Task\chassis.h(6): warning:  #1295-D: Deprecated declaration Yaw_Diff - give arg types
  void Yaw_Diff();
..\USER\Task\chassis.h(7): warning:  #1-D: last line of file ends without a newline
  #endif
../USER/DriverLayer/user_can.h(5): warning:  #1295-D: Deprecated declaration CAN1_Init - give arg types
  void CAN1_Init();
../USER/DriverLayer/user_can.h(6): warning:  #1295-D: Deprecated declaration CAN2_Init - give arg types
  void CAN2_Init();
../USER/DriverLayer/user_can.h(26): warning:  #1-D: last line of file ends without a newline
  #endif
../USER/DriverLayer/user_pid.h(21): warning:  #1-D: last line of file ends without a newline
  	
../USER/DriverLayer/drv_can.h(13): warning:  #1-D: last line of file ends without a newline
  #endif
../USER/PotocaLayer/rc_potocal.h(55): warning:  #1-D: last line of file ends without a newline
  #endif
../USER/handle_value.h(8): warning:  #1-D: last line of file ends without a newline
  #endif
../USER/motion_overlay.h(12): warning:  #1295-D: Deprecated declaration rotate_6020 - give arg types
  void rotate_6020();
../USER/motion_overlay.h(14): warning:  #1-D: last line of file ends without a newline
  #endif
../USER/Control/channel_changes.h(4): warning:  #1295-D: Deprecated declaration translational_control - give arg types
  void translational_control();
../USER/Control/channel_changes.h(5): warning:  #1295-D: Deprecated declaration compound_control - give arg types
  void compound_control();
../USER/Control/channel_changes.h(6): warning:  #1295-D: Deprecated declaration rotate_control - give arg types
  void rotate_control();
../USER/Control/channel_changes.h(7): warning:  #1295-D: Deprecated declaration rotate_control_none - give arg types
  void rotate_control_none();
../USER/Control/channel_changes.h(8): warning:  #1295-D: Deprecated declaration navigation_control - give arg types
  void navigation_control();
../USER/Control/channel_changes.h(9): warning:  #1-D: last line of file ends without a newline
  #endif
../USER/PotocaLayer/judge.h(351): warning:  #1-D: last line of file ends without a newline
  #endif
..\USER\Task\chassis.c(124): warning:  #1035-D: single-precision operand implicitly converted to double-precision
  	error_theta = error_theta*3.1415926/180; //转化为弧度制
..\USER\Task\chassis.c(125): warning:  #1-D: last line of file ends without a newline
  }
..\USER\Task\chassis.c: 20 warnings, 0 errors
compiling freertos.c...
..\USER\Task\chassis.h(7): warning:  #1-D: last line of file ends without a newline
  #endif
..\USER\Task\chassis.h(6): warning:  #1295-D: Deprecated declaration Yaw_Diff - give arg types
  void Yaw_Diff();
..\USER\Task\chassis.h(7): warning:  #1-D: last line of file ends without a newline
  #endif
../USER/DriverLayer/drv_can.h(13): warning:  #1-D: last line of file ends without a newline
  #endif
../USER/PotocaLayer/rc_potocal.h(55): warning:  #1-D: last line of file ends without a newline
  #endif
../Core/Src/freertos.c: 5 warnings, 0 errors
compiling rc_potocal.c...
..\USER\Task\chassis.h(7): warning:  #1-D: last line of file ends without a newline
  #endif
..\USER\Task\chassis.h(6): warning:  #1295-D: Deprecated declaration Yaw_Diff - give arg types
  void Yaw_Diff();
..\USER\Task\chassis.h(7): warning:  #1-D: last line of file ends without a newline
  #endif
../USER/DriverLayer/drv_can.h(13): warning:  #1-D: last line of file ends without a newline
  #endif
..\USER\PotocaLayer\rc_potocal.h(55): warning:  #1-D: last line of file ends without a newline
  #endif
../USER/DriverLayer/user_can.h(5): warning:  #1295-D: Deprecated declaration CAN1_Init - give arg types
  void CAN1_Init();
../USER/DriverLayer/user_can.h(6): warning:  #1295-D: Deprecated declaration CAN2_Init - give arg types
  void CAN2_Init();
../USER/DriverLayer/user_can.h(26): warning:  #1-D: last line of file ends without a newline
  #endif
..\USER\PotocaLayer\rc_potocal.c(126): warning:  #1-D: last line of file ends without a newline
  }
..\USER\PotocaLayer\rc_potocal.c: 9 warnings, 0 errors
linking...
Program Size: Code=45228 RO-data=2028 RW-data=580 ZI-data=20892  
FromELF: creating hex file...
"Chassis\Chassis.axf" - 0 Error(s), 70 Warning(s).

<h2>Software Packages used:</h2>

Package Vendor: ARM
                http://www.keil.com/pack/ARM.CMSIS.5.9.0.pack
                ARM.CMSIS.5.9.0
                CMSIS (Common Microcontroller Software Interface Standard)
   * Component: CORE Version: 5.6.0

Package Vendor: Keil
                https://www.keil.com/pack/Keil.STM32F4xx_DFP.2.17.1.pack
                Keil.STM32F4xx_DFP.2.17.1
                STMicroelectronics STM32F4 Series Device Support, Drivers and Examples

<h2>Collection of Component include folders:</h2>
  ./RTE/_Chassis
  D:/Software/KeilMDK538/KeilMDK538/ARM/Pack/ARM/CMSIS/5.9.0/CMSIS/Core/Include
  D:/Software/KeilMDK538/KeilMDK538/ARM/Pack/Keil/STM32F4xx_DFP/2.17.1/Drivers/CMSIS/Device/ST/STM32F4xx/Include

<h2>Collection of Component Files used:</h2>

   * Component: ARM::CMSIS:CORE:5.6.0
      Include file:  CMSIS/Core/Include/tz_context.h
Build Time Elapsed:  00:00:02
</pre>
</body>
</html>
