<html>
<body>
<pre>
<h1>µVision Build Log</h1>
<h2>Tool Versions:</h2>
IDE-Version: ¦ÌVision V5.38.0.0
Copyright (C) 2022 ARM Ltd and ARM Germany GmbH. All rights reserved.
License Information: 1 LuoYaqi, 1, LIC=TIVNB-2SM7B-PC4J8-3PHQG-ZAPNR-JLDXV
 
Tool Versions:
Toolchain:       MDK-ARM Plus  Version: 5.38.0.0
Toolchain Path:  D:\Software\KeilMDK538\KeilMDK538\ARM\AC5\Bin
C Compiler:      Armcc.exe V5.06 update 7 (build 960)
Assembler:       Armasm.exe V5.06 update 7 (build 960)
Linker/Locator:  ArmLink.exe V5.06 update 7 (build 960)
Library Manager: ArmAr.exe V5.06 update 7 (build 960)
Hex Converter:   FromElf.exe V5.06 update 7 (build 960)
CPU DLL:         SARMCM3.DLL V5.38.0.0
Dialog DLL:      DCM.DLL V1.17.5.0
Target DLL:      STLink\ST-LINKIII-KEIL_SWO.dll V3.1.0.0
Dialog DLL:      TCM.DLL V1.56.4.0
 
<h2>Project:</h2>
D:\Project\RM\Sentry\SB_Up\SB_Up\MDK-ARM\SB_Up.uvprojx
Project File Date:  12/19/2023

<h2>Output:</h2>
*** Using Compiler 'V5.06 update 7 (build 960)', folder: 'D:\Software\KeilMDK538\KeilMDK538\ARM\AC5\Bin'
Rebuild target 'SB_Up'
assembling startup_stm32f407xx.s...
compiling tim.c...
compiling can.c...
compiling stm32f4xx_hal_dma.c...
compiling stm32f4xx_hal_pwr.c...
compiling stm32f4xx_hal_flash_ex.c...
compiling stm32f4xx_hal_flash_ramfunc.c...
compiling stm32f4xx_hal_cortex.c...
compiling stm32f4xx_hal_msp.c...
compiling stm32f4xx_hal_flash.c...
compiling gpio.c...
compiling stm32f4xx_hal_rcc_ex.c...
compiling stm32f4xx_hal_pwr_ex.c...
compiling stm32f4xx_hal_dma_ex.c...
compiling dma.c...
compiling stm32f4xx_hal_timebase_tim.c...
compiling croutine.c...
compiling event_groups.c...
compiling stm32f4xx_hal_gpio.c...
compiling list.c...
compiling stm32f4xx_hal_rcc.c...
compiling stm32f4xx_hal_can.c...
compiling spi.c...
compiling timers.c...
compiling usart.c...
compiling queue.c...
compiling stream_buffer.c...
compiling heap_4.c...
compiling tasks.c...
compiling main.c...
compiling port.c...
compiling cmsis_os.c...
compiling freertos.c...
compiling stm32f4xx_it.c...
compiling bsp_delay.c...
compiling handle_value.c...
compiling system_stm32f4xx.c...
compiling pid_imu.c...
compiling BMI088driver.c...
compiling remote_control.c...
compiling stm32f4xx_hal.c...
compiling stm32f4xx_hal_exti.c...
compiling bsp_spi.c...
compiling PID.c...
compiling bsp_rc.c...
compiling bsp_imu_pwm.c...
compiling Motor.c...
compiling MF_User.c...
compiling stm32f4xx_hal_tim_ex.c...
compiling stm32f4xx_hal_uart.c...
compiling BMI088Middleware.c...
compiling stm32f4xx_hal_spi.c...
compiling stm32f4xx_hal_tim.c...
compiling Can_user.c...
compiling INS_task.c...
compiling Yaw_task.c...
linking...
Program Size: Code=35992 RO-data=612 RW-data=384 ZI-data=21136  
FromELF: creating hex file...
"SB_Up\SB_Up.axf" - 0 Error(s), 0 Warning(s).

<h2>Software Packages used:</h2>

Package Vendor: ARM
                http://www.keil.com/pack/ARM.CMSIS.5.9.0.pack
                ARM.CMSIS.5.9.0
                CMSIS (Common Microcontroller Software Interface Standard)
   * Component: CORE Version: 5.6.0

Package Vendor: Keil
                https://www.keil.com/pack/Keil.STM32F4xx_DFP.2.17.1.pack
                Keil.STM32F4xx_DFP.2.17.1
                STMicroelectronics STM32F4 Series Device Support, Drivers and Examples

<h2>Collection of Component include folders:</h2>
  ./RTE/_SB_Up
  D:/Software/KeilMDK538/KeilMDK538/ARM/Pack/ARM/CMSIS/5.9.0/CMSIS/Core/Include
  D:/Software/KeilMDK538/KeilMDK538/ARM/Pack/Keil/STM32F4xx_DFP/2.17.1/Drivers/CMSIS/Device/ST/STM32F4xx/Include

<h2>Collection of Component Files used:</h2>

   * Component: ARM::CMSIS:CORE:5.6.0
      Include file:  CMSIS/Core/Include/tz_context.h
Build Time Elapsed:  00:00:05
</pre>
</body>
</html>
